Archive member included to satisfy reference by file (symbol)

D:/Programs/STM32CubeIDE_1.17.0/STM32CubeIDE/plugins/com.st.stm32cube.ide.mcu.externaltools.gnu-tools-for-stm32.12.3.rel1.win32_1.1.0.202410251130/tools/bin/../lib/gcc/arm-none-eabi/12.3.1/../../../../arm-none-eabi/lib/thumb/v7e-m+fp/hard\libc_nano.a(libc_a-exit.o)
                              D:/Programs/STM32CubeIDE_1.17.0/STM32CubeIDE/plugins/com.st.stm32cube.ide.mcu.externaltools.gnu-tools-for-stm32.12.3.rel1.win32_1.1.0.202410251130/tools/bin/../lib/gcc/arm-none-eabi/12.3.1/../../../../arm-none-eabi/lib/thumb/v7e-m+fp/hard/crt0.o (exit)
D:/Programs/STM32CubeIDE_1.17.0/STM32CubeIDE/plugins/com.st.stm32cube.ide.mcu.externaltools.gnu-tools-for-stm32.12.3.rel1.win32_1.1.0.202410251130/tools/bin/../lib/gcc/arm-none-eabi/12.3.1/../../../../arm-none-eabi/lib/thumb/v7e-m+fp/hard\libc_nano.a(libc_a-findfp.o)
                              D:/Programs/STM32CubeIDE_1.17.0/STM32CubeIDE/plugins/com.st.stm32cube.ide.mcu.externaltools.gnu-tools-for-stm32.12.3.rel1.win32_1.1.0.202410251130/tools/bin/../lib/gcc/arm-none-eabi/12.3.1/../../../../arm-none-eabi/lib/thumb/v7e-m+fp/hard\libc_nano.a(libc_a-exit.o) (__stdio_exit_handler)
D:/Programs/STM32CubeIDE_1.17.0/STM32CubeIDE/plugins/com.st.stm32cube.ide.mcu.externaltools.gnu-tools-for-stm32.12.3.rel1.win32_1.1.0.202410251130/tools/bin/../lib/gcc/arm-none-eabi/12.3.1/../../../../arm-none-eabi/lib/thumb/v7e-m+fp/hard\libc_nano.a(libc_a-fwalk.o)
                              D:/Programs/STM32CubeIDE_1.17.0/STM32CubeIDE/plugins/com.st.stm32cube.ide.mcu.externaltools.gnu-tools-for-stm32.12.3.rel1.win32_1.1.0.202410251130/tools/bin/../lib/gcc/arm-none-eabi/12.3.1/../../../../arm-none-eabi/lib/thumb/v7e-m+fp/hard\libc_nano.a(libc_a-findfp.o) (_fwalk_sglue)
D:/Programs/STM32CubeIDE_1.17.0/STM32CubeIDE/plugins/com.st.stm32cube.ide.mcu.externaltools.gnu-tools-for-stm32.12.3.rel1.win32_1.1.0.202410251130/tools/bin/../lib/gcc/arm-none-eabi/12.3.1/../../../../arm-none-eabi/lib/thumb/v7e-m+fp/hard\libc_nano.a(libc_a-stdio.o)
                              D:/Programs/STM32CubeIDE_1.17.0/STM32CubeIDE/plugins/com.st.stm32cube.ide.mcu.externaltools.gnu-tools-for-stm32.12.3.rel1.win32_1.1.0.202410251130/tools/bin/../lib/gcc/arm-none-eabi/12.3.1/../../../../arm-none-eabi/lib/thumb/v7e-m+fp/hard\libc_nano.a(libc_a-findfp.o) (__sread)
D:/Programs/STM32CubeIDE_1.17.0/STM32CubeIDE/plugins/com.st.stm32cube.ide.mcu.externaltools.gnu-tools-for-stm32.12.3.rel1.win32_1.1.0.202410251130/tools/bin/../lib/gcc/arm-none-eabi/12.3.1/../../../../arm-none-eabi/lib/thumb/v7e-m+fp/hard\libc_nano.a(libc_a-memset.o)
                              D:/Programs/STM32CubeIDE_1.17.0/STM32CubeIDE/plugins/com.st.stm32cube.ide.mcu.externaltools.gnu-tools-for-stm32.12.3.rel1.win32_1.1.0.202410251130/tools/bin/../lib/gcc/arm-none-eabi/12.3.1/../../../../arm-none-eabi/lib/thumb/v7e-m+fp/hard/crt0.o (memset)
D:/Programs/STM32CubeIDE_1.17.0/STM32CubeIDE/plugins/com.st.stm32cube.ide.mcu.externaltools.gnu-tools-for-stm32.12.3.rel1.win32_1.1.0.202410251130/tools/bin/../lib/gcc/arm-none-eabi/12.3.1/../../../../arm-none-eabi/lib/thumb/v7e-m+fp/hard\libc_nano.a(libc_a-closer.o)
                              D:/Programs/STM32CubeIDE_1.17.0/STM32CubeIDE/plugins/com.st.stm32cube.ide.mcu.externaltools.gnu-tools-for-stm32.12.3.rel1.win32_1.1.0.202410251130/tools/bin/../lib/gcc/arm-none-eabi/12.3.1/../../../../arm-none-eabi/lib/thumb/v7e-m+fp/hard\libc_nano.a(libc_a-stdio.o) (_close_r)
D:/Programs/STM32CubeIDE_1.17.0/STM32CubeIDE/plugins/com.st.stm32cube.ide.mcu.externaltools.gnu-tools-for-stm32.12.3.rel1.win32_1.1.0.202410251130/tools/bin/../lib/gcc/arm-none-eabi/12.3.1/../../../../arm-none-eabi/lib/thumb/v7e-m+fp/hard\libc_nano.a(libc_a-reent.o)
                              D:/Programs/STM32CubeIDE_1.17.0/STM32CubeIDE/plugins/com.st.stm32cube.ide.mcu.externaltools.gnu-tools-for-stm32.12.3.rel1.win32_1.1.0.202410251130/tools/bin/../lib/gcc/arm-none-eabi/12.3.1/../../../../arm-none-eabi/lib/thumb/v7e-m+fp/hard\libc_nano.a(libc_a-closer.o) (errno)
D:/Programs/STM32CubeIDE_1.17.0/STM32CubeIDE/plugins/com.st.stm32cube.ide.mcu.externaltools.gnu-tools-for-stm32.12.3.rel1.win32_1.1.0.202410251130/tools/bin/../lib/gcc/arm-none-eabi/12.3.1/../../../../arm-none-eabi/lib/thumb/v7e-m+fp/hard\libc_nano.a(libc_a-impure.o)
                              D:/Programs/STM32CubeIDE_1.17.0/STM32CubeIDE/plugins/com.st.stm32cube.ide.mcu.externaltools.gnu-tools-for-stm32.12.3.rel1.win32_1.1.0.202410251130/tools/bin/../lib/gcc/arm-none-eabi/12.3.1/../../../../arm-none-eabi/lib/thumb/v7e-m+fp/hard\libc_nano.a(libc_a-reent.o) (_impure_ptr)
D:/Programs/STM32CubeIDE_1.17.0/STM32CubeIDE/plugins/com.st.stm32cube.ide.mcu.externaltools.gnu-tools-for-stm32.12.3.rel1.win32_1.1.0.202410251130/tools/bin/../lib/gcc/arm-none-eabi/12.3.1/../../../../arm-none-eabi/lib/thumb/v7e-m+fp/hard\libc_nano.a(libc_a-lseekr.o)
[...]
Memory Configuration

Name             Origin             Length             Attributes
RAM              0x20000000         0x00020000         xrw
FLASH            0x08000000         0x00080000         xr
*default*        0x00000000         0xffffffff

Linker script and memory map

LOAD D:/Programs/STM32CubeIDE_1.17.0/STM32CubeIDE/plugins/com.st.stm32cube.ide.mcu.externaltools.gnu-tools-for-stm32.12.3.rel1.win32_1.1.0.202410251130/tools/bin/../lib/gcc/arm-none-eabi/12.3.1/thumb/v7e-m+fp/hard/crti.o
LOAD D:/Programs/STM32CubeIDE_1.17.0/STM32CubeIDE/plugins/com.st.stm32cube.ide.mcu.externaltools.gnu-tools-for-stm32.12.3.rel1.win32_1.1.0.202410251130/tools/bin/../lib/gcc/arm-none-eabi/12.3.1/thumb/v7e-m+fp/hard/crtbegin.o
LOAD D:/Programs/STM32CubeIDE_1.17.0/STM32CubeIDE/plugins/com.st.stm32cube.ide.mcu.externaltools.gnu-tools-for-stm32.12.3.rel1.win32_1.1.0.202410251130/tools/bin/../lib/gcc/arm-none-eabi/12.3.1/../../../../arm-none-eabi/lib/thumb/v7e-m+fp/hard/crt0.o
LOAD ./Core/Src/main.o
LOAD ./Core/Src/stm32f4xx_hal_msp.o
LOAD ./Core/Src/stm32f4xx_it.o
LOAD ./Core/Src/syscalls.o
LOAD ./Core/Src/sysmem.o
LOAD ./Core/Src/system_stm32f4xx.o
LOAD ./Core/Startup/startup_stm32f411ceux.o
LOAD ./Drivers/STM32F4xx_HAL_Driver/Src/stm32f4xx_hal.o
LOAD ./Drivers/STM32F4xx_HAL_Driver/Src/stm32f4xx_hal_cortex.o
LOAD ./Drivers/STM32F4xx_HAL_Driver/Src/stm32f4xx_hal_dma.o
LOAD ./Drivers/STM32F4xx_HAL_Driver/Src/stm32f4xx_hal_dma_ex.o
LOAD ./Drivers/STM32F4xx_HAL_Driver/Src/stm32f4xx_hal_exti.o
LOAD ./Drivers/STM32F4xx_HAL_Driver/Src/stm32f4xx_hal_flash.o
LOAD ./Drivers/STM32F4xx_HAL_Driver/Src/stm32f4xx_hal_flash_ex.o
LOAD ./Drivers/STM32F4xx_HAL_Driver/Src/stm32f4xx_hal_flash_ramfunc.o
LOAD ./Drivers/STM32F4xx_HAL_Driver/Src/stm32f4xx_hal_gpio.o
LOAD ./Drivers/STM32F4xx_HAL_Driver/Src/stm32f4xx_hal_pcd.o
LOAD ./Drivers/STM32F4xx_HAL_Driver/Src/stm32f4xx_hal_pcd_ex.o
LOAD ./Drivers/STM32F4xx_HAL_Driver/Src/stm32f4xx_hal_pwr.o
LOAD ./Drivers/STM32F4xx_HAL_Driver/Src/stm32f4xx_hal_pwr_ex.o
LOAD ./Drivers/STM32F4xx_HAL_Driver/Src/stm32f4xx_hal_rcc.o
LOAD ./Drivers/STM32F4xx_HAL_Driver/Src/stm32f4xx_hal_rcc_ex.o
LOAD ./Drivers/STM32F4xx_HAL_Driver/Src/stm32f4xx_hal_tim.o
LOAD ./Drivers/STM32F4xx_HAL_Driver/Src/stm32f4xx_hal_tim_ex.o
LOAD ./Drivers/STM32F4xx_HAL_Driver/Src/stm32f4xx_ll_usb.o
LOAD ./Middlewares/ST/STM32_USB_Device_Library/Class/CDC/Src/usbd_cdc.o
LOAD ./Middlewares/ST/STM32_USB_Device_Library/Core/Src/usbd_core.o
LOAD ./Middlewares/ST/STM32_USB_Device_Library/Core/Src/usbd_ctlreq.o
LOAD ./Middlewares/ST/STM32_USB_Device_Library/Core/Src/usbd_ioreq.o
LOAD ./USB_DEVICE/App/usb_device.o
LOAD ./USB_DEVICE/App/usbd_cdc_if.o
LOAD ./USB_DEVICE/App/usbd_desc.o
LOAD ./USB_DEVICE/Target/usbd_conf.o
START GROUP
LOAD D:/Programs/STM32CubeIDE_1.17.0/STM32CubeIDE/plugins/com.st.stm32cube.ide.mcu.externaltools.gnu-tools-for-stm32.12.3.rel1.win32_1.1.0.202410251130/tools/bin/../lib/gcc/arm-none-eabi/12.3.1/../../../../arm-none-eabi/lib/thumb/v7e-m+fp/hard\libc_nano.a
LOAD D:/Programs/STM32CubeIDE_1.17.0/STM32CubeIDE/plugins/com.st.stm32cube.ide.mcu.externaltools.gnu-tools-for-stm32.12.3.rel1.win32_1.1.0.202410251130/tools/bin/../lib/gcc/arm-none-eabi/12.3.1/../../../../arm-none-eabi/lib/thumb/v7e-m+fp/hard\libm.a
END GROUP
START GROUP
LOAD D:/Programs/STM32CubeIDE_1.17.0/STM32CubeIDE/plugins/com.st.stm32cube.ide.mcu.externaltools.gnu-tools-for-stm32.12.3.rel1.win32_1.1.0.202410251130/tools/bin/../lib/gcc/arm-none-eabi/12.3.1/thumb/v7e-m+fp/hard\libgcc.a
LOAD D:/Programs/STM32CubeIDE_1.17.0/STM32CubeIDE/plugins/com.st.stm32cube.ide.mcu.externaltools.gnu-tools-for-stm32.12.3.rel1.win32_1.1.0.202410251130/tools/bin/../lib/gcc/arm-none-eabi/12.3.1/../../../../arm-none-eabi/lib/thumb/v7e-m+fp/hard\libc_nano.a
END GROUP
START GROUP
LOAD D:/Programs/STM32CubeIDE_1.17.0/STM32CubeIDE/plugins/com.st.stm32cube.ide.mcu.externaltools.gnu-tools-for-stm32.12.3.rel1.win32_1.1.0.202410251130/tools/bin/../lib/gcc/arm-none-eabi/12.3.1/thumb/v7e-m+fp/hard\libgcc.a
LOAD D:/Programs/STM32CubeIDE_1.17.0/STM32CubeIDE/plugins/com.st.stm32cube.ide.mcu.externaltools.gnu-tools-for-stm32.12.3.rel1.win32_1.1.0.202410251130/tools/bin/../lib/gcc/arm-none-eabi/12.3.1/../../../../arm-none-eabi/lib/thumb/v7e-m+fp/hard\libc_nano.a
LOAD D:/Programs/STM32CubeIDE_1.17.0/STM32CubeIDE/plugins/com.st.stm32cube.ide.mcu.externaltools.gnu-tools-for-stm32.12.3.rel1.win32_1.1.0.202410251130/tools/bin/../lib/gcc/arm-none-eabi/12.3.1/../../../../arm-none-eabi/lib/thumb/v7e-m+fp/hard\libnosys.a
END GROUP
START GROUP
LOAD D:/Programs/STM32CubeIDE_1.17.0/STM32CubeIDE/plugins/com.st.stm32cube.ide.mcu.externaltools.gnu-tools-for-stm32.12.3.rel1.win32_1.1.0.202410251130/tools/bin/../lib/gcc/arm-none-eabi/12.3.1/thumb/v7e-m+fp/hard\libgcc.a
LOAD D:/Programs/STM32CubeIDE_1.17.0/STM32CubeIDE/plugins/com.st.stm32cube.ide.mcu.externaltools.gnu-tools-for-stm32.12.3.rel1.win32_1.1.0.202410251130/tools/bin/../lib/gcc/arm-none-eabi/12.3.1/../../../../arm-none-eabi/lib/thumb/v7e-m+fp/hard\libc_nano.a
LOAD D:/Programs/STM32CubeIDE_1.17.0/STM32CubeIDE/plugins/com.st.stm32cube.ide.mcu.externaltools.gnu-tools-for-stm32.12.3.rel1.win32_1.1.0.202410251130/tools/bin/../lib/gcc/arm-none-eabi/12.3.1/../../../../arm-none-eabi/lib/thumb/v7e-m+fp/hard\libnosys.a
END GROUP
LOAD D:/Programs/STM32CubeIDE_1.17.0/STM32CubeIDE/plugins/com.st.stm32cube.ide.mcu.externaltools.gnu-tools-for-stm32.12.3.rel1.win32_1.1.0.202410251130/tools/bin/../lib/gcc/arm-none-eabi/12.3.1/thumb/v7e-m+fp/hard/crtend.o
LOAD D:/Programs/STM32CubeIDE_1.17.0/STM32CubeIDE/plugins/com.st.stm32cube.ide.mcu.externaltools.gnu-tools-for-stm32.12.3.rel1.win32_1.1.0.202410251130/tools/bin/../lib/gcc/arm-none-eabi/12.3.1/thumb/v7e-m+fp/hard/crtn.o
                0x20020000                        _estack = (ORIGIN (RAM) + LENGTH (RAM))
                0x00000600                        _Min_Heap_Size = 0x600
                0x00000400                        _Min_Stack_Size = 0x400

.isr_vector     0x08000000      0x198
                0x08000000                        . = ALIGN (0x4)
 *(.isr_vector)
 .isr_vector    0x08000000      0x198 ./Core/Startup/startup_stm32f411ceux.o
                0x08000000                g_pfnVectors
                0x08000198                        . = ALIGN (0x4)

.text           0x08000198     0x8304
                0x08000198                        . = ALIGN (0x4)
 *(.text)
 .text          0x08000198       0x40 D:/Programs/STM32CubeIDE_1.17.0/STM32CubeIDE/plugins/com.st.stm32cube.ide.mcu.externaltools.gnu-tools-for-stm32.12.3.rel1.win32_1.1.0.202410251130/tools/bin/../lib/gcc/arm-none-eabi/12.3.1/thumb/v7e-m+fp/hard/crtbegin.o
 .text          0x080001d8       0x30 D:/Programs/STM32CubeIDE_1.17.0/STM32CubeIDE/plugins/com.st.stm32cube.ide.mcu.externaltools.gnu-tools-for-stm32.12.3.rel1.win32_1.1.0.202410251130/tools/bin/../lib/gcc/arm-none-eabi/12.3.1/thumb/v7e-m+fp/hard\libgcc.a(_aeabi_uldivmod.o)
                0x080001d8                __aeabi_uldivmod
 .text          0x08000208      0x2bc D:/Programs/STM32CubeIDE_1.17.0/STM32CubeIDE/plugins/com.st.stm32cube.ide.mcu.externaltools.gnu-tools-for-stm32.12.3.rel1.win32_1.1.0.202410251130/tools/bin/../lib/gcc/arm-none-eabi/12.3.1/thumb/v7e-m+fp/hard\libgcc.a(_udivmoddi4.o)
                0x08000208                __udivmoddi4
 .text          0x080004c4        0x4 D:/Programs/STM32CubeIDE_1.17.0/STM32CubeIDE/plugins/com.st.stm32cube.ide.mcu.externaltools.gnu-tools-for-stm32.12.3.rel1.win32_1.1.0.202410251130/tools/bin/../lib/gcc/arm-none-eabi/12.3.1/thumb/v7e-m+fp/hard\libgcc.a(_dvmd_tls.o)
                0x080004c4                __aeabi_idiv0
                0x080004c4                __aeabi_ldiv0
 *(.text*)
 .text.main     0x080004c8      0x2a8 ./Core/Src/main.o
                0x080004c8                main
 .text.SystemClock_Config
                0x08000770       0xd0 ./Core/Src/main.o
                0x08000770                SystemClock_Config
 .text.MX_TIM2_Init
                0x08000840       0x98 ./Core/Src/main.o
 .text.MX_TIM3_Init
                0x080008d8       0xf0 ./Core/Src/main.o
 .text.MX_GPIO_Init
                0x080009c8      0x130 ./Core/Src/main.o
 .text.USB_RXCallBack
                0x08000af8       0x24 ./Core/Src/main.o
                0x08000af8                USB_RXCallBack
 .text.HAL_TIM_PeriodElapsedCallback
                0x08000b1c       0x68 ./Core/Src/main.o
                0x08000b1c                HAL_TIM_PeriodElapsedCallback
 .text.Error_Handler
                0x08000b84        0xc ./Core/Src/main.o
                0x08000b84                Error_Handler
 .text.HAL_MspInit
                0x08000b90       0x50 ./Core/Src/stm32f4xx_hal_msp.o
                0x08000b90                HAL_MspInit
 .text.HAL_TIM_Base_MspInit
                0x08000be0       0x88 ./Core/Src/stm32f4xx_hal_msp.o
                0x08000be0                HAL_TIM_Base_MspInit
 .text.HAL_TIM_MspPostInit
                0x08000c68       0x74 ./Core/Src/stm32f4xx_hal_msp.o
                0x08000c68                HAL_TIM_MspPostInit
 .text.NMI_Handler
                0x08000cdc        0x8 ./Core/Src/stm32f4xx_it.o
                0x08000cdc                NMI_Handler
 .text.HardFault_Handler
                0x08000ce4        0x8 ./Core/Src/stm32f4xx_it.o
                0x08000ce4                HardFault_Handler
 .text.MemManage_Handler
                0x08000cec        0x8 ./Core/Src/stm32f4xx_it.o
                0x08000cec                MemManage_Handler
 .text.BusFault_Handler
                0x08000cf4        0x8 ./Core/Src/stm32f4xx_it.o
                0x08000cf4                BusFault_Handler
 .text.UsageFault_Handler
                0x08000cfc        0x8 ./Core/Src/stm32f4xx_it.o
                0x08000cfc                UsageFault_Handler
 .text.SVC_Handler
                0x08000d04        0xe ./Core/Src/stm32f4xx_it.o
                0x08000d04                SVC_Handler
 .text.DebugMon_Handler
                0x08000d12        0xe ./Core/Src/stm32f4xx_it.o
                0x08000d12                DebugMon_Handler
 .text.PendSV_Handler
                0x08000d20        0xe ./Core/Src/stm32f4xx_it.o
                0x08000d20                PendSV_Handler
 .text.SysTick_Handler
                0x08000d2e        0xc ./Core/Src/stm32f4xx_it.o
                0x08000d2e                SysTick_Handler
 *fill*         0x08000d3a        0x2 
 .text.TIM2_IRQHandler
                0x08000d3c       0x14 ./Core/Src/stm32f4xx_it.o
                0x08000d3c                TIM2_IRQHandler
 .text.TIM3_IRQHandler
                0x08000d50       0x14 ./Core/Src/stm32f4xx_it.o
                0x08000d50                TIM3_IRQHandler
 .text.OTG_FS_IRQHandler
                0x08000d64       0x14 ./Core/Src/stm32f4xx_it.o
                0x08000d64                OTG_FS_IRQHandler
 .text.SystemInit
                0x08000d78       0x24 ./Core/Src/system_stm32f4xx.o
                0x08000d78                SystemInit
 .text.Reset_Handler
                0x08000d9c       0x50 ./Core/Startup/startup_stm32f411ceux.o
                0x08000d9c                Reset_Handler
 .text.Default_Handler
                0x08000dec        0x2 ./Core/Startup/startup_stm32f411ceux.o
                0x08000dec                RTC_Alarm_IRQHandler
                0x08000dec                EXTI2_IRQHandler
                0x08000dec                SPI4_IRQHandler
                0x08000dec                TIM1_CC_IRQHandler
                0x08000dec                DMA2_Stream5_IRQHandler
                0x08000dec                DMA1_Stream5_IRQHandler
                0x08000dec                PVD_IRQHandler
                0x08000dec                SDIO_IRQHandler
                0x08000dec                TAMP_STAMP_IRQHandler
                0x08000dec                EXTI3_IRQHandler
                0x08000dec                TIM1_UP_TIM10_IRQHandler
                0x08000dec                I2C3_ER_IRQHandler
                0x08000dec                EXTI0_IRQHandler
                0x08000dec                I2C2_EV_IRQHandler
                0x08000dec                DMA1_Stream2_IRQHandler
                0x08000dec                FPU_IRQHandler
                0x08000dec                DMA2_Stream2_IRQHandler
                0x08000dec                SPI1_IRQHandler
                0x08000dec                TIM1_BRK_TIM9_IRQHandler
                0x08000dec                DMA2_Stream3_IRQHandler
                0x08000dec                USART6_IRQHandler
                0x08000dec                DMA2_Stream0_IRQHandler
                0x08000dec                TIM4_IRQHandler
                0x08000dec                I2C1_EV_IRQHandler
                0x08000dec                DMA1_Stream6_IRQHandler
                0x08000dec                DMA1_Stream1_IRQHandler
                0x08000dec                RCC_IRQHandler
                0x08000dec                Default_Handler
                0x08000dec                EXTI15_10_IRQHandler
                0x08000dec                ADC_IRQHandler
                0x08000dec                DMA1_Stream7_IRQHandler
                0x08000dec                SPI5_IRQHandler
                0x08000dec                TIM5_IRQHandler
                0x08000dec                DMA2_Stream7_IRQHandler
                0x08000dec                I2C3_EV_IRQHandler
                0x08000dec                EXTI9_5_IRQHandler
                0x08000dec                RTC_WKUP_IRQHandler
                0x08000dec                SPI2_IRQHandler
                0x08000dec                DMA1_Stream0_IRQHandler
                0x08000dec                EXTI4_IRQHandler
                0x08000dec                WWDG_IRQHandler
                0x08000dec                OTG_FS_WKUP_IRQHandler
                0x08000dec                TIM1_TRG_COM_TIM11_IRQHandler
                0x08000dec                EXTI1_IRQHandler
                0x08000dec                USART2_IRQHandler
                0x08000dec                I2C2_ER_IRQHandler
                0x08000dec                DMA2_Stream1_IRQHandler
                0x08000dec                FLASH_IRQHandler
                0x08000dec                DMA2_Stream4_IRQHandler
                0x08000dec                USART1_IRQHandler
                0x08000dec                SPI3_IRQHandler
                0x08000dec                DMA1_Stream4_IRQHandler
                0x08000dec                I2C1_ER_IRQHandler
                0x08000dec                DMA2_Stream6_IRQHandler
                0x08000dec                DMA1_Stream3_IRQHandler
 *fill*         0x08000dee        0x2 
 .text.HAL_Init
                0x08000df0       0x44 ./Drivers/STM32F4xx_HAL_Driver/Src/stm32f4xx_hal.o
                0x08000df0                HAL_Init
 .text.HAL_InitTick
                0x08000e34       0x60 ./Drivers/STM32F4xx_HAL_Driver/Src/stm32f4xx_hal.o
                0x08000e34                HAL_InitTick
 .text.HAL_IncTick
                0x08000e94       0x28 ./Drivers/STM32F4xx_HAL_Driver/Src/stm32f4xx_hal.o
                0x08000e94                HAL_IncTick
 .text.HAL_GetTick
                0x08000ebc       0x18 ./Drivers/STM32F4xx_HAL_Driver/Src/stm32f4xx_hal.o
                0x08000ebc                HAL_GetTick
 .text.HAL_Delay
                0x08000ed4       0x48 ./Drivers/STM32F4xx_HAL_Driver/Src/stm32f4xx_hal.o
                0x08000ed4                HAL_Delay
 .text.__NVIC_SetPriorityGrouping
                0x08000f1c       0x48 ./Drivers/STM32F4xx_HAL_Driver/Src/stm32f4xx_hal_cortex.o
 .text.__NVIC_GetPriorityGrouping
                0x08000f64       0x1c ./Drivers/STM32F4xx_HAL_Driver/Src/stm32f4xx_hal_cortex.o
 .text.__NVIC_EnableIRQ
                0x08000f80       0x3c ./Drivers/STM32F4xx_HAL_Driver/Src/stm32f4xx_hal_cortex.o
 .text.__NVIC_SetPriority
                0x08000fbc       0x54 ./Drivers/STM32F4xx_HAL_Driver/Src/stm32f4xx_hal_cortex.o
 .text.NVIC_EncodePriority
                0x08001010       0x66 ./Drivers/STM32F4xx_HAL_Driver/Src/stm32f4xx_hal_cortex.o
 *fill*         0x08001076        0x2 
 .text.SysTick_Config
                0x08001078       0x44 ./Drivers/STM32F4xx_HAL_Driver/Src/stm32f4xx_hal_cortex.o
 .text.HAL_NVIC_SetPriorityGrouping
                0x080010bc       0x16 ./Drivers/STM32F4xx_HAL_Driver/Src/stm32f4xx_hal_cortex.o
                0x080010bc                HAL_NVIC_SetPriorityGrouping
 .text.HAL_NVIC_SetPriority
                0x080010d2       0x38 ./Drivers/STM32F4xx_HAL_Driver/Src/stm32f4xx_hal_cortex.o
                0x080010d2                HAL_NVIC_SetPriority
 .text.HAL_NVIC_EnableIRQ
                0x0800110a       0x1c ./Drivers/STM32F4xx_HAL_Driver/Src/stm32f4xx_hal_cortex.o
                0x0800110a                HAL_NVIC_EnableIRQ
 .text.HAL_SYSTICK_Config
                0x08001126       0x18 ./Drivers/STM32F4xx_HAL_Driver/Src/stm32f4xx_hal_cortex.o
                0x08001126                HAL_SYSTICK_Config
 *fill*         0x0800113e        0x2 
 .text.HAL_GPIO_Init
                0x08001140      0x308 ./Drivers/STM32F4xx_HAL_Driver/Src/stm32f4xx_hal_gpio.o
                0x08001140                HAL_GPIO_Init
 .text.HAL_GPIO_ReadPin
                0x08001448       0x30 ./Drivers/STM32F4xx_HAL_Driver/Src/stm32f4xx_hal_gpio.o
                0x08001448                HAL_GPIO_ReadPin
 .text.HAL_GPIO_WritePin
                0x08001478       0x32 ./Drivers/STM32F4xx_HAL_Driver/Src/stm32f4xx_hal_gpio.o
                0x08001478                HAL_GPIO_WritePin
 .text.HAL_PCD_Init
                0x080014aa      0x21e ./Drivers/STM32F4xx_HAL_Driver/Src/stm32f4xx_hal_pcd.o
                0x080014aa                HAL_PCD_Init
 .text.HAL_PCD_Start
                0x080016c8       0x6a ./Drivers/STM32F4xx_HAL_Driver/Src/stm32f4xx_hal_pcd.o
                0x080016c8                HAL_PCD_Start
 .text.HAL_PCD_IRQHandler
                0x08001732      0x942 ./Drivers/STM32F4xx_HAL_Driver/Src/stm32f4xx_hal_pcd.o
                0x08001732                HAL_PCD_IRQHandler
 .text.HAL_PCD_SetAddress
                0x08002074       0x48 ./Drivers/STM32F4xx_HAL_Driver/Src/stm32f4xx_hal_pcd.o
                0x08002074                HAL_PCD_SetAddress
 .text.HAL_PCD_EP_Open
                0x080020bc       0xd4 ./Drivers/STM32F4xx_HAL_Driver/Src/stm32f4xx_hal_pcd.o
                0x080020bc                HAL_PCD_EP_Open
 .text.HAL_PCD_EP_Close
                0x08002190       0x94 ./Drivers/STM32F4xx_HAL_Driver/Src/stm32f4xx_hal_pcd.o
                0x08002190                HAL_PCD_EP_Close
 .text.HAL_PCD_EP_Receive
                0x08002224       0x76 ./Drivers/STM32F4xx_HAL_Driver/Src/stm32f4xx_hal_pcd.o
                0x08002224                HAL_PCD_EP_Receive
 .text.HAL_PCD_EP_GetRxCount
                0x0800229a       0x30 ./Drivers/STM32F4xx_HAL_Driver/Src/stm32f4xx_hal_pcd.o
                0x0800229a                HAL_PCD_EP_GetRxCount
 .text.HAL_PCD_EP_Transmit
                0x080022ca       0x74 ./Drivers/STM32F4xx_HAL_Driver/Src/stm32f4xx_hal_pcd.o
                0x080022ca                HAL_PCD_EP_Transmit
 .text.HAL_PCD_EP_SetStall
                0x0800233e       0xc6 ./Drivers/STM32F4xx_HAL_Driver/Src/stm32f4xx_hal_pcd.o
                0x0800233e                HAL_PCD_EP_SetStall
 .text.HAL_PCD_EP_ClrStall
                0x08002404       0xac ./Drivers/STM32F4xx_HAL_Driver/Src/stm32f4xx_hal_pcd.o
                0x08002404                HAL_PCD_EP_ClrStall
 .text.HAL_PCD_EP_Abort
                0x080024b0       0x62 ./Drivers/STM32F4xx_HAL_Driver/Src/stm32f4xx_hal_pcd.o
                0x080024b0                HAL_PCD_EP_Abort
 .text.PCD_WriteEmptyTxFifo
                0x08002512      0x118 ./Drivers/STM32F4xx_HAL_Driver/Src/stm32f4xx_hal_pcd.o
 *fill*         0x0800262a        0x2 
 .text.PCD_EP_OutXfrComplete_int
                0x0800262c      0x1d0 ./Drivers/STM32F4xx_HAL_Driver/Src/stm32f4xx_hal_pcd.o
 .text.PCD_EP_OutSetupPacket_int
                0x080027fc       0x8c ./Drivers/STM32F4xx_HAL_Driver/Src/stm32f4xx_hal_pcd.o
 .text.HAL_PCDEx_SetTxFiFo
                0x08002888       0x8e ./Drivers/STM32F4xx_HAL_Driver/Src/stm32f4xx_hal_pcd_ex.o
                0x08002888                HAL_PCDEx_SetTxFiFo
 .text.HAL_PCDEx_SetRxFiFo
                0x08002916       0x22 ./Drivers/STM32F4xx_HAL_Driver/Src/stm32f4xx_hal_pcd_ex.o
                0x08002916                HAL_PCDEx_SetRxFiFo
 .text.HAL_PCDEx_LPM_Callback
                0x08002938       0x18 ./Drivers/STM32F4xx_HAL_Driver/Src/stm32f4xx_hal_pcd_ex.o
                0x08002938                HAL_PCDEx_LPM_Callback
 .text.HAL_RCC_OscConfig
                0x08002950      0x4f0 ./Drivers/STM32F4xx_HAL_Driver/Src/stm32f4xx_hal_rcc.o
                0x08002950                HAL_RCC_OscConfig
 .text.HAL_RCC_ClockConfig
                0x08002e40      0x1cc ./Drivers/STM32F4xx_HAL_Driver/Src/stm32f4xx_hal_rcc.o
                0x08002e40                HAL_RCC_ClockConfig
 .text.HAL_RCC_GetSysClockFreq
                0x0800300c      0x18c ./Drivers/STM32F4xx_HAL_Driver/Src/stm32f4xx_hal_rcc.o
                0x0800300c                HAL_RCC_GetSysClockFreq
 .text.HAL_RCC_GetHCLKFreq
                0x08003198       0x18 ./Drivers/STM32F4xx_HAL_Driver/Src/stm32f4xx_hal_rcc.o
                0x08003198                HAL_RCC_GetHCLKFreq
 .text.HAL_TIM_Base_Init
                0x080031b0       0x9e ./Drivers/STM32F4xx_HAL_Driver/Src/stm32f4xx_hal_tim.o
                0x080031b0                HAL_TIM_Base_Init
 *fill*         0x0800324e        0x2 
 .text.HAL_TIM_Base_Start_IT
                0x08003250       0xc4 ./Drivers/STM32F4xx_HAL_Driver/Src/stm32f4xx_hal_tim.o
                0x08003250                HAL_TIM_Base_Start_IT
 .text.HAL_TIM_Base_Stop_IT
                0x08003314       0x5e ./Drivers/STM32F4xx_HAL_Driver/Src/stm32f4xx_hal_tim.o
                0x08003314                HAL_TIM_Base_Stop_IT
 .text.HAL_TIM_PWM_Init
                0x08003372       0x9e ./Drivers/STM32F4xx_HAL_Driver/Src/stm32f4xx_hal_tim.o
                0x08003372                HAL_TIM_PWM_Init
 .text.HAL_TIM_PWM_MspInit
                0x08003410       0x14 ./Drivers/STM32F4xx_HAL_Driver/Src/stm32f4xx_hal_tim.o
                0x08003410                HAL_TIM_PWM_MspInit
 .text.HAL_TIM_PWM_Start_IT
                0x08003424      0x1fc ./Drivers/STM32F4xx_HAL_Driver/Src/stm32f4xx_hal_tim.o
                0x08003424                HAL_TIM_PWM_Start_IT
 .text.HAL_TIM_PWM_Stop_IT
                0x08003620      0x164 ./Drivers/STM32F4xx_HAL_Driver/Src/stm32f4xx_hal_tim.o
                0x08003620                HAL_TIM_PWM_Stop_IT
 .text.HAL_TIM_IRQHandler
                0x08003784      0x1e0 ./Drivers/STM32F4xx_HAL_Driver/Src/stm32f4xx_hal_tim.o
                0x08003784                HAL_TIM_IRQHandler
 .text.HAL_TIM_PWM_ConfigChannel
                0x08003964      0x184 ./Drivers/STM32F4xx_HAL_Driver/Src/stm32f4xx_hal_tim.o
                0x08003964                HAL_TIM_PWM_ConfigChannel
 .text.HAL_TIM_ConfigClockSource
                0x08003ae8      0x18e ./Drivers/STM32F4xx_HAL_Driver/Src/stm32f4xx_hal_tim.o
                0x08003ae8                HAL_TIM_ConfigClockSource
 .text.HAL_TIM_OC_DelayElapsedCallback
                0x08003c76       0x14 ./Drivers/STM32F4xx_HAL_Driver/Src/stm32f4xx_hal_tim.o
                0x08003c76                HAL_TIM_OC_DelayElapsedCallback
 .text.HAL_TIM_IC_CaptureCallback
                0x08003c8a       0x14 ./Drivers/STM32F4xx_HAL_Driver/Src/stm32f4xx_hal_tim.o
                0x08003c8a                HAL_TIM_IC_CaptureCallback
 .text.HAL_TIM_PWM_PulseFinishedCallback
                0x08003c9e       0x14 ./Drivers/STM32F4xx_HAL_Driver/Src/stm32f4xx_hal_tim.o
                0x08003c9e                HAL_TIM_PWM_PulseFinishedCallback
 .text.HAL_TIM_TriggerCallback
                0x08003cb2       0x14 ./Drivers/STM32F4xx_HAL_Driver/Src/stm32f4xx_hal_tim.o
                0x08003cb2                HAL_TIM_TriggerCallback
 *fill*         0x08003cc6        0x2 
 .text.TIM_Base_SetConfig
                0x08003cc8      0x10c ./Drivers/STM32F4xx_HAL_Driver/Src/stm32f4xx_hal_tim.o
                0x08003cc8                TIM_Base_SetConfig
 .text.TIM_OC1_SetConfig
                0x08003dd4       0xcc ./Drivers/STM32F4xx_HAL_Driver/Src/stm32f4xx_hal_tim.o
 .text.TIM_OC2_SetConfig
                0x08003ea0       0xd8 ./Drivers/STM32F4xx_HAL_Driver/Src/stm32f4xx_hal_tim.o
                0x08003ea0                TIM_OC2_SetConfig
 .text.TIM_OC3_SetConfig
                0x08003f78       0xd4 ./Drivers/STM32F4xx_HAL_Driver/Src/stm32f4xx_hal_tim.o
 .text.TIM_OC4_SetConfig
                0x0800404c       0xa0 ./Drivers/STM32F4xx_HAL_Driver/Src/stm32f4xx_hal_tim.o
 .text.TIM_TI1_ConfigInputStage
                0x080040ec       0x5e ./Drivers/STM32F4xx_HAL_Driver/Src/stm32f4xx_hal_tim.o
 .text.TIM_TI2_ConfigInputStage
                0x0800414a       0x60 ./Drivers/STM32F4xx_HAL_Driver/Src/stm32f4xx_hal_tim.o
 .text.TIM_ITRx_SetConfig
                0x080041aa       0x36 ./Drivers/STM32F4xx_HAL_Driver/Src/stm32f4xx_hal_tim.o
 .text.TIM_ETR_SetConfig
                0x080041e0       0x40 ./Drivers/STM32F4xx_HAL_Driver/Src/stm32f4xx_hal_tim.o
                0x080041e0                TIM_ETR_SetConfig
 .text.TIM_CCxChannelCmd
                0x08004220       0x4a ./Drivers/STM32F4xx_HAL_Driver/Src/stm32f4xx_hal_tim.o
                0x08004220                TIM_CCxChannelCmd
 *fill*         0x0800426a        0x2 
 .text.HAL_TIMEx_MasterConfigSynchronization
                0x0800426c       0xdc ./Drivers/STM32F4xx_HAL_Driver/Src/stm32f4xx_hal_tim_ex.o
                0x0800426c                HAL_TIMEx_MasterConfigSynchronization
 .text.HAL_TIMEx_CommutCallback
                0x08004348       0x14 ./Drivers/STM32F4xx_HAL_Driver/Src/stm32f4xx_hal_tim_ex.o
                0x08004348                HAL_TIMEx_CommutCallback
 .text.HAL_TIMEx_BreakCallback
                0x0800435c       0x14 ./Drivers/STM32F4xx_HAL_Driver/Src/stm32f4xx_hal_tim_ex.o
                0x0800435c                HAL_TIMEx_BreakCallback
 .text.USB_CoreInit
                0x08004370       0xc8 ./Drivers/STM32F4xx_HAL_Driver/Src/stm32f4xx_ll_usb.o
                0x08004370                USB_CoreInit
 .text.USB_SetTurnaroundTime
                0x08004438      0x144 ./Drivers/STM32F4xx_HAL_Driver/Src/stm32f4xx_ll_usb.o
                0x08004438                USB_SetTurnaroundTime
 .text.USB_EnableGlobalInt
                0x0800457c       0x22 ./Drivers/STM32F4xx_HAL_Driver/Src/stm32f4xx_ll_usb.o
                0x0800457c                USB_EnableGlobalInt
 .text.USB_DisableGlobalInt
                0x0800459e       0x22 ./Drivers/STM32F4xx_HAL_Driver/Src/stm32f4xx_ll_usb.o
                0x0800459e                USB_DisableGlobalInt
 .text.USB_SetCurrentMode
                0x080045c0       0x98 ./Drivers/STM32F4xx_HAL_Driver/Src/stm32f4xx_ll_usb.o
                0x080045c0                USB_SetCurrentMode
 .text.USB_DevInit
                0x08004658      0x2c8 ./Drivers/STM32F4xx_HAL_Driver/Src/stm32f4xx_ll_usb.o
                0x08004658                USB_DevInit
 .text.USB_FlushTxFifo
                0x08004920       0x64 ./Drivers/STM32F4xx_HAL_Driver/Src/stm32f4xx_ll_usb.o
                0x08004920                USB_FlushTxFifo
 .text.USB_FlushRxFifo
                0x08004984       0x5c ./Drivers/STM32F4xx_HAL_Driver/Src/stm32f4xx_ll_usb.o
                0x08004984                USB_FlushRxFifo
 .text.USB_SetDevSpeed
                0x080049e0       0x32 ./Drivers/STM32F4xx_HAL_Driver/Src/stm32f4xx_ll_usb.o
                0x080049e0                USB_SetDevSpeed
 .text.USB_GetDevSpeed
                0x08004a12       0x4a ./Drivers/STM32F4xx_HAL_Driver/Src/stm32f4xx_ll_usb.o
                0x08004a12                USB_GetDevSpeed
 .text.USB_ActivateEndpoint
                0x08004a5c      0x10e ./Drivers/STM32F4xx_HAL_Driver/Src/stm32f4xx_ll_usb.o
                0x08004a5c                USB_ActivateEndpoint
 *fill*         0x08004b6a        0x2 
 .text.USB_DeactivateEndpoint
                0x08004b6c      0x1b8 ./Drivers/STM32F4xx_HAL_Driver/Src/stm32f4xx_ll_usb.o
                0x08004b6c                USB_DeactivateEndpoint
 .text.USB_EPStartXfer
                0x08004d24      0x53c ./Drivers/STM32F4xx_HAL_Driver/Src/stm32f4xx_ll_usb.o
                0x08004d24                USB_EPStartXfer
 .text.USB_EPStopXfer
                0x08005260      0x154 ./Drivers/STM32F4xx_HAL_Driver/Src/stm32f4xx_ll_usb.o
                0x08005260                USB_EPStopXfer
 .text.USB_WritePacket
                0x080053b4       0x7c ./Drivers/STM32F4xx_HAL_Driver/Src/stm32f4xx_ll_usb.o
                0x080053b4                USB_WritePacket
 .text.USB_ReadPacket
                0x08005430       0xb0 ./Drivers/STM32F4xx_HAL_Driver/Src/stm32f4xx_ll_usb.o
                0x08005430                USB_ReadPacket
 .text.USB_EPSetStall
                0x080054e0       0xdc ./Drivers/STM32F4xx_HAL_Driver/Src/stm32f4xx_ll_usb.o
                0x080054e0                USB_EPSetStall
 .text.USB_EPClearStall
                0x080055bc       0xcc ./Drivers/STM32F4xx_HAL_Driver/Src/stm32f4xx_ll_usb.o
                0x080055bc                USB_EPClearStall
 .text.USB_SetDevAddress
                0x08005688       0x4c ./Drivers/STM32F4xx_HAL_Driver/Src/stm32f4xx_ll_usb.o
                0x08005688                USB_SetDevAddress
 .text.USB_DevConnect
                0x080056d4       0x42 ./Drivers/STM32F4xx_HAL_Driver/Src/stm32f4xx_ll_usb.o
                0x080056d4                USB_DevConnect
 .text.USB_DevDisconnect
                0x08005716       0x42 ./Drivers/STM32F4xx_HAL_Driver/Src/stm32f4xx_ll_usb.o
                0x08005716                USB_DevDisconnect
 .text.USB_ReadInterrupts
                0x08005758       0x26 ./Drivers/STM32F4xx_HAL_Driver/Src/stm32f4xx_ll_usb.o
                0x08005758                USB_ReadInterrupts
 .text.USB_ReadDevAllOutEpInterrupt
                0x0800577e       0x34 ./Drivers/STM32F4xx_HAL_Driver/Src/stm32f4xx_ll_usb.o
                0x0800577e                USB_ReadDevAllOutEpInterrupt
 .text.USB_ReadDevAllInEpInterrupt
                0x080057b2       0x34 ./Drivers/STM32F4xx_HAL_Driver/Src/stm32f4xx_ll_usb.o
                0x080057b2                USB_ReadDevAllInEpInterrupt
 .text.USB_ReadDevOutEPInterrupt
                0x080057e6       0x3c ./Drivers/STM32F4xx_HAL_Driver/Src/stm32f4xx_ll_usb.o
                0x080057e6                USB_ReadDevOutEPInterrupt
 .text.USB_ReadDevInEPInterrupt
                0x08005822       0x5c ./Drivers/STM32F4xx_HAL_Driver/Src/stm32f4xx_ll_usb.o
                0x08005822                USB_ReadDevInEPInterrupt
 .text.USB_GetMode
                0x0800587e       0x1c ./Drivers/STM32F4xx_HAL_Driver/Src/stm32f4xx_ll_usb.o
                0x0800587e                USB_GetMode
 .text.USB_ActivateSetup
                0x0800589a       0x46 ./Drivers/STM32F4xx_HAL_Driver/Src/stm32f4xx_ll_usb.o
                0x0800589a                USB_ActivateSetup
 .text.USB_EP0_OutStart
                0x080058e0       0xbc ./Drivers/STM32F4xx_HAL_Driver/Src/stm32f4xx_ll_usb.o
                0x080058e0                USB_EP0_OutStart
 .text.USB_CoreReset
                0x0800599c       0x70 ./Drivers/STM32F4xx_HAL_Driver/Src/stm32f4xx_ll_usb.o
 .text.USBD_CDC_Init
                0x08005a0c      0x1f0 ./Middlewares/ST/STM32_USB_Device_Library/Class/CDC/Src/usbd_cdc.o
 .text.USBD_CDC_DeInit
                0x08005bfc      0x104 ./Middlewares/ST/STM32_USB_Device_Library/Class/CDC/Src/usbd_cdc.o
 .text.USBD_CDC_Setup
                0x08005d00      0x1b8 ./Middlewares/ST/STM32_USB_Device_Library/Class/CDC/Src/usbd_cdc.o
 .text.USBD_CDC_DataIn
                0x08005eb8       0xfe ./Middlewares/ST/STM32_USB_Device_Library/Class/CDC/Src/usbd_cdc.o
 .text.USBD_CDC_DataOut
                0x08005fb6       0x70 ./Middlewares/ST/STM32_USB_Device_Library/Class/CDC/Src/usbd_cdc.o
 .text.USBD_CDC_EP0_RxReady
                0x08006026       0x74 ./Middlewares/ST/STM32_USB_Device_Library/Class/CDC/Src/usbd_cdc.o
 *fill*         0x0800609a        0x2 
 .text.USBD_CDC_GetFSCfgDesc
                0x0800609c       0x70 ./Middlewares/ST/STM32_USB_Device_Library/Class/CDC/Src/usbd_cdc.o
 .text.USBD_CDC_GetHSCfgDesc
                0x0800610c       0x70 ./Middlewares/ST/STM32_USB_Device_Library/Class/CDC/Src/usbd_cdc.o
 .text.USBD_CDC_GetOtherSpeedCfgDesc
                0x0800617c       0x70 ./Middlewares/ST/STM32_USB_Device_Library/Class/CDC/Src/usbd_cdc.o
 .text.USBD_CDC_GetDeviceQualifierDescriptor
                0x080061ec       0x20 ./Middlewares/ST/STM32_USB_Device_Library/Class/CDC/Src/usbd_cdc.o
                0x080061ec                USBD_CDC_GetDeviceQualifierDescriptor
 .text.USBD_CDC_RegisterInterface
                0x0800620c       0x34 ./Middlewares/ST/STM32_USB_Device_Library/Class/CDC/Src/usbd_cdc.o
                0x0800620c                USBD_CDC_RegisterInterface
 .text.USBD_CDC_SetTxBuffer
                0x08006240       0x44 ./Middlewares/ST/STM32_USB_Device_Library/Class/CDC/Src/usbd_cdc.o
                0x08006240                USBD_CDC_SetTxBuffer
 .text.USBD_CDC_SetRxBuffer
                0x08006284       0x3a ./Middlewares/ST/STM32_USB_Device_Library/Class/CDC/Src/usbd_cdc.o
                0x08006284                USBD_CDC_SetRxBuffer
 *fill*         0x080062be        0x2 
 .text.USBD_CDC_TransmitPacket
                0x080062c0       0x80 ./Middlewares/ST/STM32_USB_Device_Library/Class/CDC/Src/usbd_cdc.o
                0x080062c0                USBD_CDC_TransmitPacket
 .text.USBD_CDC_ReceivePacket
                0x08006340       0x6c ./Middlewares/ST/STM32_USB_Device_Library/Class/CDC/Src/usbd_cdc.o
                0x08006340                USBD_CDC_ReceivePacket
 .text.USBD_Init
                0x080063ac       0x60 ./Middlewares/ST/STM32_USB_Device_Library/Core/Src/usbd_core.o
                0x080063ac                USBD_Init
 .text.USBD_RegisterClass
                0x0800640c       0x6c ./Middlewares/ST/STM32_USB_Device_Library/Core/Src/usbd_core.o
                0x0800640c                USBD_RegisterClass
 .text.USBD_Start
                0x08006478       0x18 ./Middlewares/ST/STM32_USB_Device_Library/Core/Src/usbd_core.o
                0x08006478                USBD_Start
 .text.USBD_RunTestMode
                0x08006490       0x16 ./Middlewares/ST/STM32_USB_Device_Library/Core/Src/usbd_core.o
                0x08006490                USBD_RunTestMode
 .text.USBD_SetClassConfig
                0x080064a6       0x38 ./Middlewares/ST/STM32_USB_Device_Library/Core/Src/usbd_core.o
                0x080064a6                USBD_SetClassConfig
 .text.USBD_ClrClassConfig
                0x080064de       0x34 ./Middlewares/ST/STM32_USB_Device_Library/Core/Src/usbd_core.o
                0x080064de                USBD_ClrClassConfig
 .text.USBD_LL_SetupStage
                0x08006512       0xaa ./Middlewares/ST/STM32_USB_Device_Library/Core/Src/usbd_core.o
                0x08006512                USBD_LL_SetupStage
 .text.USBD_LL_DataOutStage
                0x080065bc      0x178 ./Middlewares/ST/STM32_USB_Device_Library/Core/Src/usbd_core.o
                0x080065bc                USBD_LL_DataOutStage
 .text.USBD_LL_DataInStage
                0x08006734      0x176 ./Middlewares/ST/STM32_USB_Device_Library/Core/Src/usbd_core.o
                0x08006734                USBD_LL_DataInStage
 .text.USBD_LL_Reset
                0x080068aa       0xa6 ./Middlewares/ST/STM32_USB_Device_Library/Core/Src/usbd_core.o
                0x080068aa                USBD_LL_Reset
 .text.USBD_LL_SetSpeed
                0x08006950       0x20 ./Middlewares/ST/STM32_USB_Device_Library/Core/Src/usbd_core.o
                0x08006950                USBD_LL_SetSpeed
 .text.USBD_LL_Suspend
                0x08006970       0x38 ./Middlewares/ST/STM32_USB_Device_Library/Core/Src/usbd_core.o
                0x08006970                USBD_LL_Suspend
 .text.USBD_LL_Resume
                0x080069a8       0x30 ./Middlewares/ST/STM32_USB_Device_Library/Core/Src/usbd_core.o
                0x080069a8                USBD_LL_Resume
 .text.USBD_LL_SOF
                0x080069d8       0x40 ./Middlewares/ST/STM32_USB_Device_Library/Core/Src/usbd_core.o
                0x080069d8                USBD_LL_SOF
 .text.USBD_LL_IsoINIncomplete
                0x08006a18       0x64 ./Middlewares/ST/STM32_USB_Device_Library/Core/Src/usbd_core.o
                0x08006a18                USBD_LL_IsoINIncomplete
 .text.USBD_LL_IsoOUTIncomplete
                0x08006a7c       0x64 ./Middlewares/ST/STM32_USB_Device_Library/Core/Src/usbd_core.o
                0x08006a7c                USBD_LL_IsoOUTIncomplete
 .text.USBD_LL_DevConnected
                0x08006ae0       0x16 ./Middlewares/ST/STM32_USB_Device_Library/Core/Src/usbd_core.o
                0x08006ae0                USBD_LL_DevConnected
 .text.USBD_LL_DevDisconnected
                0x08006af6       0x46 ./Middlewares/ST/STM32_USB_Device_Library/Core/Src/usbd_core.o
                0x08006af6                USBD_LL_DevDisconnected
 .text.USBD_CoreFindIF
                0x08006b3c       0x1a ./Middlewares/ST/STM32_USB_Device_Library/Core/Src/usbd_core.o
                0x08006b3c                USBD_CoreFindIF
 .text.USBD_CoreFindEP
                0x08006b56       0x1a ./Middlewares/ST/STM32_USB_Device_Library/Core/Src/usbd_core.o
                0x08006b56                USBD_CoreFindEP
 .text.USBD_GetEpDesc
                0x08006b70       0x70 ./Middlewares/ST/STM32_USB_Device_Library/Core/Src/usbd_core.o
                0x08006b70                USBD_GetEpDesc
 .text.USBD_GetNextDesc
                0x08006be0       0x38 ./Middlewares/ST/STM32_USB_Device_Library/Core/Src/usbd_core.o
                0x08006be0                USBD_GetNextDesc
 .text.SWAPBYTE
                0x08006c18       0x3c ./Middlewares/ST/STM32_USB_Device_Library/Core/Src/usbd_ctlreq.o
 .text.USBD_StdDevReq
                0x08006c54       0xe4 ./Middlewares/ST/STM32_USB_Device_Library/Core/Src/usbd_ctlreq.o
                0x08006c54                USBD_StdDevReq
 .text.USBD_StdItfReq
                0x08006d38       0xd8 ./Middlewares/ST/STM32_USB_Device_Library/Core/Src/usbd_ctlreq.o
                0x08006d38                USBD_StdItfReq
 .text.USBD_StdEPReq
                0x08006e10      0x33e ./Middlewares/ST/STM32_USB_Device_Library/Core/Src/usbd_ctlreq.o
                0x08006e10                USBD_StdEPReq
 *fill*         0x0800714e        0x2 
 .text.USBD_GetDescriptor
                0x08007150      0x2d4 ./Middlewares/ST/STM32_USB_Device_Library/Core/Src/usbd_ctlreq.o
 .text.USBD_SetAddress
                0x08007424       0x88 ./Middlewares/ST/STM32_USB_Device_Library/Core/Src/usbd_ctlreq.o
 .text.USBD_SetConfig
                0x080074ac      0x154 ./Middlewares/ST/STM32_USB_Device_Library/Core/Src/usbd_ctlreq.o
 .text.USBD_GetConfig
                0x08007600       0x6c ./Middlewares/ST/STM32_USB_Device_Library/Core/Src/usbd_ctlreq.o
 .text.USBD_GetStatus
                0x0800766c       0x68 ./Middlewares/ST/STM32_USB_Device_Library/Core/Src/usbd_ctlreq.o
 .text.USBD_SetFeature
                0x080076d4       0x52 ./Middlewares/ST/STM32_USB_Device_Library/Core/Src/usbd_ctlreq.o
 .text.USBD_ClrFeature
                0x08007726       0x44 ./Middlewares/ST/STM32_USB_Device_Library/Core/Src/usbd_ctlreq.o
 .text.USBD_ParseSetupRequest
                0x0800776a       0x74 ./Middlewares/ST/STM32_USB_Device_Library/Core/Src/usbd_ctlreq.o
                0x0800776a                USBD_ParseSetupRequest
 .text.USBD_CtlError
                0x080077de       0x22 ./Middlewares/ST/STM32_USB_Device_Library/Core/Src/usbd_ctlreq.o
                0x080077de                USBD_CtlError
 .text.USBD_GetString
                0x08007800       0xa4 ./Middlewares/ST/STM32_USB_Device_Library/Core/Src/usbd_ctlreq.o
                0x08007800                USBD_GetString
 .text.USBD_GetLen
                0x080078a4       0x34 ./Middlewares/ST/STM32_USB_Device_Library/Core/Src/usbd_ctlreq.o
 .text.USBD_CtlSendData
                0x080078d8       0x3c ./Middlewares/ST/STM32_USB_Device_Library/Core/Src/usbd_ioreq.o
                0x080078d8                USBD_CtlSendData
 .text.USBD_CtlContinueSendData
                0x08007914       0x22 ./Middlewares/ST/STM32_USB_Device_Library/Core/Src/usbd_ioreq.o
                0x08007914                USBD_CtlContinueSendData
 .text.USBD_CtlPrepareRx
                0x08007936       0x42 ./Middlewares/ST/STM32_USB_Device_Library/Core/Src/usbd_ioreq.o
                0x08007936                USBD_CtlPrepareRx
 .text.USBD_CtlContinueRx
                0x08007978       0x22 ./Middlewares/ST/STM32_USB_Device_Library/Core/Src/usbd_ioreq.o
                0x08007978                USBD_CtlContinueRx
 .text.USBD_CtlSendStatus
                0x0800799a       0x26 ./Middlewares/ST/STM32_USB_Device_Library/Core/Src/usbd_ioreq.o
                0x0800799a                USBD_CtlSendStatus
 .text.USBD_CtlReceiveStatus
                0x080079c0       0x26 ./Middlewares/ST/STM32_USB_Device_Library/Core/Src/usbd_ioreq.o
                0x080079c0                USBD_CtlReceiveStatus
 *fill*         0x080079e6        0x2 
 .text.MX_USB_DEVICE_Init
                0x080079e8       0x60 ./USB_DEVICE/App/usb_device.o
                0x080079e8                MX_USB_DEVICE_Init
 .text.CDC_Init_FS
                0x08007a48       0x28 ./USB_DEVICE/App/usbd_cdc_if.o
 .text.CDC_DeInit_FS
                0x08007a70       0x10 ./USB_DEVICE/App/usbd_cdc_if.o
 .text.CDC_Control_FS
                0x08007a80       0xbc ./USB_DEVICE/App/usbd_cdc_if.o
 .text.CDC_Receive_FS
                0x08007b3c       0x30 ./USB_DEVICE/App/usbd_cdc_if.o
 .text.CDC_Transmit_FS
                0x08007b6c       0x4c ./USB_DEVICE/App/usbd_cdc_if.o
                0x08007b6c                CDC_Transmit_FS
 .text.CDC_TransmitCplt_FS
                0x08007bb8       0x22 ./USB_DEVICE/App/usbd_cdc_if.o
 *fill*         0x08007bda        0x2 
 .text.USBD_FS_DeviceDescriptor
                0x08007bdc       0x24 ./USB_DEVICE/App/usbd_desc.o
                0x08007bdc                USBD_FS_DeviceDescriptor
 .text.USBD_FS_LangIDStrDescriptor
                0x08007c00       0x24 ./USB_DEVICE/App/usbd_desc.o
                0x08007c00                USBD_FS_LangIDStrDescriptor
 .text.USBD_FS_ProductStrDescriptor
                0x08007c24       0x3c ./USB_DEVICE/App/usbd_desc.o
                0x08007c24                USBD_FS_ProductStrDescriptor
 .text.USBD_FS_ManufacturerStrDescriptor
                0x08007c60       0x28 ./USB_DEVICE/App/usbd_desc.o
                0x08007c60                USBD_FS_ManufacturerStrDescriptor
 .text.USBD_FS_SerialStrDescriptor
                0x08007c88       0x24 ./USB_DEVICE/App/usbd_desc.o
                0x08007c88                USBD_FS_SerialStrDescriptor
 .text.USBD_FS_ConfigStrDescriptor
                0x08007cac       0x3c ./USB_DEVICE/App/usbd_desc.o
                0x08007cac                USBD_FS_ConfigStrDescriptor
 .text.USBD_FS_InterfaceStrDescriptor
                0x08007ce8       0x3c ./USB_DEVICE/App/usbd_desc.o
                0x08007ce8                USBD_FS_InterfaceStrDescriptor
 .text.Get_SerialNum
                0x08007d24       0x58 ./USB_DEVICE/App/usbd_desc.o
 .text.IntToUnicode
                0x08007d7c       0x7e ./USB_DEVICE/App/usbd_desc.o
 *fill*         0x08007dfa        0x2 
 .text.HAL_PCD_MspInit
                0x08007dfc       0xa8 ./USB_DEVICE/Target/usbd_conf.o
                0x08007dfc                HAL_PCD_MspInit
 .text.HAL_PCD_SetupStageCallback
                0x08007ea4       0x24 ./USB_DEVICE/Target/usbd_conf.o
                0x08007ea4                HAL_PCD_SetupStageCallback
 .text.HAL_PCD_DataOutStageCallback
                0x08007ec8       0x36 ./USB_DEVICE/Target/usbd_conf.o
                0x08007ec8                HAL_PCD_DataOutStageCallback
 .text.HAL_PCD_DataInStageCallback
                0x08007efe       0x34 ./USB_DEVICE/Target/usbd_conf.o
                0x08007efe                HAL_PCD_DataInStageCallback
 .text.HAL_PCD_SOFCallback
                0x08007f32       0x1c ./USB_DEVICE/Target/usbd_conf.o
                0x08007f32                HAL_PCD_SOFCallback
 .text.HAL_PCD_ResetCallback
                0x08007f4e       0x3c ./USB_DEVICE/Target/usbd_conf.o
                0x08007f4e                HAL_PCD_ResetCallback
 *fill*         0x08007f8a        0x2 
 .text.HAL_PCD_SuspendCallback
                0x08007f8c       0x4c ./USB_DEVICE/Target/usbd_conf.o
                0x08007f8c                HAL_PCD_SuspendCallback
 .text.HAL_PCD_ResumeCallback
                0x08007fd8       0x1c ./USB_DEVICE/Target/usbd_conf.o
                0x08007fd8                HAL_PCD_ResumeCallback
 .text.HAL_PCD_ISOOUTIncompleteCallback
                0x08007ff4       0x24 ./USB_DEVICE/Target/usbd_conf.o
                0x08007ff4                HAL_PCD_ISOOUTIncompleteCallback
 .text.HAL_PCD_ISOINIncompleteCallback
                0x08008018       0x24 ./USB_DEVICE/Target/usbd_conf.o
                0x08008018                HAL_PCD_ISOINIncompleteCallback
 .text.HAL_PCD_ConnectCallback
                0x0800803c       0x1c ./USB_DEVICE/Target/usbd_conf.o
                0x0800803c                HAL_PCD_ConnectCallback
 .text.HAL_PCD_DisconnectCallback
                0x08008058       0x1c ./USB_DEVICE/Target/usbd_conf.o
                0x08008058                HAL_PCD_DisconnectCallback
 .text.USBD_LL_Init
                0x08008074       0x98 ./USB_DEVICE/Target/usbd_conf.o
                0x08008074                USBD_LL_Init
 .text.USBD_LL_Start
                0x0800810c       0x36 ./USB_DEVICE/Target/usbd_conf.o
                0x0800810c                USBD_LL_Start
 .text.USBD_LL_OpenEP
                0x08008142       0x4c ./USB_DEVICE/Target/usbd_conf.o
                0x08008142                USBD_LL_OpenEP
 .text.USBD_LL_CloseEP
                0x0800818e       0x3e ./USB_DEVICE/Target/usbd_conf.o
                0x0800818e                USBD_LL_CloseEP
 .text.USBD_LL_StallEP
                0x080081cc       0x3e ./USB_DEVICE/Target/usbd_conf.o
                0x080081cc                USBD_LL_StallEP
 .text.USBD_LL_ClearStallEP
                0x0800820a       0x3e ./USB_DEVICE/Target/usbd_conf.o
                0x0800820a                USBD_LL_ClearStallEP
 .text.USBD_LL_IsStallEP
                0x08008248       0x58 ./USB_DEVICE/Target/usbd_conf.o
                0x08008248                USBD_LL_IsStallEP
 .text.USBD_LL_SetUSBAddress
                0x080082a0       0x3e ./USB_DEVICE/Target/usbd_conf.o
                0x080082a0                USBD_LL_SetUSBAddress
 .text.USBD_LL_Transmit
                0x080082de       0x42 ./USB_DEVICE/Target/usbd_conf.o
                0x080082de                USBD_LL_Transmit
 .text.USBD_LL_PrepareReceive
                0x08008320       0x42 ./USB_DEVICE/Target/usbd_conf.o
                0x08008320                USBD_LL_PrepareReceive
 .text.USBD_LL_GetRxDataSize
                0x08008362       0x26 ./USB_DEVICE/Target/usbd_conf.o
                0x08008362                USBD_LL_GetRxDataSize
 .text.USBD_static_malloc
                0x08008388       0x1c ./USB_DEVICE/Target/usbd_conf.o
                0x08008388                USBD_static_malloc
 .text.USBD_static_free
                0x080083a4       0x14 ./USB_DEVICE/Target/usbd_conf.o
                0x080083a4                USBD_static_free
 .text.USBD_Get_USB_Status
                0x080083b8       0x58 ./USB_DEVICE/Target/usbd_conf.o
                0x080083b8                USBD_Get_USB_Status
 .text.memset   0x08008410       0x10 D:/Programs/STM32CubeIDE_1.17.0/STM32CubeIDE/plugins/com.st.stm32cube.ide.mcu.externaltools.gnu-tools-for-stm32.12.3.rel1.win32_1.1.0.202410251130/tools/bin/../lib/gcc/arm-none-eabi/12.3.1/../../../../arm-none-eabi/lib/thumb/v7e-m+fp/hard\libc_nano.a(libc_a-memset.o)
                0x08008410                memset
 .text.__libc_init_array
                0x08008420       0x48 D:/Programs/STM32CubeIDE_1.17.0/STM32CubeIDE/plugins/com.st.stm32cube.ide.mcu.externaltools.gnu-tools-for-stm32.12.3.rel1.win32_1.1.0.202410251130/tools/bin/../lib/gcc/arm-none-eabi/12.3.1/../../../../arm-none-eabi/lib/thumb/v7e-m+fp/hard\libc_nano.a(libc_a-init.o)
                0x08008420                __libc_init_array
 .text.memcpy   0x08008468       0x1c D:/Programs/STM32CubeIDE_1.17.0/STM32CubeIDE/plugins/com.st.stm32cube.ide.mcu.externaltools.gnu-tools-for-stm32.12.3.rel1.win32_1.1.0.202410251130/tools/bin/../lib/gcc/arm-none-eabi/12.3.1/../../../../arm-none-eabi/lib/thumb/v7e-m+fp/hard\libc_nano.a(libc_a-memcpy-stub.o)
                0x08008468                memcpy
 *(.glue_7)
 .glue_7        0x08008484        0x0 linker stubs
 *(.glue_7t)
 .glue_7t       0x08008484        0x0 linker stubs
 *(.eh_frame)
 .eh_frame      0x08008484        0x0 D:/Programs/STM32CubeIDE_1.17.0/STM32CubeIDE/plugins/com.st.stm32cube.ide.mcu.externaltools.gnu-tools-for-stm32.12.3.rel1.win32_1.1.0.202410251130/tools/bin/../lib/gcc/arm-none-eabi/12.3.1/thumb/v7e-m+fp/hard/crtbegin.o
 *(.init)
 .init          0x08008484        0x4 D:/Programs/STM32CubeIDE_1.17.0/STM32CubeIDE/plugins/com.st.stm32cube.ide.mcu.externaltools.gnu-tools-for-stm32.12.3.rel1.win32_1.1.0.202410251130/tools/bin/../lib/gcc/arm-none-eabi/12.3.1/thumb/v7e-m+fp/hard/crti.o
                0x08008484                _init
 .init          0x08008488        0x8 D:/Programs/STM32CubeIDE_1.17.0/STM32CubeIDE/plugins/com.st.stm32cube.ide.mcu.externaltools.gnu-tools-for-stm32.12.3.rel1.win32_1.1.0.202410251130/tools/bin/../lib/gcc/arm-none-eabi/12.3.1/thumb/v7e-m+fp/hard/crtn.o
 *(.fini)
 .fini          0x08008490        0x4 D:/Programs/STM32CubeIDE_1.17.0/STM32CubeIDE/plugins/com.st.stm32cube.ide.mcu.externaltools.gnu-tools-for-stm32.12.3.rel1.win32_1.1.0.202410251130/tools/bin/../lib/gcc/arm-none-eabi/12.3.1/thumb/v7e-m+fp/hard/crti.o
                0x08008490                _fini
 .fini          0x08008494        0x8 D:/Programs/STM32CubeIDE_1.17.0/STM32CubeIDE/plugins/com.st.stm32cube.ide.mcu.externaltools.gnu-tools-for-stm32.12.3.rel1.win32_1.1.0.202410251130/tools/bin/../lib/gcc/arm-none-eabi/12.3.1/thumb/v7e-m+fp/hard/crtn.o
                0x0800849c                        . = ALIGN (0x4)
                0x0800849c                        _etext = .

.vfp11_veneer   0x0800849c        0x0
 .vfp11_veneer  0x0800849c        0x0 linker stubs

.v4_bx          0x0800849c        0x0
 .v4_bx         0x0800849c        0x0 linker stubs

.iplt           0x0800849c        0x0
 .iplt          0x0800849c        0x0 D:/Programs/STM32CubeIDE_1.17.0/STM32CubeIDE/plugins/com.st.stm32cube.ide.mcu.externaltools.gnu-tools-for-stm32.12.3.rel1.win32_1.1.0.202410251130/tools/bin/../lib/gcc/arm-none-eabi/12.3.1/thumb/v7e-m+fp/hard/crtbegin.o

.rodata         0x0800849c       0x58
                0x0800849c                        . = ALIGN (0x4)
 *(.rodata)
 .rodata        0x0800849c       0x46 ./USB_DEVICE/App/usbd_desc.o
 *(.rodata*)
 *fill*         0x080084e2        0x2 
 .rodata.AHBPrescTable
                0x080084e4       0x10 ./Core/Src/system_stm32f4xx.o
                0x080084e4                AHBPrescTable
                0x080084f4                        . = ALIGN (0x4)

.ARM.extab      0x080084f4        0x0
                0x080084f4                        . = ALIGN (0x4)
 *(.ARM.extab* .gnu.linkonce.armextab.*)
                0x080084f4                        . = ALIGN (0x4)

.ARM            0x080084f4        0x8
                0x080084f4                        . = ALIGN (0x4)
                0x080084f4                        __exidx_start = .
 *(.ARM.exidx*)
 .ARM.exidx     0x080084f4        0x8 D:/Programs/STM32CubeIDE_1.17.0/STM32CubeIDE/plugins/com.st.stm32cube.ide.mcu.externaltools.gnu-tools-for-stm32.12.3.rel1.win32_1.1.0.202410251130/tools/bin/../lib/gcc/arm-none-eabi/12.3.1/thumb/v7e-m+fp/hard\libgcc.a(_udivmoddi4.o)
                0x080084fc                        __exidx_end = .
                0x080084fc                        . = ALIGN (0x4)

.preinit_array  0x080084fc        0x0
                0x080084fc                        . = ALIGN (0x4)
                0x080084fc                        PROVIDE (__preinit_array_start = .)
 *(.preinit_array*)
                0x080084fc                        PROVIDE (__preinit_array_end = .)
                0x080084fc                        . = ALIGN (0x4)

.init_array     0x080084fc        0x4
                0x080084fc                        . = ALIGN (0x4)
                0x080084fc                        PROVIDE (__init_array_start = .)
 *(SORT_BY_NAME(.init_array.*))
 *(.init_array*)
 .init_array    0x080084fc        0x4 D:/Programs/STM32CubeIDE_1.17.0/STM32CubeIDE/plugins/com.st.stm32cube.ide.mcu.externaltools.gnu-tools-for-stm32.12.3.rel1.win32_1.1.0.202410251130/tools/bin/../lib/gcc/arm-none-eabi/12.3.1/thumb/v7e-m+fp/hard/crtbegin.o
                0x08008500                        PROVIDE (__init_array_end = .)
                0x08008500                        . = ALIGN (0x4)

.fini_array     0x08008500        0x4
                0x08008500                        . = ALIGN (0x4)
                [!provide]                        PROVIDE (__fini_array_start = .)
 *(SORT_BY_NAME(.fini_array.*))
 *(.fini_array*)
 .fini_array    0x08008500        0x4 D:/Programs/STM32CubeIDE_1.17.0/STM32CubeIDE/plugins/com.st.stm32cube.ide.mcu.externaltools.gnu-tools-for-stm32.12.3.rel1.win32_1.1.0.202410251130/tools/bin/../lib/gcc/arm-none-eabi/12.3.1/thumb/v7e-m+fp/hard/crtbegin.o
                [!provide]                        PROVIDE (__fini_array_end = .)
                0x08008504                        . = ALIGN (0x4)
                0x08008504                        _sidata = LOADADDR (.data)

.rel.dyn        0x08008504        0x0
 .rel.iplt      0x08008504        0x0 D:/Programs/STM32CubeIDE_1.17.0/STM32CubeIDE/plugins/com.st.stm32cube.ide.mcu.externaltools.gnu-tools-for-stm32.12.3.rel1.win32_1.1.0.202410251130/tools/bin/../lib/gcc/arm-none-eabi/12.3.1/thumb/v7e-m+fp/hard/crtbegin.o

.data           0x20000000      0x100 load address 0x08008504
                0x20000000                        . = ALIGN (0x4)
                0x20000000                        _sdata = .
 *(.data)
 *(.data*)
 .data.connectionHandshake
                0x20000000        0x4 ./Core/Src/main.o
                0x20000000                connectionHandshake
 .data.SystemCoreClock
                0x20000004        0x4 ./Core/Src/system_stm32f4xx.o
                0x20000004                SystemCoreClock
 .data.uwTickPrio
                0x20000008        0x4 ./Drivers/STM32F4xx_HAL_Driver/Src/stm32f4xx_hal.o
                0x20000008                uwTickPrio
 .data.uwTickFreq
                0x2000000c        0x1 ./Drivers/STM32F4xx_HAL_Driver/Src/stm32f4xx_hal.o
                0x2000000c                uwTickFreq
 *fill*         0x2000000d        0x3 
 .data.USBD_CDC_DeviceQualifierDesc
                0x20000010        0xa ./Middlewares/ST/STM32_USB_Device_Library/Class/CDC/Src/usbd_cdc.o
 *fill*         0x2000001a        0x2 
 .data.USBD_CDC
                0x2000001c       0x38 ./Middlewares/ST/STM32_USB_Device_Library/Class/CDC/Src/usbd_cdc.o
                0x2000001c                USBD_CDC
 .data.USBD_CDC_CfgDesc
                0x20000054       0x43 ./Middlewares/ST/STM32_USB_Device_Library/Class/CDC/Src/usbd_cdc.o
 .data.CDCInEpAdd
                0x20000097        0x1 ./Middlewares/ST/STM32_USB_Device_Library/Class/CDC/Src/usbd_cdc.o
 .data.CDCOutEpAdd
                0x20000098        0x1 ./Middlewares/ST/STM32_USB_Device_Library/Class/CDC/Src/usbd_cdc.o
 .data.CDCCmdEpAdd
                0x20000099        0x1 ./Middlewares/ST/STM32_USB_Device_Library/Class/CDC/Src/usbd_cdc.o
 *fill*         0x2000009a        0x2 
 .data.USBD_Interface_fops_FS
                0x2000009c       0x14 ./USB_DEVICE/App/usbd_cdc_if.o
                0x2000009c                USBD_Interface_fops_FS
 .data.FS_Desc  0x200000b0       0x1c ./USB_DEVICE/App/usbd_desc.o
                0x200000b0                FS_Desc
 .data.USBD_FS_DeviceDesc
                0x200000cc       0x12 ./USB_DEVICE/App/usbd_desc.o
                0x200000cc                USBD_FS_DeviceDesc
 *fill*         0x200000de        0x2 
 .data.USBD_LangIDDesc
                0x200000e0        0x4 ./USB_DEVICE/App/usbd_desc.o
                0x200000e0                USBD_LangIDDesc
 .data.USBD_StringSerial
                0x200000e4       0x1a ./USB_DEVICE/App/usbd_desc.o
                0x200000e4                USBD_StringSerial
 *(.RamFunc)
 *(.RamFunc*)
                0x20000100                        . = ALIGN (0x4)
 *fill*         0x200000fe        0x2 
                0x20000100                        _edata = .

.igot.plt       0x20000100        0x0 load address 0x08008604
 .igot.plt      0x20000100        0x0 D:/Programs/STM32CubeIDE_1.17.0/STM32CubeIDE/plugins/com.st.stm32cube.ide.mcu.externaltools.gnu-tools-for-stm32.12.3.rel1.win32_1.1.0.202410251130/tools/bin/../lib/gcc/arm-none-eabi/12.3.1/thumb/v7e-m+fp/hard/crtbegin.o
                0x20000100                        . = ALIGN (0x4)

.bss            0x20000100     0x1cb0 load address 0x08008604
                0x20000100                        _sbss = .
                0x20000100                        __bss_start__ = _sbss
 *(.bss)
 .bss           0x20000100       0x1c D:/Programs/STM32CubeIDE_1.17.0/STM32CubeIDE/plugins/com.st.stm32cube.ide.mcu.externaltools.gnu-tools-for-stm32.12.3.rel1.win32_1.1.0.202410251130/tools/bin/../lib/gcc/arm-none-eabi/12.3.1/thumb/v7e-m+fp/hard/crtbegin.o
 *(.bss*)
 .bss.htim2     0x2000011c       0x48 ./Core/Src/main.o
                0x2000011c                htim2
 .bss.htim3     0x20000164       0x48 ./Core/Src/main.o
                0x20000164                htim3
 .bss.RxBuffer  0x200001ac       0x10 ./Core/Src/main.o
                0x200001ac                RxBuffer
 .bss.connectionEstablished
                0x200001bc        0x1 ./Core/Src/main.o
                0x200001bc                connectionEstablished
 .bss.gayToggle
                0x200001bd        0x1 ./Core/Src/main.o
                0x200001bd                gayToggle
 .bss.stepInProgress
                0x200001be        0x1 ./Core/Src/main.o
                0x200001be                stepInProgress
 *fill*         0x200001bf        0x1 
 .bss.speedRegister
                0x200001c0        0x2 ./Core/Src/main.o
                0x200001c0                speedRegister
 .bss.stepCounter
                0x200001c2        0x2 ./Core/Src/main.o
                0x200001c2                stepCounter
 .bss.stepTarget
                0x200001c4        0x2 ./Core/Src/main.o
                0x200001c4                stepTarget
 *fill*         0x200001c6        0x2 
 .bss.uwTick    0x200001c8        0x4 ./Drivers/STM32F4xx_HAL_Driver/Src/stm32f4xx_hal.o
                0x200001c8                uwTick
 .bss.cfgidx.0  0x200001cc        0x1 ./Middlewares/ST/STM32_USB_Device_Library/Core/Src/usbd_ctlreq.o
 *fill*         0x200001cd        0x3 
 .bss.hUsbDeviceFS
                0x200001d0      0x2dc ./USB_DEVICE/App/usb_device.o
                0x200001d0                hUsbDeviceFS
 .bss.UserRxBufferFS
                0x200004ac      0x800 ./USB_DEVICE/App/usbd_cdc_if.o
                0x200004ac                UserRxBufferFS
 .bss.UserTxBufferFS
                0x20000cac      0x800 ./USB_DEVICE/App/usbd_cdc_if.o
                0x20000cac                UserTxBufferFS
 .bss.USBD_StrDesc
                0x200014ac      0x200 ./USB_DEVICE/App/usbd_desc.o
                0x200014ac                USBD_StrDesc
 .bss.hpcd_USB_OTG_FS
                0x200016ac      0x4e4 ./USB_DEVICE/Target/usbd_conf.o
                0x200016ac                hpcd_USB_OTG_FS
 .bss.mem.0     0x20001b90      0x220 ./USB_DEVICE/Target/usbd_conf.o
 *(COMMON)
                0x20001db0                        . = ALIGN (0x4)
                0x20001db0                        _ebss = .
                0x20001db0                        __bss_end__ = _ebss

._user_heap_stack
                0x20001db0      0xa00 load address 0x08008604
                0x20001db0                        . = ALIGN (0x8)
                [!provide]                        PROVIDE (end = .)
                0x20001db0                        PROVIDE (_end = .)
                0x200023b0                        . = (. + _Min_Heap_Size)
 *fill*         0x20001db0      0x600 
                0x200027b0                        . = (. + _Min_Stack_Size)
 *fill*         0x200023b0      0x400 
                0x200027b0                        . = ALIGN (0x8)

/DISCARD/
 libc.a(*)
 libm.a(*)
 libgcc.a(*)

.ARM.attributes
                0x00000000       0x30
 *(.ARM.attributes)
 .ARM.attributes
                0x00000000       0x22 D:/Programs/STM32CubeIDE_1.17.0/STM32CubeIDE/plugins/com.st.stm32cube.ide.mcu.externaltools.gnu-tools-for-stm32.12.3.rel1.win32_1.1.0.202410251130/tools/bin/../lib/gcc/arm-none-eabi/12.3.1/thumb/v7e-m+fp/hard/crti.o
 .ARM.attributes
                0x00000022       0x34 D:/Programs/STM32CubeIDE_1.17.0/STM32CubeIDE/plugins/com.st.stm32cube.ide.mcu.externaltools.gnu-tools-for-stm32.12.3.rel1.win32_1.1.0.202410251130/tools/bin/../lib/gcc/arm-none-eabi/12.3.1/thumb/v7e-m+fp/hard/crtbegin.o
 .ARM.attributes
                0x00000056       0x34 ./Core/Src/main.o
 .ARM.attributes
                0x0000008a       0x34 ./Core/Src/stm32f4xx_hal_msp.o
 .ARM.attributes
                0x000000be       0x34 ./Core/Src/stm32f4xx_it.o
 .ARM.attributes
                0x000000f2       0x34 ./Core/Src/system_stm32f4xx.o
 .ARM.attributes
                0x00000126       0x21 ./Core/Startup/startup_stm32f411ceux.o
 .ARM.attributes
                0x00000147       0x34 ./Drivers/STM32F4xx_HAL_Driver/Src/stm32f4xx_hal.o
 .ARM.attributes
                0x0000017b       0x34 ./Drivers/STM32F4xx_HAL_Driver/Src/stm32f4xx_hal_cortex.o
 .ARM.attributes
                0x000001af       0x34 ./Drivers/STM32F4xx_HAL_Driver/Src/stm32f4xx_hal_gpio.o
 .ARM.attributes
                0x000001e3       0x34 ./Drivers/STM32F4xx_HAL_Driver/Src/stm32f4xx_hal_pcd.o
 .ARM.attributes
                0x00000217       0x34 ./Drivers/STM32F4xx_HAL_Driver/Src/stm32f4xx_hal_pcd_ex.o
 .ARM.attributes
                0x0000024b       0x34 ./Drivers/STM32F4xx_HAL_Driver/Src/stm32f4xx_hal_rcc.o
 .ARM.attributes
                0x0000027f       0x34 ./Drivers/STM32F4xx_HAL_Driver/Src/stm32f4xx_hal_tim.o
 .ARM.attributes
                0x000002b3       0x34 ./Drivers/STM32F4xx_HAL_Driver/Src/stm32f4xx_hal_tim_ex.o
 .ARM.attributes
                0x000002e7       0x34 ./Drivers/STM32F4xx_HAL_Driver/Src/stm32f4xx_ll_usb.o
 .ARM.attributes
                0x0000031b       0x34 ./Middlewares/ST/STM32_USB_Device_Library/Class/CDC/Src/usbd_cdc.o
 .ARM.attributes
                0x0000034f       0x34 ./Middlewares/ST/STM32_USB_Device_Library/Core/Src/usbd_core.o
 .ARM.attributes
                0x00000383       0x34 ./Middlewares/ST/STM32_USB_Device_Library/Core/Src/usbd_ctlreq.o
 .ARM.attributes
                0x000003b7       0x34 ./Middlewares/ST/STM32_USB_Device_Library/Core/Src/usbd_ioreq.o
 .ARM.attributes
                0x000003eb       0x34 ./USB_DEVICE/App/usb_device.o
 .ARM.attributes
                0x0000041f       0x34 ./USB_DEVICE/App/usbd_cdc_if.o
 .ARM.attributes
                0x00000453       0x34 ./USB_DEVICE/App/usbd_desc.o
 .ARM.attributes
                0x00000487       0x34 ./USB_DEVICE/Target/usbd_conf.o
 .ARM.attributes
                0x000004bb       0x34 D:/Programs/STM32CubeIDE_1.17.0/STM32CubeIDE/plugins/com.st.stm32cube.ide.mcu.externaltools.gnu-tools-for-stm32.12.3.rel1.win32_1.1.0.202410251130/tools/bin/../lib/gcc/arm-none-eabi/12.3.1/../../../../arm-none-eabi/lib/thumb/v7e-m+fp/hard\libc_nano.a(libc_a-memset.o)
 .ARM.attributes
                0x000004ef       0x34 D:/Programs/STM32CubeIDE_1.17.0/STM32CubeIDE/plugins/com.st.stm32cube.ide.mcu.externaltools.gnu-tools-for-stm32.12.3.rel1.win32_1.1.0.202410251130/tools/bin/../lib/gcc/arm-none-eabi/12.3.1/../../../../arm-none-eabi/lib/thumb/v7e-m+fp/hard\libc_nano.a(libc_a-init.o)
 .ARM.attributes
                0x00000523       0x34 D:/Programs/STM32CubeIDE_1.17.0/STM32CubeIDE/plugins/com.st.stm32cube.ide.mcu.externaltools.gnu-tools-for-stm32.12.3.rel1.win32_1.1.0.202410251130/tools/bin/../lib/gcc/arm-none-eabi/12.3.1/../../../../arm-none-eabi/lib/thumb/v7e-m+fp/hard\libc_nano.a(libc_a-memcpy-stub.o)
 .ARM.attributes
                0x00000557       0x22 D:/Programs/STM32CubeIDE_1.17.0/STM32CubeIDE/plugins/com.st.stm32cube.ide.mcu.externaltools.gnu-tools-for-stm32.12.3.rel1.win32_1.1.0.202410251130/tools/bin/../lib/gcc/arm-none-eabi/12.3.1/thumb/v7e-m+fp/hard\libgcc.a(_aeabi_uldivmod.o)
 .ARM.attributes
                0x00000579       0x34 D:/Programs/STM32CubeIDE_1.17.0/STM32CubeIDE/plugins/com.st.stm32cube.ide.mcu.externaltools.gnu-tools-for-stm32.12.3.rel1.win32_1.1.0.202410251130/tools/bin/../lib/gcc/arm-none-eabi/12.3.1/thumb/v7e-m+fp/hard\libgcc.a(_udivmoddi4.o)
 .ARM.attributes
                0x000005ad       0x22 D:/Programs/STM32CubeIDE_1.17.0/STM32CubeIDE/plugins/com.st.stm32cube.ide.mcu.externaltools.gnu-tools-for-stm32.12.3.rel1.win32_1.1.0.202410251130/tools/bin/../lib/gcc/arm-none-eabi/12.3.1/thumb/v7e-m+fp/hard\libgcc.a(_dvmd_tls.o)
 .ARM.attributes
                0x000005cf       0x22 D:/Programs/STM32CubeIDE_1.17.0/STM32CubeIDE/plugins/com.st.stm32cube.ide.mcu.externaltools.gnu-tools-for-stm32.12.3.rel1.win32_1.1.0.202410251130/tools/bin/../lib/gcc/arm-none-eabi/12.3.1/thumb/v7e-m+fp/hard/crtn.o
OUTPUT(Stage 4 Controller.elf elf32-littlearm)
LOAD linker stubs
LOAD D:/Programs/STM32CubeIDE_1.17.0/STM32CubeIDE/plugins/com.st.stm32cube.ide.mcu.externaltools.gnu-tools-for-stm32.12.3.rel1.win32_1.1.0.202410251130/tools/bin/../lib/gcc/arm-none-eabi/12.3.1/../../../../arm-none-eabi/lib/thumb/v7e-m+fp/hard\libc.a
LOAD D:/Programs/STM32CubeIDE_1.17.0/STM32CubeIDE/plugins/com.st.stm32cube.ide.mcu.externaltools.gnu-tools-for-stm32.12.3.rel1.win32_1.1.0.202410251130/tools/bin/../lib/gcc/arm-none-eabi/12.3.1/../../../../arm-none-eabi/lib/thumb/v7e-m+fp/hard\libm.a
LOAD D:/Programs/STM32CubeIDE_1.17.0/STM32CubeIDE/plugins/com.st.stm32cube.ide.mcu.externaltools.gnu-tools-for-stm32.12.3.rel1.win32_1.1.0.202410251130/tools/bin/../lib/gcc/arm-none-eabi/12.3.1/thumb/v7e-m+fp/hard\libgcc.a

.debug_info     0x00000000    0x12c8a
 .debug_info    0x00000000     0x114a ./Core/Src/main.o
 .debug_info    0x0000114a      0xc3a ./Core/Src/stm32f4xx_hal_msp.o
 .debug_info    0x00001d84      0xbd6 ./Core/Src/stm32f4xx_it.o
 .debug_info    0x0000295a      0x53e ./Core/Src/system_stm32f4xx.o
 .debug_info    0x00002e98       0x30 ./Core/Startup/startup_stm32f411ceux.o
 .debug_info    0x00002ec8      0x8c4 ./Drivers/STM32F4xx_HAL_Driver/Src/stm32f4xx_hal.o
 .debug_info    0x0000378c      0xcfc ./Drivers/STM32F4xx_HAL_Driver/Src/stm32f4xx_hal_cortex.o
 .debug_info    0x00004488      0x6f9 ./Drivers/STM32F4xx_HAL_Driver/Src/stm32f4xx_hal_gpio.o
 .debug_info    0x00004b81     0x1577 ./Drivers/STM32F4xx_HAL_Driver/Src/stm32f4xx_hal_pcd.o
 .debug_info    0x000060f8      0x6ea ./Drivers/STM32F4xx_HAL_Driver/Src/stm32f4xx_hal_pcd_ex.o
 .debug_info    0x000067e2      0x904 ./Drivers/STM32F4xx_HAL_Driver/Src/stm32f4xx_hal_rcc.o
 .debug_info    0x000070e6     0x2996 ./Drivers/STM32F4xx_HAL_Driver/Src/stm32f4xx_hal_tim.o
 .debug_info    0x00009a7c     0x14d4 ./Drivers/STM32F4xx_HAL_Driver/Src/stm32f4xx_hal_tim_ex.o
 .debug_info    0x0000af50     0x1993 ./Drivers/STM32F4xx_HAL_Driver/Src/stm32f4xx_ll_usb.o
 .debug_info    0x0000c8e3     0x12b1 ./Middlewares/ST/STM32_USB_Device_Library/Class/CDC/Src/usbd_cdc.o
 .debug_info    0x0000db94      0xe12 ./Middlewares/ST/STM32_USB_Device_Library/Core/Src/usbd_core.o
 .debug_info    0x0000e9a6      0xaeb ./Middlewares/ST/STM32_USB_Device_Library/Core/Src/usbd_ctlreq.o
 .debug_info    0x0000f491      0x762 ./Middlewares/ST/STM32_USB_Device_Library/Core/Src/usbd_ioreq.o
 .debug_info    0x0000fbf3      0x70e ./USB_DEVICE/App/usb_device.o
 .debug_info    0x00010301      0x91e ./USB_DEVICE/App/usbd_cdc_if.o
 .debug_info    0x00010c1f      0x458 ./USB_DEVICE/App/usbd_desc.o
 .debug_info    0x00011077     0x1c13 ./USB_DEVICE/Target/usbd_conf.o

.debug_abbrev   0x00000000     0x30d8
 .debug_abbrev  0x00000000      0x2ca ./Core/Src/main.o
 .debug_abbrev  0x000002ca      0x1d4 ./Core/Src/stm32f4xx_hal_msp.o
 .debug_abbrev  0x0000049e      0x1e9 ./Core/Src/stm32f4xx_it.o
 .debug_abbrev  0x00000687      0x11a ./Core/Src/system_stm32f4xx.o
 .debug_abbrev  0x000007a1       0x24 ./Core/Startup/startup_stm32f411ceux.o
 .debug_abbrev  0x000007c5      0x24b ./Drivers/STM32F4xx_HAL_Driver/Src/stm32f4xx_hal.o
 .debug_abbrev  0x00000a10      0x31d ./Drivers/STM32F4xx_HAL_Driver/Src/stm32f4xx_hal_cortex.o
 .debug_abbrev  0x00000d2d      0x1d3 ./Drivers/STM32F4xx_HAL_Driver/Src/stm32f4xx_hal_gpio.o
 .debug_abbrev  0x00000f00      0x2b6 ./Drivers/STM32F4xx_HAL_Driver/Src/stm32f4xx_hal_pcd.o
 .debug_abbrev  0x000011b6      0x1da ./Drivers/STM32F4xx_HAL_Driver/Src/stm32f4xx_hal_pcd_ex.o
 .debug_abbrev  0x00001390      0x2b6 ./Drivers/STM32F4xx_HAL_Driver/Src/stm32f4xx_hal_rcc.o
 .debug_abbrev  0x00001646      0x28b ./Drivers/STM32F4xx_HAL_Driver/Src/stm32f4xx_hal_tim.o
 .debug_abbrev  0x000018d1      0x296 ./Drivers/STM32F4xx_HAL_Driver/Src/stm32f4xx_hal_tim_ex.o
 .debug_abbrev  0x00001b67      0x2b3 ./Drivers/STM32F4xx_HAL_Driver/Src/stm32f4xx_ll_usb.o
 .debug_abbrev  0x00001e1a      0x2d2 ./Middlewares/ST/STM32_USB_Device_Library/Class/CDC/Src/usbd_cdc.o
 .debug_abbrev  0x000020ec      0x27c ./Middlewares/ST/STM32_USB_Device_Library/Core/Src/usbd_core.o
 .debug_abbrev  0x00002368      0x26f ./Middlewares/ST/STM32_USB_Device_Library/Core/Src/usbd_ctlreq.o
 .debug_abbrev  0x000025d7      0x19a ./Middlewares/ST/STM32_USB_Device_Library/Core/Src/usbd_ioreq.o
 .debug_abbrev  0x00002771      0x195 ./USB_DEVICE/App/usb_device.o
 .debug_abbrev  0x00002906      0x2b2 ./USB_DEVICE/App/usbd_cdc_if.o
 .debug_abbrev  0x00002bb8      0x1e1 ./USB_DEVICE/App/usbd_desc.o
 .debug_abbrev  0x00002d99      0x33f ./USB_DEVICE/Target/usbd_conf.o

.debug_aranges  0x00000000     0x10d8
 .debug_aranges
                0x00000000       0x60 ./Core/Src/main.o
 .debug_aranges
                0x00000060       0x38 ./Core/Src/stm32f4xx_hal_msp.o
 .debug_aranges
                0x00000098       0x78 ./Core/Src/stm32f4xx_it.o
 .debug_aranges
                0x00000110       0x28 ./Core/Src/system_stm32f4xx.o
 .debug_aranges
                0x00000138       0x28 ./Core/Startup/startup_stm32f411ceux.o
 .debug_aranges
                0x00000160       0xf0 ./Drivers/STM32F4xx_HAL_Driver/Src/stm32f4xx_hal.o
 .debug_aranges
                0x00000250      0x130 ./Drivers/STM32F4xx_HAL_Driver/Src/stm32f4xx_hal_cortex.o
 .debug_aranges
                0x00000380       0x58 ./Drivers/STM32F4xx_HAL_Driver/Src/stm32f4xx_hal_gpio.o
 .debug_aranges
                0x000003d8      0x148 ./Drivers/STM32F4xx_HAL_Driver/Src/stm32f4xx_hal_pcd.o
 .debug_aranges
                0x00000520       0x38 ./Drivers/STM32F4xx_HAL_Driver/Src/stm32f4xx_hal_pcd_ex.o
 .debug_aranges
                0x00000558       0x88 ./Drivers/STM32F4xx_HAL_Driver/Src/stm32f4xx_hal_rcc.o
 .debug_aranges
                0x000005e0      0x3d0 ./Drivers/STM32F4xx_HAL_Driver/Src/stm32f4xx_hal_tim.o
 .debug_aranges
                0x000009b0      0x168 ./Drivers/STM32F4xx_HAL_Driver/Src/stm32f4xx_hal_tim_ex.o
 .debug_aranges
                0x00000b18      0x1a0 ./Drivers/STM32F4xx_HAL_Driver/Src/stm32f4xx_ll_usb.o
 .debug_aranges
                0x00000cb8       0x90 ./Middlewares/ST/STM32_USB_Device_Library/Class/CDC/Src/usbd_cdc.o
 .debug_aranges
                0x00000d48       0xd8 ./Middlewares/ST/STM32_USB_Device_Library/Core/Src/usbd_core.o
 .debug_aranges
                0x00000e20       0x90 ./Middlewares/ST/STM32_USB_Device_Library/Core/Src/usbd_ctlreq.o
 .debug_aranges
                0x00000eb0       0x50 ./Middlewares/ST/STM32_USB_Device_Library/Core/Src/usbd_ioreq.o
 .debug_aranges
                0x00000f00       0x20 ./USB_DEVICE/App/usb_device.o
 .debug_aranges
                0x00000f20       0x48 ./USB_DEVICE/App/usbd_cdc_if.o
 .debug_aranges
                0x00000f68       0x60 ./USB_DEVICE/App/usbd_desc.o
 .debug_aranges
                0x00000fc8      0x110 ./USB_DEVICE/Target/usbd_conf.o

.debug_rnglists
                0x00000000      0xcd3
 .debug_rnglists
                0x00000000       0x48 ./Core/Src/main.o
 .debug_rnglists
                0x00000048       0x26 ./Core/Src/stm32f4xx_hal_msp.o
 .debug_rnglists
                0x0000006e       0x55 ./Core/Src/stm32f4xx_it.o
 .debug_rnglists
                0x000000c3       0x1a ./Core/Src/system_stm32f4xx.o
 .debug_rnglists
                0x000000dd       0x19 ./Core/Startup/startup_stm32f411ceux.o
 .debug_rnglists
                0x000000f6       0xaf ./Drivers/STM32F4xx_HAL_Driver/Src/stm32f4xx_hal.o
 .debug_rnglists
                0x000001a5       0xe0 ./Drivers/STM32F4xx_HAL_Driver/Src/stm32f4xx_hal_cortex.o
 .debug_rnglists
                0x00000285       0x3f ./Drivers/STM32F4xx_HAL_Driver/Src/stm32f4xx_hal_gpio.o
 .debug_rnglists
                0x000002c4       0xfa ./Drivers/STM32F4xx_HAL_Driver/Src/stm32f4xx_hal_pcd.o
 .debug_rnglists
                0x000003be       0x26 ./Drivers/STM32F4xx_HAL_Driver/Src/stm32f4xx_hal_pcd_ex.o
 .debug_rnglists
                0x000003e4       0x66 ./Drivers/STM32F4xx_HAL_Driver/Src/stm32f4xx_hal_rcc.o
 .debug_rnglists
                0x0000044a      0x31a ./Drivers/STM32F4xx_HAL_Driver/Src/stm32f4xx_hal_tim.o
 .debug_rnglists
                0x00000764      0x125 ./Drivers/STM32F4xx_HAL_Driver/Src/stm32f4xx_hal_tim_ex.o
 .debug_rnglists
                0x00000889      0x147 ./Drivers/STM32F4xx_HAL_Driver/Src/stm32f4xx_ll_usb.o
 .debug_rnglists
                0x000009d0       0x6c ./Middlewares/ST/STM32_USB_Device_Library/Class/CDC/Src/usbd_cdc.o
 .debug_rnglists
                0x00000a3c       0xa1 ./Middlewares/ST/STM32_USB_Device_Library/Core/Src/usbd_core.o
 .debug_rnglists
                0x00000add       0x6e ./Middlewares/ST/STM32_USB_Device_Library/Core/Src/usbd_ctlreq.o
 .debug_rnglists
                0x00000b4b       0x37 ./Middlewares/ST/STM32_USB_Device_Library/Core/Src/usbd_ioreq.o
 .debug_rnglists
                0x00000b82       0x13 ./USB_DEVICE/App/usb_device.o
 .debug_rnglists
                0x00000b95       0x32 ./USB_DEVICE/App/usbd_cdc_if.o
 .debug_rnglists
                0x00000bc7       0x43 ./USB_DEVICE/App/usbd_desc.o
 .debug_rnglists
                0x00000c0a       0xc9 ./USB_DEVICE/Target/usbd_conf.o

.debug_macro    0x00000000    0x18a9e
 .debug_macro   0x00000000      0x3a0 ./Core/Src/main.o
 .debug_macro   0x000003a0      0xab4 ./Core/Src/main.o
 .debug_macro   0x00000e54      0x29b ./Core/Src/main.o
 .debug_macro   0x000010ef       0x2e ./Core/Src/main.o
 .debug_macro   0x0000111d       0x28 ./Core/Src/main.o
 .debug_macro   0x00001145       0x22 ./Core/Src/main.o
 .debug_macro   0x00001167       0x8e ./Core/Src/main.o
 .debug_macro   0x000011f5       0x51 ./Core/Src/main.o
 .debug_macro   0x00001246      0x103 ./Core/Src/main.o
 .debug_macro   0x00001349       0x6a ./Core/Src/main.o
 .debug_macro   0x000013b3      0x1df ./Core/Src/main.o
 .debug_macro   0x00001592       0x1c ./Core/Src/main.o
 .debug_macro   0x000015ae       0x22 ./Core/Src/main.o
 .debug_macro   0x000015d0       0xfb ./Core/Src/main.o
 .debug_macro   0x000016cb     0x1011 ./Core/Src/main.o
 .debug_macro   0x000026dc      0x11f ./Core/Src/main.o
 .debug_macro   0x000027fb     0xb968 ./Core/Src/main.o
 .debug_macro   0x0000e163       0x6d ./Core/Src/main.o
 .debug_macro   0x0000e1d0     0x3693 ./Core/Src/main.o
 .debug_macro   0x00011863      0x189 ./Core/Src/main.o
 .debug_macro   0x000119ec       0x5c ./Core/Src/main.o
 .debug_macro   0x00011a48      0x45c ./Core/Src/main.o
 .debug_macro   0x00011ea4      0x9e9 ./Core/Src/main.o
 .debug_macro   0x0001288d      0x115 ./Core/Src/main.o
 .debug_macro   0x000129a2      0x11b ./Core/Src/main.o
 .debug_macro   0x00012abd       0xa5 ./Core/Src/main.o
 .debug_macro   0x00012b62      0x15f ./Core/Src/main.o
 .debug_macro   0x00012cc1      0x287 ./Core/Src/main.o
 .debug_macro   0x00012f48       0x5f ./Core/Src/main.o
 .debug_macro   0x00012fa7      0x236 ./Core/Src/main.o
 .debug_macro   0x000131dd      0x132 ./Core/Src/main.o
 .debug_macro   0x0001330f      0x264 ./Core/Src/main.o
 .debug_macro   0x00013573       0x2e ./Core/Src/main.o
 .debug_macro   0x000135a1      0x127 ./Core/Src/main.o
 .debug_macro   0x000136c8       0x85 ./Core/Src/main.o
 .debug_macro   0x0001374d       0x89 ./Core/Src/main.o
 .debug_macro   0x000137d6      0x8ed ./Core/Src/main.o
 .debug_macro   0x000140c3       0x47 ./Core/Src/main.o
 .debug_macro   0x0001410a      0x293 ./Core/Src/main.o
 .debug_macro   0x0001439d       0xba ./Core/Src/main.o
 .debug_macro   0x00014457      0x126 ./Core/Src/main.o
 .debug_macro   0x0001457d       0x61 ./Core/Src/main.o
 .debug_macro   0x000145de       0x2a ./Core/Src/main.o
 .debug_macro   0x00014608       0x43 ./Core/Src/main.o
 .debug_macro   0x0001464b       0x34 ./Core/Src/main.o
 .debug_macro   0x0001467f       0x16 ./Core/Src/main.o
 .debug_macro   0x00014695       0x35 ./Core/Src/main.o
 .debug_macro   0x000146ca      0x369 ./Core/Src/main.o
 .debug_macro   0x00014a33       0x10 ./Core/Src/main.o
 .debug_macro   0x00014a43       0x16 ./Core/Src/main.o
 .debug_macro   0x00014a59       0x43 ./Core/Src/main.o
 .debug_macro   0x00014a9c       0x34 ./Core/Src/main.o
 .debug_macro   0x00014ad0       0x10 ./Core/Src/main.o
 .debug_macro   0x00014ae0       0x58 ./Core/Src/main.o
 .debug_macro   0x00014b38       0x8e ./Core/Src/main.o
 .debug_macro   0x00014bc6       0x1c ./Core/Src/main.o
 .debug_macro   0x00014be2      0x177 ./Core/Src/main.o
 .debug_macro   0x00014d59       0x16 ./Core/Src/main.o
 .debug_macro   0x00014d6f       0x16 ./Core/Src/main.o
 .debug_macro   0x00014d85      0x146 ./Core/Src/main.o
 .debug_macro   0x00014ecb       0x16 ./Core/Src/main.o
 .debug_macro   0x00014ee1       0x16 ./Core/Src/main.o
 .debug_macro   0x00014ef7       0x29 ./Core/Src/main.o
 .debug_macro   0x00014f20       0x16 ./Core/Src/main.o
 .debug_macro   0x00014f36       0x20 ./Core/Src/main.o
 .debug_macro   0x00014f56       0x65 ./Core/Src/main.o
 .debug_macro   0x00014fbb      0x20f ./Core/Src/main.o
 .debug_macro   0x000151ca       0x95 ./Core/Src/main.o
 .debug_macro   0x0001525f       0x10 ./Core/Src/main.o
 .debug_macro   0x0001526f      0x1f2 ./Core/Src/stm32f4xx_hal_msp.o
 .debug_macro   0x00015461      0x1fc ./Core/Src/stm32f4xx_it.o
 .debug_macro   0x0001565d      0x1e8 ./Core/Src/system_stm32f4xx.o
 .debug_macro   0x00015845      0x248 ./Drivers/STM32F4xx_HAL_Driver/Src/stm32f4xx_hal.o
 .debug_macro   0x00015a8d      0x1e8 ./Drivers/STM32F4xx_HAL_Driver/Src/stm32f4xx_hal_cortex.o
 .debug_macro   0x00015c75      0x1ee ./Drivers/STM32F4xx_HAL_Driver/Src/stm32f4xx_hal_gpio.o
 .debug_macro   0x00015e63      0x1f4 ./Drivers/STM32F4xx_HAL_Driver/Src/stm32f4xx_hal_pcd.o
 .debug_macro   0x00016057      0x1e8 ./Drivers/STM32F4xx_HAL_Driver/Src/stm32f4xx_hal_pcd_ex.o
 .debug_macro   0x0001623f      0x20c ./Drivers/STM32F4xx_HAL_Driver/Src/stm32f4xx_hal_rcc.o
 .debug_macro   0x0001644b      0x1e9 ./Drivers/STM32F4xx_HAL_Driver/Src/stm32f4xx_hal_tim.o
 .debug_macro   0x00016634      0x1e8 ./Drivers/STM32F4xx_HAL_Driver/Src/stm32f4xx_hal_tim_ex.o
 .debug_macro   0x0001681c      0x1e8 ./Drivers/STM32F4xx_HAL_Driver/Src/stm32f4xx_ll_usb.o
 .debug_macro   0x00016a04      0x381 ./Middlewares/ST/STM32_USB_Device_Library/Class/CDC/Src/usbd_cdc.o
 .debug_macro   0x00016d85       0x9e ./Middlewares/ST/STM32_USB_Device_Library/Class/CDC/Src/usbd_cdc.o
 .debug_macro   0x00016e23      0x10b ./Middlewares/ST/STM32_USB_Device_Library/Class/CDC/Src/usbd_cdc.o
 .debug_macro   0x00016f2e       0x56 ./Middlewares/ST/STM32_USB_Device_Library/Class/CDC/Src/usbd_cdc.o
 .debug_macro   0x00016f84      0x368 ./Middlewares/ST/STM32_USB_Device_Library/Core/Src/usbd_core.o
 .debug_macro   0x000172ec      0x215 ./Middlewares/ST/STM32_USB_Device_Library/Core/Src/usbd_core.o
 .debug_macro   0x00017501      0x372 ./Middlewares/ST/STM32_USB_Device_Library/Core/Src/usbd_ctlreq.o
 .debug_macro   0x00017873      0x36e ./Middlewares/ST/STM32_USB_Device_Library/Core/Src/usbd_ioreq.o
 .debug_macro   0x00017be1      0x3a7 ./USB_DEVICE/App/usb_device.o
 .debug_macro   0x00017f88       0x22 ./USB_DEVICE/App/usb_device.o
 .debug_macro   0x00017faa       0x16 ./USB_DEVICE/App/usb_device.o
 .debug_macro   0x00017fc0      0x38c ./USB_DEVICE/App/usbd_cdc_if.o
 .debug_macro   0x0001834c      0x3ab ./USB_DEVICE/App/usbd_desc.o
 .debug_macro   0x000186f7       0x1c ./USB_DEVICE/App/usbd_desc.o
 .debug_macro   0x00018713      0x38b ./USB_DEVICE/Target/usbd_conf.o

.debug_line     0x00000000    0x14e27
 .debug_line    0x00000000      0xdcd ./Core/Src/main.o
 .debug_line    0x00000dcd      0x81b ./Core/Src/stm32f4xx_hal_msp.o
 .debug_line    0x000015e8      0x898 ./Core/Src/stm32f4xx_it.o
 .debug_line    0x00001e80      0x803 ./Core/Src/system_stm32f4xx.o
 .debug_line    0x00002683       0x7a ./Core/Startup/startup_stm32f411ceux.o
 .debug_line    0x000026fd      0xa7b ./Drivers/STM32F4xx_HAL_Driver/Src/stm32f4xx_hal.o
 .debug_line    0x00003178      0xd6d ./Drivers/STM32F4xx_HAL_Driver/Src/stm32f4xx_hal_cortex.o
 .debug_line    0x00003ee5      0xbcb ./Drivers/STM32F4xx_HAL_Driver/Src/stm32f4xx_hal_gpio.o
 .debug_line    0x00004ab0     0x156a ./Drivers/STM32F4xx_HAL_Driver/Src/stm32f4xx_hal_pcd.o
 .debug_line    0x0000601a      0x858 ./Drivers/STM32F4xx_HAL_Driver/Src/stm32f4xx_hal_pcd_ex.o
 .debug_line    0x00006872      0xe04 ./Drivers/STM32F4xx_HAL_Driver/Src/stm32f4xx_hal_rcc.o
 .debug_line    0x00007676     0x35f1 ./Drivers/STM32F4xx_HAL_Driver/Src/stm32f4xx_hal_tim.o
 .debug_line    0x0000ac67     0x1a0c ./Drivers/STM32F4xx_HAL_Driver/Src/stm32f4xx_hal_tim_ex.o
 .debug_line    0x0000c673     0x1e07 ./Drivers/STM32F4xx_HAL_Driver/Src/stm32f4xx_ll_usb.o
 .debug_line    0x0000e47a      0xf17 ./Middlewares/ST/STM32_USB_Device_Library/Class/CDC/Src/usbd_cdc.o
 .debug_line    0x0000f391      0xfa6 ./Middlewares/ST/STM32_USB_Device_Library/Core/Src/usbd_core.o
 .debug_line    0x00010337     0x1197 ./Middlewares/ST/STM32_USB_Device_Library/Core/Src/usbd_ctlreq.o
 .debug_line    0x000114ce      0xab1 ./Middlewares/ST/STM32_USB_Device_Library/Core/Src/usbd_ioreq.o
 .debug_line    0x00011f7f      0xa67 ./USB_DEVICE/App/usb_device.o
 .debug_line    0x000129e6      0xacb ./USB_DEVICE/App/usbd_cdc_if.o
 .debug_line    0x000134b1      0xb30 ./USB_DEVICE/App/usbd_desc.o
 .debug_line    0x00013fe1      0xe46 ./USB_DEVICE/Target/usbd_conf.o

.debug_str      0x00000000    0x8fa0d
 .debug_str     0x00000000    0x8b3ac ./Core/Src/main.o
                              0x8b75d (size before relaxing)
 .debug_str     0x0008b3ac      0x434 ./Core/Src/stm32f4xx_hal_msp.o
                              0x87039 (size before relaxing)
 .debug_str     0x0008b7e0      0x493 ./Core/Src/stm32f4xx_it.o
                              0x86f0d (size before relaxing)
 .debug_str     0x0008bc73       0xdb ./Core/Src/system_stm32f4xx.o
                              0x86701 (size before relaxing)
 .debug_str     0x0008bd4e       0x44 ./Core/Startup/startup_stm32f411ceux.o
                                 0xa0 (size before relaxing)
 .debug_str     0x0008bd92      0x60d ./Drivers/STM32F4xx_HAL_Driver/Src/stm32f4xx_hal.o
                              0x8712d (size before relaxing)
 .debug_str     0x0008c39f      0x36b ./Drivers/STM32F4xx_HAL_Driver/Src/stm32f4xx_hal_cortex.o
                              0x86e97 (size before relaxing)
 .debug_str     0x0008c70a      0x120 ./Drivers/STM32F4xx_HAL_Driver/Src/stm32f4xx_hal_gpio.o
                              0x8687c (size before relaxing)
 .debug_str     0x0008c82a      0x831 ./Drivers/STM32F4xx_HAL_Driver/Src/stm32f4xx_hal_pcd.o
                              0x871cd (size before relaxing)
 .debug_str     0x0008d05b      0x115 ./Drivers/STM32F4xx_HAL_Driver/Src/stm32f4xx_hal_pcd_ex.o
                              0x86abd (size before relaxing)
 .debug_str     0x0008d170      0x21f ./Drivers/STM32F4xx_HAL_Driver/Src/stm32f4xx_hal_rcc.o
                              0x86b35 (size before relaxing)
 .debug_str     0x0008d38f      0xd0e ./Drivers/STM32F4xx_HAL_Driver/Src/stm32f4xx_hal_tim.o
                              0x87a79 (size before relaxing)
 .debug_str     0x0008e09d      0x493 ./Drivers/STM32F4xx_HAL_Driver/Src/stm32f4xx_hal_tim_ex.o
                              0x87285 (size before relaxing)
 .debug_str     0x0008e530      0x4b9 ./Drivers/STM32F4xx_HAL_Driver/Src/stm32f4xx_ll_usb.o
                              0x870a8 (size before relaxing)
 .debug_str     0x0008e9e9      0x706 ./Middlewares/ST/STM32_USB_Device_Library/Class/CDC/Src/usbd_cdc.o
                              0x8b6c8 (size before relaxing)
 .debug_str     0x0008f0ef      0x35c ./Middlewares/ST/STM32_USB_Device_Library/Core/Src/usbd_core.o
                              0x8b021 (size before relaxing)
 .debug_str     0x0008f44b      0x139 ./Middlewares/ST/STM32_USB_Device_Library/Core/Src/usbd_ctlreq.o
                              0x8ae4c (size before relaxing)
 .debug_str     0x0008f584       0x51 ./Middlewares/ST/STM32_USB_Device_Library/Core/Src/usbd_ioreq.o
                              0x8ad21 (size before relaxing)
 .debug_str     0x0008f5d5       0xc6 ./USB_DEVICE/App/usb_device.o
                              0x8b0d4 (size before relaxing)
 .debug_str     0x0008f69b       0x91 ./USB_DEVICE/App/usbd_cdc_if.o
                              0x8b123 (size before relaxing)
 .debug_str     0x0008f72c      0x26e ./USB_DEVICE/App/usbd_desc.o
                              0x8ac19 (size before relaxing)
 .debug_str     0x0008f99a       0x73 ./USB_DEVICE/Target/usbd_conf.o
                              0x8bdd0 (size before relaxing)

.comment        0x00000000       0x43
 .comment       0x00000000       0x43 ./Core/Src/main.o
                                 0x44 (size before relaxing)
 .comment       0x00000043       0x44 ./Core/Src/stm32f4xx_hal_msp.o
 .comment       0x00000043       0x44 ./Core/Src/stm32f4xx_it.o
 .comment       0x00000043       0x44 ./Core/Src/system_stm32f4xx.o
 .comment       0x00000043       0x44 ./Drivers/STM32F4xx_HAL_Driver/Src/stm32f4xx_hal.o
 .comment       0x00000043       0x44 ./Drivers/STM32F4xx_HAL_Driver/Src/stm32f4xx_hal_cortex.o
 .comment       0x00000043       0x44 ./Drivers/STM32F4xx_HAL_Driver/Src/stm32f4xx_hal_gpio.o
 .comment       0x00000043       0x44 ./Drivers/STM32F4xx_HAL_Driver/Src/stm32f4xx_hal_pcd.o
 .comment       0x00000043       0x44 ./Drivers/STM32F4xx_HAL_Driver/Src/stm32f4xx_hal_pcd_ex.o
 .comment       0x00000043       0x44 ./Drivers/STM32F4xx_HAL_Driver/Src/stm32f4xx_hal_rcc.o
 .comment       0x00000043       0x44 ./Drivers/STM32F4xx_HAL_Driver/Src/stm32f4xx_hal_tim.o
 .comment       0x00000043       0x44 ./Drivers/STM32F4xx_HAL_Driver/Src/stm32f4xx_hal_tim_ex.o
 .comment       0x00000043       0x44 ./Drivers/STM32F4xx_HAL_Driver/Src/stm32f4xx_ll_usb.o
 .comment       0x00000043       0x44 ./Middlewares/ST/STM32_USB_Device_Library/Class/CDC/Src/usbd_cdc.o
 .comment       0x00000043       0x44 ./Middlewares/ST/STM32_USB_Device_Library/Core/Src/usbd_core.o
 .comment       0x00000043       0x44 ./Middlewares/ST/STM32_USB_Device_Library/Core/Src/usbd_ctlreq.o
 .comment       0x00000043       0x44 ./Middlewares/ST/STM32_USB_Device_Library/Core/Src/usbd_ioreq.o
 .comment       0x00000043       0x44 ./USB_DEVICE/App/usb_device.o
 .comment       0x00000043       0x44 ./USB_DEVICE/App/usbd_cdc_if.o
 .comment       0x00000043       0x44 ./USB_DEVICE/App/usbd_desc.o
 .comment       0x00000043       0x44 ./USB_DEVICE/Target/usbd_conf.o

.debug_frame    0x00000000     0x4640
 .debug_frame   0x00000000      0x144 ./Core/Src/main.o
 .debug_frame   0x00000144       0xa4 ./Core/Src/stm32f4xx_hal_msp.o
 .debug_frame   0x000001e8      0x158 ./Core/Src/stm32f4xx_it.o
 .debug_frame   0x00000340       0x58 ./Core/Src/system_stm32f4xx.o
 .debug_frame   0x00000398      0x374 ./Drivers/STM32F4xx_HAL_Driver/Src/stm32f4xx_hal.o
 .debug_frame   0x0000070c      0x508 ./Drivers/STM32F4xx_HAL_Driver/Src/stm32f4xx_hal_cortex.o
 .debug_frame   0x00000c14      0x14c ./Drivers/STM32F4xx_HAL_Driver/Src/stm32f4xx_hal_gpio.o
 .debug_frame   0x00000d60      0x5b8 ./Drivers/STM32F4xx_HAL_Driver/Src/stm32f4xx_hal_pcd.o
 .debug_frame   0x00001318       0xb0 ./Drivers/STM32F4xx_HAL_Driver/Src/stm32f4xx_hal_pcd_ex.o
 .debug_frame   0x000013c8      0x1f4 ./Drivers/STM32F4xx_HAL_Driver/Src/stm32f4xx_hal_rcc.o
 .debug_frame   0x000015bc     0x11b8 ./Drivers/STM32F4xx_HAL_Driver/Src/stm32f4xx_hal_tim.o
 .debug_frame   0x00002774      0x638 ./Drivers/STM32F4xx_HAL_Driver/Src/stm32f4xx_hal_tim_ex.o
 .debug_frame   0x00002dac      0x7c0 ./Drivers/STM32F4xx_HAL_Driver/Src/stm32f4xx_ll_usb.o
 .debug_frame   0x0000356c      0x23c ./Middlewares/ST/STM32_USB_Device_Library/Class/CDC/Src/usbd_cdc.o
 .debug_frame   0x000037a8      0x390 ./Middlewares/ST/STM32_USB_Device_Library/Core/Src/usbd_core.o
 .debug_frame   0x00003b38      0x23c ./Middlewares/ST/STM32_USB_Device_Library/Core/Src/usbd_ctlreq.o
 .debug_frame   0x00003d74      0x10c ./Middlewares/ST/STM32_USB_Device_Library/Core/Src/usbd_ioreq.o
 .debug_frame   0x00003e80       0x2c ./USB_DEVICE/App/usb_device.o
 .debug_frame   0x00003eac       0xe4 ./USB_DEVICE/App/usbd_cdc_if.o
 .debug_frame   0x00003f90      0x160 ./USB_DEVICE/App/usbd_desc.o
 .debug_frame   0x000040f0      0x47c ./USB_DEVICE/Target/usbd_conf.o
 .debug_frame   0x0000456c       0x20 D:/Programs/STM32CubeIDE_1.17.0/STM32CubeIDE/plugins/com.st.stm32cube.ide.mcu.externaltools.gnu-tools-for-stm32.12.3.rel1.win32_1.1.0.202410251130/tools/bin/../lib/gcc/arm-none-eabi/12.3.1/../../../../arm-none-eabi/lib/thumb/v7e-m+fp/hard\libc_nano.a(libc_a-memset.o)
 .debug_frame   0x0000458c       0x2c D:/Programs/STM32CubeIDE_1.17.0/STM32CubeIDE/plugins/com.st.stm32cube.ide.mcu.externaltools.gnu-tools-for-stm32.12.3.rel1.win32_1.1.0.202410251130/tools/bin/../lib/gcc/arm-none-eabi/12.3.1/../../../../arm-none-eabi/lib/thumb/v7e-m+fp/hard\libc_nano.a(libc_a-init.o)
 .debug_frame   0x000045b8       0x28 D:/Programs/STM32CubeIDE_1.17.0/STM32CubeIDE/plugins/com.st.stm32cube.ide.mcu.externaltools.gnu-tools-for-stm32.12.3.rel1.win32_1.1.0.202410251130/tools/bin/../lib/gcc/arm-none-eabi/12.3.1/../../../../arm-none-eabi/lib/thumb/v7e-m+fp/hard\libc_nano.a(libc_a-memcpy-stub.o)
 .debug_frame   0x000045e0       0x2c D:/Programs/STM32CubeIDE_1.17.0/STM32CubeIDE/plugins/com.st.stm32cube.ide.mcu.externaltools.gnu-tools-for-stm32.12.3.rel1.win32_1.1.0.202410251130/tools/bin/../lib/gcc/arm-none-eabi/12.3.1/thumb/v7e-m+fp/hard\libgcc.a(_aeabi_uldivmod.o)
 .debug_frame   0x0000460c       0x34 D:/Programs/STM32CubeIDE_1.17.0/STM32CubeIDE/plugins/com.st.stm32cube.ide.mcu.externaltools.gnu-tools-for-stm32.12.3.rel1.win32_1.1.0.202410251130/tools/bin/../lib/gcc/arm-none-eabi/12.3.1/thumb/v7e-m+fp/hard\libgcc.a(_udivmoddi4.o)

.debug_line_str
                0x00000000       0x84
 .debug_line_str
                0x00000000       0x84 ./Core/Startup/startup_stm32f411ceux.o
