04:05:42 **** Incremental Build of configuration Debug for project bullshit test with sketch mcu ****
make -j16 all 
arm-none-eabi-gcc "../Core/Src/main.c" -mcpu=cortex-m3 -std=gnu11 -g3 -DDEBUG -DUSE_HAL_DRIVER -DSTM32F103xB -c -I../Core/Inc -I../Drivers/STM32F1xx_HAL_Driver/Inc/Legacy -I../Drivers/STM32F1xx_HAL_Driver/Inc -I../Drivers/CMSIS/Device/ST/STM32F1xx/Include -I../Drivers/CMSIS/Include -I../USB_DEVICE/App -I../USB_DEVICE/Target -I../Middlewares/ST/STM32_USB_Device_Library/Core/Inc -I../Middlewares/ST/STM32_USB_Device_Library/Class/CDC/Inc -O0 -ffunction-sections -fdata-sections -Wall -fstack-usage -fcyclomatic-complexity -MMD -MP -MF"Core/Src/main.d" -MT"Core/Src/main.o" --specs=nano.specs -mfloat-abi=soft -mthumb -o "Core/Src/main.o"
arm-none-eabi-gcc -o "bullshit test with sketch mcu.elf" @"objects.list"   -mcpu=cortex-m3 -T"O:\projects\Tight Sac O Matic 69000\Stage 4 Sac Tyer\embedded code\bullshit test with sketch mcu\STM32F103C8TX_FLASH.ld" --specs=nosys.specs -Wl,-Map="bullshit test with sketch mcu.map" -Wl,--gc-sections -static --specs=nano.specs -mfloat-abi=soft -mthumb -Wl,--start-group -lc -lm -Wl,--end-group
Finished building target: bullshit test with sketch mcu.elf
 
arm-none-eabi-size  bullshit\ test\ with\ sketch\ mcu.elf 
arm-none-eabi-objdump -h -S bullshit\ test\ with\ sketch\ mcu.elf  > "bullshit test with sketch mcu.list"
   text	   data	    bss	    dec	    hex	filename
  30452	    380	   6116	  36948	   9054	bullshit test with sketch mcu.elf
Finished building: default.size.stdout
 
Finished building: bullshit test with sketch mcu.list
 

04:05:42 Build Finished. 0 errors, 0 warnings. (took 489ms)

