Archive member included to satisfy reference by file (symbol)

D:/Programs/STM32CubeIDE_1.17.0/STM32CubeIDE/plugins/com.st.stm32cube.ide.mcu.externaltools.gnu-tools-for-stm32.12.3.rel1.win32_1.1.0.202410251130/tools/bin/../lib/gcc/arm-none-eabi/12.3.1/../../../../arm-none-eabi/lib/thumb/v7-m/nofp\libc_nano.a(libc_a-exit.o)
                              D:/Programs/STM32CubeIDE_1.17.0/STM32CubeIDE/plugins/com.st.stm32cube.ide.mcu.externaltools.gnu-tools-for-stm32.12.3.rel1.win32_1.1.0.202410251130/tools/bin/../lib/gcc/arm-none-eabi/12.3.1/../../../../arm-none-eabi/lib/thumb/v7-m/nofp/crt0.o (exit)
D:/Programs/STM32CubeIDE_1.17.0/STM32CubeIDE/plugins/com.st.stm32cube.ide.mcu.externaltools.gnu-tools-for-stm32.12.3.rel1.win32_1.1.0.202410251130/tools/bin/../lib/gcc/arm-none-eabi/12.3.1/../../../../arm-none-eabi/lib/thumb/v7-m/nofp\libc_nano.a(libc_a-findfp.o)
                              D:/Programs/STM32CubeIDE_1.17.0/STM32CubeIDE/plugins/com.st.stm32cube.ide.mcu.externaltools.gnu-tools-for-stm32.12.3.rel1.win32_1.1.0.202410251130/tools/bin/../lib/gcc/arm-none-eabi/12.3.1/../../../../arm-none-eabi/lib/thumb/v7-m/nofp\libc_nano.a(libc_a-exit.o) (__stdio_exit_handler)
D:/Programs/STM32CubeIDE_1.17.0/STM32CubeIDE/plugins/com.st.stm32cube.ide.mcu.externaltools.gnu-tools-for-stm32.12.3.rel1.win32_1.1.0.202410251130/tools/bin/../lib/gcc/arm-none-eabi/12.3.1/../../../../arm-none-eabi/lib/thumb/v7-m/nofp\libc_nano.a(libc_a-fwalk.o)
                              D:/Programs/STM32CubeIDE_1.17.0/STM32CubeIDE/plugins/com.st.stm32cube.ide.mcu.externaltools.gnu-tools-for-stm32.12.3.rel1.win32_1.1.0.202410251130/tools/bin/../lib/gcc/arm-none-eabi/12.3.1/../../../../arm-none-eabi/lib/thumb/v7-m/nofp\libc_nano.a(libc_a-findfp.o) (_fwalk_sglue)
D:/Programs/STM32CubeIDE_1.17.0/STM32CubeIDE/plugins/com.st.stm32cube.ide.mcu.externaltools.gnu-tools-for-stm32.12.3.rel1.win32_1.1.0.202410251130/tools/bin/../lib/gcc/arm-none-eabi/12.3.1/../../../../arm-none-eabi/lib/thumb/v7-m/nofp\libc_nano.a(libc_a-stdio.o)
                              D:/Programs/STM32CubeIDE_1.17.0/STM32CubeIDE/plugins/com.st.stm32cube.ide.mcu.externaltools.gnu-tools-for-stm32.12.3.rel1.win32_1.1.0.202410251130/tools/bin/../lib/gcc/arm-none-eabi/12.3.1/../../../../arm-none-eabi/lib/thumb/v7-m/nofp\libc_nano.a(libc_a-findfp.o) (__sread)
D:/Programs/STM32CubeIDE_1.17.0/STM32CubeIDE/plugins/com.st.stm32cube.ide.mcu.externaltools.gnu-tools-for-stm32.12.3.rel1.win32_1.1.0.202410251130/tools/bin/../lib/gcc/arm-none-eabi/12.3.1/../../../../arm-none-eabi/lib/thumb/v7-m/nofp\libc_nano.a(libc_a-memset.o)
                              D:/Programs/STM32CubeIDE_1.17.0/STM32CubeIDE/plugins/com.st.stm32cube.ide.mcu.externaltools.gnu-tools-for-stm32.12.3.rel1.win32_1.1.0.202410251130/tools/bin/../lib/gcc/arm-none-eabi/12.3.1/../../../../arm-none-eabi/lib/thumb/v7-m/nofp/crt0.o (memset)
D:/Programs/STM32CubeIDE_1.17.0/STM32CubeIDE/plugins/com.st.stm32cube.ide.mcu.externaltools.gnu-tools-for-stm32.12.3.rel1.win32_1.1.0.202410251130/tools/bin/../lib/gcc/arm-none-eabi/12.3.1/../../../../arm-none-eabi/lib/thumb/v7-m/nofp\libc_nano.a(libc_a-closer.o)
                              D:/Programs/STM32CubeIDE_1.17.0/STM32CubeIDE/plugins/com.st.stm32cube.ide.mcu.externaltools.gnu-tools-for-stm32.12.3.rel1.win32_1.1.0.202410251130/tools/bin/../lib/gcc/arm-none-eabi/12.3.1/../../../../arm-none-eabi/lib/thumb/v7-m/nofp\libc_nano.a(libc_a-stdio.o) (_close_r)
D:/Programs/STM32CubeIDE_1.17.0/STM32CubeIDE/plugins/com.st.stm32cube.ide.mcu.externaltools.gnu-tools-for-stm32.12.3.rel1.win32_1.1.0.202410251130/tools/bin/../lib/gcc/arm-none-eabi/12.3.1/../../../../arm-none-eabi/lib/thumb/v7-m/nofp\libc_nano.a(libc_a-reent.o)
                              D:/Programs/STM32CubeIDE_1.17.0/STM32CubeIDE/plugins/com.st.stm32cube.ide.mcu.externaltools.gnu-tools-for-stm32.12.3.rel1.win32_1.1.0.202410251130/tools/bin/../lib/gcc/arm-none-eabi/12.3.1/../../../../arm-none-eabi/lib/thumb/v7-m/nofp\libc_nano.a(libc_a-closer.o) (errno)
D:/Programs/STM32CubeIDE_1.17.0/STM32CubeIDE/plugins/com.st.stm32cube.ide.mcu.externaltools.gnu-tools-for-stm32.12.3.rel1.win32_1.1.0.202410251130/tools/bin/../lib/gcc/arm-none-eabi/12.3.1/../../../../arm-none-eabi/lib/thumb/v7-m/nofp\libc_nano.a(libc_a-impure.o)
                              D:/Programs/STM32CubeIDE_1.17.0/STM32CubeIDE/plugins/com.st.stm32cube.ide.mcu.externaltools.gnu-tools-for-stm32.12.3.rel1.win32_1.1.0.202410251130/tools/bin/../lib/gcc/arm-none-eabi/12.3.1/../../../../arm-none-eabi/lib/thumb/v7-m/nofp\libc_nano.a(libc_a-reent.o) (_impure_ptr)
D:/Programs/STM32CubeIDE_1.17.0/STM32CubeIDE/plugins/com.st.stm32cube.ide.mcu.externaltools.gnu-tools-for-stm32.12.3.rel1.win32_1.1.0.202410251130/tools/bin/../lib/gcc/arm-none-eabi/12.3.1/../../../../arm-none-eabi/lib/thumb/v7-m/nofp\libc_nano.a(libc_a-lseekr.o)
[...]
Memory Configuration

Name             Origin             Length             Attributes
RAM              0x20000000         0x00005000         xrw
FLASH            0x08000000         0x00010000         xr
*default*        0x00000000         0xffffffff

Linker script and memory map

LOAD D:/Programs/STM32CubeIDE_1.17.0/STM32CubeIDE/plugins/com.st.stm32cube.ide.mcu.externaltools.gnu-tools-for-stm32.12.3.rel1.win32_1.1.0.202410251130/tools/bin/../lib/gcc/arm-none-eabi/12.3.1/thumb/v7-m/nofp/crti.o
LOAD D:/Programs/STM32CubeIDE_1.17.0/STM32CubeIDE/plugins/com.st.stm32cube.ide.mcu.externaltools.gnu-tools-for-stm32.12.3.rel1.win32_1.1.0.202410251130/tools/bin/../lib/gcc/arm-none-eabi/12.3.1/thumb/v7-m/nofp/crtbegin.o
LOAD D:/Programs/STM32CubeIDE_1.17.0/STM32CubeIDE/plugins/com.st.stm32cube.ide.mcu.externaltools.gnu-tools-for-stm32.12.3.rel1.win32_1.1.0.202410251130/tools/bin/../lib/gcc/arm-none-eabi/12.3.1/../../../../arm-none-eabi/lib/thumb/v7-m/nofp/crt0.o
LOAD ./Core/Src/main.o
LOAD ./Core/Src/stm32f1xx_hal_msp.o
LOAD ./Core/Src/stm32f1xx_it.o
LOAD ./Core/Src/syscalls.o
LOAD ./Core/Src/sysmem.o
LOAD ./Core/Src/system_stm32f1xx.o
LOAD ./Core/Startup/startup_stm32f103c8tx.o
LOAD ./Drivers/STM32F1xx_HAL_Driver/Src/stm32f1xx_hal.o
LOAD ./Drivers/STM32F1xx_HAL_Driver/Src/stm32f1xx_hal_cortex.o
LOAD ./Drivers/STM32F1xx_HAL_Driver/Src/stm32f1xx_hal_dma.o
LOAD ./Drivers/STM32F1xx_HAL_Driver/Src/stm32f1xx_hal_exti.o
LOAD ./Drivers/STM32F1xx_HAL_Driver/Src/stm32f1xx_hal_flash.o
LOAD ./Drivers/STM32F1xx_HAL_Driver/Src/stm32f1xx_hal_flash_ex.o
LOAD ./Drivers/STM32F1xx_HAL_Driver/Src/stm32f1xx_hal_gpio.o
LOAD ./Drivers/STM32F1xx_HAL_Driver/Src/stm32f1xx_hal_gpio_ex.o
LOAD ./Drivers/STM32F1xx_HAL_Driver/Src/stm32f1xx_hal_pcd.o
LOAD ./Drivers/STM32F1xx_HAL_Driver/Src/stm32f1xx_hal_pcd_ex.o
LOAD ./Drivers/STM32F1xx_HAL_Driver/Src/stm32f1xx_hal_pwr.o
LOAD ./Drivers/STM32F1xx_HAL_Driver/Src/stm32f1xx_hal_rcc.o
LOAD ./Drivers/STM32F1xx_HAL_Driver/Src/stm32f1xx_hal_rcc_ex.o
LOAD ./Drivers/STM32F1xx_HAL_Driver/Src/stm32f1xx_ll_usb.o
LOAD ./Middlewares/ST/STM32_USB_Device_Library/Class/CDC/Src/usbd_cdc.o
LOAD ./Middlewares/ST/STM32_USB_Device_Library/Core/Src/usbd_core.o
LOAD ./Middlewares/ST/STM32_USB_Device_Library/Core/Src/usbd_ctlreq.o
LOAD ./Middlewares/ST/STM32_USB_Device_Library/Core/Src/usbd_ioreq.o
LOAD ./USB_DEVICE/App/usb_device.o
LOAD ./USB_DEVICE/App/usbd_cdc_if.o
LOAD ./USB_DEVICE/App/usbd_desc.o
LOAD ./USB_DEVICE/Target/usbd_conf.o
START GROUP
LOAD D:/Programs/STM32CubeIDE_1.17.0/STM32CubeIDE/plugins/com.st.stm32cube.ide.mcu.externaltools.gnu-tools-for-stm32.12.3.rel1.win32_1.1.0.202410251130/tools/bin/../lib/gcc/arm-none-eabi/12.3.1/../../../../arm-none-eabi/lib/thumb/v7-m/nofp\libc_nano.a
LOAD D:/Programs/STM32CubeIDE_1.17.0/STM32CubeIDE/plugins/com.st.stm32cube.ide.mcu.externaltools.gnu-tools-for-stm32.12.3.rel1.win32_1.1.0.202410251130/tools/bin/../lib/gcc/arm-none-eabi/12.3.1/../../../../arm-none-eabi/lib/thumb/v7-m/nofp\libm.a
END GROUP
START GROUP
LOAD D:/Programs/STM32CubeIDE_1.17.0/STM32CubeIDE/plugins/com.st.stm32cube.ide.mcu.externaltools.gnu-tools-for-stm32.12.3.rel1.win32_1.1.0.202410251130/tools/bin/../lib/gcc/arm-none-eabi/12.3.1/thumb/v7-m/nofp\libgcc.a
LOAD D:/Programs/STM32CubeIDE_1.17.0/STM32CubeIDE/plugins/com.st.stm32cube.ide.mcu.externaltools.gnu-tools-for-stm32.12.3.rel1.win32_1.1.0.202410251130/tools/bin/../lib/gcc/arm-none-eabi/12.3.1/../../../../arm-none-eabi/lib/thumb/v7-m/nofp\libc_nano.a
END GROUP
START GROUP
LOAD D:/Programs/STM32CubeIDE_1.17.0/STM32CubeIDE/plugins/com.st.stm32cube.ide.mcu.externaltools.gnu-tools-for-stm32.12.3.rel1.win32_1.1.0.202410251130/tools/bin/../lib/gcc/arm-none-eabi/12.3.1/thumb/v7-m/nofp\libgcc.a
LOAD D:/Programs/STM32CubeIDE_1.17.0/STM32CubeIDE/plugins/com.st.stm32cube.ide.mcu.externaltools.gnu-tools-for-stm32.12.3.rel1.win32_1.1.0.202410251130/tools/bin/../lib/gcc/arm-none-eabi/12.3.1/../../../../arm-none-eabi/lib/thumb/v7-m/nofp\libc_nano.a
LOAD D:/Programs/STM32CubeIDE_1.17.0/STM32CubeIDE/plugins/com.st.stm32cube.ide.mcu.externaltools.gnu-tools-for-stm32.12.3.rel1.win32_1.1.0.202410251130/tools/bin/../lib/gcc/arm-none-eabi/12.3.1/../../../../arm-none-eabi/lib/thumb/v7-m/nofp\libnosys.a
END GROUP
START GROUP
LOAD D:/Programs/STM32CubeIDE_1.17.0/STM32CubeIDE/plugins/com.st.stm32cube.ide.mcu.externaltools.gnu-tools-for-stm32.12.3.rel1.win32_1.1.0.202410251130/tools/bin/../lib/gcc/arm-none-eabi/12.3.1/thumb/v7-m/nofp\libgcc.a
LOAD D:/Programs/STM32CubeIDE_1.17.0/STM32CubeIDE/plugins/com.st.stm32cube.ide.mcu.externaltools.gnu-tools-for-stm32.12.3.rel1.win32_1.1.0.202410251130/tools/bin/../lib/gcc/arm-none-eabi/12.3.1/../../../../arm-none-eabi/lib/thumb/v7-m/nofp\libc_nano.a
LOAD D:/Programs/STM32CubeIDE_1.17.0/STM32CubeIDE/plugins/com.st.stm32cube.ide.mcu.externaltools.gnu-tools-for-stm32.12.3.rel1.win32_1.1.0.202410251130/tools/bin/../lib/gcc/arm-none-eabi/12.3.1/../../../../arm-none-eabi/lib/thumb/v7-m/nofp\libnosys.a
END GROUP
LOAD D:/Programs/STM32CubeIDE_1.17.0/STM32CubeIDE/plugins/com.st.stm32cube.ide.mcu.externaltools.gnu-tools-for-stm32.12.3.rel1.win32_1.1.0.202410251130/tools/bin/../lib/gcc/arm-none-eabi/12.3.1/thumb/v7-m/nofp/crtend.o
LOAD D:/Programs/STM32CubeIDE_1.17.0/STM32CubeIDE/plugins/com.st.stm32cube.ide.mcu.externaltools.gnu-tools-for-stm32.12.3.rel1.win32_1.1.0.202410251130/tools/bin/../lib/gcc/arm-none-eabi/12.3.1/thumb/v7-m/nofp/crtn.o
                0x20005000                        _estack = (ORIGIN (RAM) + LENGTH (RAM))
                0x00000200                        _Min_Heap_Size = 0x200
                0x00000400                        _Min_Stack_Size = 0x400

.isr_vector     0x08000000      0x10c
                0x08000000                        . = ALIGN (0x4)
 *(.isr_vector)
 .isr_vector    0x08000000      0x10c ./Core/Startup/startup_stm32f103c8tx.o
                0x08000000                g_pfnVectors
                0x0800010c                        . = ALIGN (0x4)

.text           0x0800010c     0x7554
                0x0800010c                        . = ALIGN (0x4)
 *(.text)
 .text          0x0800010c       0x40 D:/Programs/STM32CubeIDE_1.17.0/STM32CubeIDE/plugins/com.st.stm32cube.ide.mcu.externaltools.gnu-tools-for-stm32.12.3.rel1.win32_1.1.0.202410251130/tools/bin/../lib/gcc/arm-none-eabi/12.3.1/thumb/v7-m/nofp/crtbegin.o
 *(.text*)
 .text.main     0x0800014c       0x4c ./Core/Src/main.o
                0x0800014c                main
 .text.SystemClock_Config
                0x08000198       0xb4 ./Core/Src/main.o
                0x08000198                SystemClock_Config
 .text.MX_GPIO_Init
                0x0800024c       0x98 ./Core/Src/main.o
 .text.Error_Handler
                0x080002e4        0xc ./Core/Src/main.o
                0x080002e4                Error_Handler
 .text.HAL_MspInit
                0x080002f0       0x64 ./Core/Src/stm32f1xx_hal_msp.o
                0x080002f0                HAL_MspInit
 .text.NMI_Handler
                0x08000354        0x8 ./Core/Src/stm32f1xx_it.o
                0x08000354                NMI_Handler
 .text.HardFault_Handler
                0x0800035c        0x8 ./Core/Src/stm32f1xx_it.o
                0x0800035c                HardFault_Handler
 .text.MemManage_Handler
                0x08000364        0x8 ./Core/Src/stm32f1xx_it.o
                0x08000364                MemManage_Handler
 .text.BusFault_Handler
                0x0800036c        0x8 ./Core/Src/stm32f1xx_it.o
                0x0800036c                BusFault_Handler
 .text.UsageFault_Handler
                0x08000374        0x8 ./Core/Src/stm32f1xx_it.o
                0x08000374                UsageFault_Handler
 .text.SVC_Handler
                0x0800037c        0xc ./Core/Src/stm32f1xx_it.o
                0x0800037c                SVC_Handler
 .text.DebugMon_Handler
                0x08000388        0xc ./Core/Src/stm32f1xx_it.o
                0x08000388                DebugMon_Handler
 .text.PendSV_Handler
                0x08000394        0xc ./Core/Src/stm32f1xx_it.o
                0x08000394                PendSV_Handler
 .text.SysTick_Handler
                0x080003a0        0xc ./Core/Src/stm32f1xx_it.o
                0x080003a0                SysTick_Handler
 .text.USB_HP_CAN1_TX_IRQHandler
                0x080003ac       0x14 ./Core/Src/stm32f1xx_it.o
                0x080003ac                USB_HP_CAN1_TX_IRQHandler
 .text.USB_LP_CAN1_RX0_IRQHandler
                0x080003c0       0x14 ./Core/Src/stm32f1xx_it.o
                0x080003c0                USB_LP_CAN1_RX0_IRQHandler
 .text.SystemInit
                0x080003d4        0xc ./Core/Src/system_stm32f1xx.o
                0x080003d4                SystemInit
 .text.Reset_Handler
                0x080003e0       0x48 ./Core/Startup/startup_stm32f103c8tx.o
                0x080003e0                Reset_Handler
 .text.Default_Handler
                0x08000428        0x2 ./Core/Startup/startup_stm32f103c8tx.o
                0x08000428                RTC_Alarm_IRQHandler
                0x08000428                EXTI2_IRQHandler
                0x08000428                TIM1_CC_IRQHandler
                0x08000428                PVD_IRQHandler
                0x08000428                EXTI3_IRQHandler
                0x08000428                EXTI0_IRQHandler
                0x08000428                I2C2_EV_IRQHandler
                0x08000428                ADC1_2_IRQHandler
                0x08000428                SPI1_IRQHandler
                0x08000428                TAMPER_IRQHandler
                0x08000428                DMA1_Channel4_IRQHandler
                0x08000428                USART3_IRQHandler
                0x08000428                RTC_IRQHandler
                0x08000428                DMA1_Channel7_IRQHandler
                0x08000428                CAN1_RX1_IRQHandler
                0x08000428                TIM4_IRQHandler
                0x08000428                I2C1_EV_IRQHandler
                0x08000428                DMA1_Channel6_IRQHandler
                0x08000428                TIM3_IRQHandler
                0x08000428                RCC_IRQHandler
                0x08000428                TIM1_TRG_COM_IRQHandler
                0x08000428                DMA1_Channel1_IRQHandler
                0x08000428                Default_Handler
                0x08000428                EXTI15_10_IRQHandler
                0x08000428                EXTI9_5_IRQHandler
                0x08000428                SPI2_IRQHandler
                0x08000428                DMA1_Channel5_IRQHandler
                0x08000428                EXTI4_IRQHandler
                0x08000428                DMA1_Channel3_IRQHandler
                0x08000428                TIM1_UP_IRQHandler
                0x08000428                WWDG_IRQHandler
                0x08000428                TIM2_IRQHandler
                0x08000428                TIM1_BRK_IRQHandler
                0x08000428                EXTI1_IRQHandler
                0x08000428                USART2_IRQHandler
                0x08000428                I2C2_ER_IRQHandler
                0x08000428                DMA1_Channel2_IRQHandler
                0x08000428                CAN1_SCE_IRQHandler
                0x08000428                FLASH_IRQHandler
                0x08000428                USART1_IRQHandler
                0x08000428                I2C1_ER_IRQHandler
                0x08000428                USBWakeUp_IRQHandler
 *fill*         0x0800042a        0x2 
 .text.HAL_Init
                0x0800042c       0x2c ./Drivers/STM32F1xx_HAL_Driver/Src/stm32f1xx_hal.o
                0x0800042c                HAL_Init
 .text.HAL_InitTick
                0x08000458       0x60 ./Drivers/STM32F1xx_HAL_Driver/Src/stm32f1xx_hal.o
                0x08000458                HAL_InitTick
 .text.HAL_IncTick
                0x080004b8       0x24 ./Drivers/STM32F1xx_HAL_Driver/Src/stm32f1xx_hal.o
                0x080004b8                HAL_IncTick
 .text.HAL_GetTick
                0x080004dc       0x14 ./Drivers/STM32F1xx_HAL_Driver/Src/stm32f1xx_hal.o
                0x080004dc                HAL_GetTick
 .text.HAL_Delay
                0x080004f0       0x48 ./Drivers/STM32F1xx_HAL_Driver/Src/stm32f1xx_hal.o
                0x080004f0                HAL_Delay
 .text.__NVIC_SetPriorityGrouping
                0x08000538       0x48 ./Drivers/STM32F1xx_HAL_Driver/Src/stm32f1xx_hal_cortex.o
 .text.__NVIC_GetPriorityGrouping
                0x08000580       0x1c ./Drivers/STM32F1xx_HAL_Driver/Src/stm32f1xx_hal_cortex.o
 .text.__NVIC_EnableIRQ
                0x0800059c       0x38 ./Drivers/STM32F1xx_HAL_Driver/Src/stm32f1xx_hal_cortex.o
 .text.__NVIC_SetPriority
                0x080005d4       0x54 ./Drivers/STM32F1xx_HAL_Driver/Src/stm32f1xx_hal_cortex.o
 .text.NVIC_EncodePriority
                0x08000628       0x64 ./Drivers/STM32F1xx_HAL_Driver/Src/stm32f1xx_hal_cortex.o
 .text.SysTick_Config
                0x0800068c       0x44 ./Drivers/STM32F1xx_HAL_Driver/Src/stm32f1xx_hal_cortex.o
 .text.HAL_NVIC_SetPriorityGrouping
                0x080006d0       0x16 ./Drivers/STM32F1xx_HAL_Driver/Src/stm32f1xx_hal_cortex.o
                0x080006d0                HAL_NVIC_SetPriorityGrouping
 .text.HAL_NVIC_SetPriority
                0x080006e6       0x38 ./Drivers/STM32F1xx_HAL_Driver/Src/stm32f1xx_hal_cortex.o
                0x080006e6                HAL_NVIC_SetPriority
 .text.HAL_NVIC_EnableIRQ
                0x0800071e       0x1c ./Drivers/STM32F1xx_HAL_Driver/Src/stm32f1xx_hal_cortex.o
                0x0800071e                HAL_NVIC_EnableIRQ
 .text.HAL_SYSTICK_Config
                0x0800073a       0x18 ./Drivers/STM32F1xx_HAL_Driver/Src/stm32f1xx_hal_cortex.o
                0x0800073a                HAL_SYSTICK_Config
 *fill*         0x08000752        0x2 
 .text.HAL_GPIO_Init
                0x08000754      0x308 ./Drivers/STM32F1xx_HAL_Driver/Src/stm32f1xx_hal_gpio.o
                0x08000754                HAL_GPIO_Init
 .text.HAL_GPIO_WritePin
                0x08000a5c       0x30 ./Drivers/STM32F1xx_HAL_Driver/Src/stm32f1xx_hal_gpio.o
                0x08000a5c                HAL_GPIO_WritePin
 .text.HAL_GPIO_TogglePin
                0x08000a8c       0x32 ./Drivers/STM32F1xx_HAL_Driver/Src/stm32f1xx_hal_gpio.o
                0x08000a8c                HAL_GPIO_TogglePin
 .text.HAL_PCD_Init
                0x08000abe      0x1ec ./Drivers/STM32F1xx_HAL_Driver/Src/stm32f1xx_hal_pcd.o
                0x08000abe                HAL_PCD_Init
 .text.HAL_PCD_Start
                0x08000caa       0x4c ./Drivers/STM32F1xx_HAL_Driver/Src/stm32f1xx_hal_pcd.o
                0x08000caa                HAL_PCD_Start
 .text.HAL_PCD_IRQHandler
                0x08000cf6      0x260 ./Drivers/STM32F1xx_HAL_Driver/Src/stm32f1xx_hal_pcd.o
                0x08000cf6                HAL_PCD_IRQHandler
 .text.HAL_PCD_SetAddress
                0x08000f56       0x48 ./Drivers/STM32F1xx_HAL_Driver/Src/stm32f1xx_hal_pcd.o
                0x08000f56                HAL_PCD_SetAddress
 .text.HAL_PCD_EP_Open
                0x08000f9e       0xba ./Drivers/STM32F1xx_HAL_Driver/Src/stm32f1xx_hal_pcd.o
                0x08000f9e                HAL_PCD_EP_Open
 .text.HAL_PCD_EP_Close
                0x08001058       0x90 ./Drivers/STM32F1xx_HAL_Driver/Src/stm32f1xx_hal_pcd.o
                0x08001058                HAL_PCD_EP_Close
 .text.HAL_PCD_EP_Receive
                0x080010e8       0x62 ./Drivers/STM32F1xx_HAL_Driver/Src/stm32f1xx_hal_pcd.o
                0x080010e8                HAL_PCD_EP_Receive
 .text.HAL_PCD_EP_GetRxCount
                0x0800114a       0x2e ./Drivers/STM32F1xx_HAL_Driver/Src/stm32f1xx_hal_pcd.o
                0x0800114a                HAL_PCD_EP_GetRxCount
 .text.HAL_PCD_EP_Transmit
                0x08001178       0x6e ./Drivers/STM32F1xx_HAL_Driver/Src/stm32f1xx_hal_pcd.o
                0x08001178                HAL_PCD_EP_Transmit
 .text.HAL_PCD_EP_SetStall
                0x080011e6       0xc0 ./Drivers/STM32F1xx_HAL_Driver/Src/stm32f1xx_hal_pcd.o
                0x080011e6                HAL_PCD_EP_SetStall
 .text.HAL_PCD_EP_ClrStall
                0x080012a6       0xa8 ./Drivers/STM32F1xx_HAL_Driver/Src/stm32f1xx_hal_pcd.o
                0x080012a6                HAL_PCD_EP_ClrStall
 .text.PCD_EP_ISR_Handler
                0x0800134e      0x79e ./Drivers/STM32F1xx_HAL_Driver/Src/stm32f1xx_hal_pcd.o
 .text.HAL_PCD_EP_DB_Receive
                0x08001aec      0x21a ./Drivers/STM32F1xx_HAL_Driver/Src/stm32f1xx_hal_pcd.o
 .text.HAL_PCD_EP_DB_Transmit
                0x08001d06      0x7f4 ./Drivers/STM32F1xx_HAL_Driver/Src/stm32f1xx_hal_pcd.o
 .text.HAL_PCDEx_PMAConfig
                0x080024fa       0x84 ./Drivers/STM32F1xx_HAL_Driver/Src/stm32f1xx_hal_pcd_ex.o
                0x080024fa                HAL_PCDEx_PMAConfig
 *fill*         0x0800257e        0x2 
 .text.HAL_RCC_OscConfig
                0x08002580      0x504 ./Drivers/STM32F1xx_HAL_Driver/Src/stm32f1xx_hal_rcc.o
                0x08002580                HAL_RCC_OscConfig
 .text.HAL_RCC_ClockConfig
                0x08002a84      0x1d4 ./Drivers/STM32F1xx_HAL_Driver/Src/stm32f1xx_hal_rcc.o
                0x08002a84                HAL_RCC_ClockConfig
 .text.HAL_RCC_GetSysClockFreq
                0x08002c58       0xa8 ./Drivers/STM32F1xx_HAL_Driver/Src/stm32f1xx_hal_rcc.o
                0x08002c58                HAL_RCC_GetSysClockFreq
 .text.RCC_Delay
                0x08002d00       0x3c ./Drivers/STM32F1xx_HAL_Driver/Src/stm32f1xx_hal_rcc.o
 .text.HAL_RCCEx_PeriphCLKConfig
                0x08002d3c      0x16c ./Drivers/STM32F1xx_HAL_Driver/Src/stm32f1xx_hal_rcc_ex.o
                0x08002d3c                HAL_RCCEx_PeriphCLKConfig
 .text.USB_CoreInit
                0x08002ea8       0x1a ./Drivers/STM32F1xx_HAL_Driver/Src/stm32f1xx_ll_usb.o
                0x08002ea8                USB_CoreInit
 .text.USB_EnableGlobalInt
                0x08002ec2       0x2c ./Drivers/STM32F1xx_HAL_Driver/Src/stm32f1xx_ll_usb.o
                0x08002ec2                USB_EnableGlobalInt
 .text.USB_DisableGlobalInt
                0x08002eee       0x34 ./Drivers/STM32F1xx_HAL_Driver/Src/stm32f1xx_ll_usb.o
                0x08002eee                USB_DisableGlobalInt
 .text.USB_SetCurrentMode
                0x08002f22       0x18 ./Drivers/STM32F1xx_HAL_Driver/Src/stm32f1xx_ll_usb.o
                0x08002f22                USB_SetCurrentMode
 .text.USB_DevInit
                0x08002f3a       0x3a ./Drivers/STM32F1xx_HAL_Driver/Src/stm32f1xx_ll_usb.o
                0x08002f3a                USB_DevInit
 .text.USB_ActivateEndpoint
                0x08002f74      0x780 ./Drivers/STM32F1xx_HAL_Driver/Src/stm32f1xx_ll_usb.o
                0x08002f74                USB_ActivateEndpoint
 .text.USB_DeactivateEndpoint
                0x080036f4      0x3d8 ./Drivers/STM32F1xx_HAL_Driver/Src/stm32f1xx_ll_usb.o
                0x080036f4                USB_DeactivateEndpoint
 .text.USB_EPStartXfer
                0x08003acc     0x1762 ./Drivers/STM32F1xx_HAL_Driver/Src/stm32f1xx_ll_usb.o
                0x08003acc                USB_EPStartXfer
 .text.USB_EPSetStall
                0x0800522e       0xa0 ./Drivers/STM32F1xx_HAL_Driver/Src/stm32f1xx_ll_usb.o
                0x0800522e                USB_EPSetStall
 .text.USB_EPClearStall
                0x080052ce      0x15a ./Drivers/STM32F1xx_HAL_Driver/Src/stm32f1xx_ll_usb.o
                0x080052ce                USB_EPClearStall
 .text.USB_SetDevAddress
                0x08005428       0x26 ./Drivers/STM32F1xx_HAL_Driver/Src/stm32f1xx_ll_usb.o
                0x08005428                USB_SetDevAddress
 .text.USB_DevConnect
                0x0800544e       0x14 ./Drivers/STM32F1xx_HAL_Driver/Src/stm32f1xx_ll_usb.o
                0x0800544e                USB_DevConnect
 .text.USB_DevDisconnect
                0x08005462       0x14 ./Drivers/STM32F1xx_HAL_Driver/Src/stm32f1xx_ll_usb.o
                0x08005462                USB_DevDisconnect
 .text.USB_ReadInterrupts
                0x08005476       0x1e ./Drivers/STM32F1xx_HAL_Driver/Src/stm32f1xx_ll_usb.o
                0x08005476                USB_ReadInterrupts
 .text.USB_EP0_OutStart
                0x08005494       0x16 ./Drivers/STM32F1xx_HAL_Driver/Src/stm32f1xx_ll_usb.o
                0x08005494                USB_EP0_OutStart
 .text.USB_WritePMA
                0x080054aa       0x8a ./Drivers/STM32F1xx_HAL_Driver/Src/stm32f1xx_ll_usb.o
                0x080054aa                USB_WritePMA
 .text.USB_ReadPMA
                0x08005534       0x9e ./Drivers/STM32F1xx_HAL_Driver/Src/stm32f1xx_ll_usb.o
                0x08005534                USB_ReadPMA
 .text.USBD_CDC_Init
                0x080055d2       0xf4 ./Middlewares/ST/STM32_USB_Device_Library/Class/CDC/Src/usbd_cdc.o
 .text.USBD_CDC_DeInit
                0x080056c6       0x6e ./Middlewares/ST/STM32_USB_Device_Library/Class/CDC/Src/usbd_cdc.o
 .text.USBD_CDC_Setup
                0x08005734      0x146 ./Middlewares/ST/STM32_USB_Device_Library/Class/CDC/Src/usbd_cdc.o
 .text.USBD_CDC_DataIn
                0x0800587a       0xa6 ./Middlewares/ST/STM32_USB_Device_Library/Class/CDC/Src/usbd_cdc.o
 .text.USBD_CDC_DataOut
                0x08005920       0x56 ./Middlewares/ST/STM32_USB_Device_Library/Class/CDC/Src/usbd_cdc.o
 .text.USBD_CDC_EP0_RxReady
                0x08005976       0x4e ./Middlewares/ST/STM32_USB_Device_Library/Class/CDC/Src/usbd_cdc.o
 .text.USBD_CDC_GetFSCfgDesc
                0x080059c4       0x20 ./Middlewares/ST/STM32_USB_Device_Library/Class/CDC/Src/usbd_cdc.o
 .text.USBD_CDC_GetHSCfgDesc
                0x080059e4       0x20 ./Middlewares/ST/STM32_USB_Device_Library/Class/CDC/Src/usbd_cdc.o
 .text.USBD_CDC_GetOtherSpeedCfgDesc
                0x08005a04       0x20 ./Middlewares/ST/STM32_USB_Device_Library/Class/CDC/Src/usbd_cdc.o
 .text.USBD_CDC_GetDeviceQualifierDescriptor
                0x08005a24       0x20 ./Middlewares/ST/STM32_USB_Device_Library/Class/CDC/Src/usbd_cdc.o
                0x08005a24                USBD_CDC_GetDeviceQualifierDescriptor
 .text.USBD_CDC_RegisterInterface
                0x08005a44       0x2c ./Middlewares/ST/STM32_USB_Device_Library/Class/CDC/Src/usbd_cdc.o
                0x08005a44                USBD_CDC_RegisterInterface
 .text.USBD_CDC_SetTxBuffer
                0x08005a70       0x32 ./Middlewares/ST/STM32_USB_Device_Library/Class/CDC/Src/usbd_cdc.o
                0x08005a70                USBD_CDC_SetTxBuffer
 .text.USBD_CDC_SetRxBuffer
                0x08005aa2       0x26 ./Middlewares/ST/STM32_USB_Device_Library/Class/CDC/Src/usbd_cdc.o
                0x08005aa2                USBD_CDC_SetRxBuffer
 .text.USBD_CDC_TransmitPacket
                0x08005ac8       0x5e ./Middlewares/ST/STM32_USB_Device_Library/Class/CDC/Src/usbd_cdc.o
                0x08005ac8                USBD_CDC_TransmitPacket
 .text.USBD_CDC_ReceivePacket
                0x08005b26       0x54 ./Middlewares/ST/STM32_USB_Device_Library/Class/CDC/Src/usbd_cdc.o
                0x08005b26                USBD_CDC_ReceivePacket
 .text.USBD_Init
                0x08005b7a       0x56 ./Middlewares/ST/STM32_USB_Device_Library/Core/Src/usbd_core.o
                0x08005b7a                USBD_Init
 .text.USBD_RegisterClass
                0x08005bd0       0x32 ./Middlewares/ST/STM32_USB_Device_Library/Core/Src/usbd_core.o
                0x08005bd0                USBD_RegisterClass
 .text.USBD_Start
                0x08005c02       0x18 ./Middlewares/ST/STM32_USB_Device_Library/Core/Src/usbd_core.o
                0x08005c02                USBD_Start
 .text.USBD_RunTestMode
                0x08005c1a       0x14 ./Middlewares/ST/STM32_USB_Device_Library/Core/Src/usbd_core.o
                0x08005c1a                USBD_RunTestMode
 .text.USBD_SetClassConfig
                0x08005c2e       0x3e ./Middlewares/ST/STM32_USB_Device_Library/Core/Src/usbd_core.o
                0x08005c2e                USBD_SetClassConfig
 .text.USBD_ClrClassConfig
                0x08005c6c       0x26 ./Middlewares/ST/STM32_USB_Device_Library/Core/Src/usbd_core.o
                0x08005c6c                USBD_ClrClassConfig
 .text.USBD_LL_SetupStage
                0x08005c92       0x9a ./Middlewares/ST/STM32_USB_Device_Library/Core/Src/usbd_core.o
                0x08005c92                USBD_LL_SetupStage
 .text.USBD_LL_DataOutStage
                0x08005d2c       0xe2 ./Middlewares/ST/STM32_USB_Device_Library/Core/Src/usbd_core.o
                0x08005d2c                USBD_LL_DataOutStage
 .text.USBD_LL_DataInStage
                0x08005e0e      0x14a ./Middlewares/ST/STM32_USB_Device_Library/Core/Src/usbd_core.o
                0x08005e0e                USBD_LL_DataInStage
 .text.USBD_LL_Reset
                0x08005f58       0x82 ./Middlewares/ST/STM32_USB_Device_Library/Core/Src/usbd_core.o
                0x08005f58                USBD_LL_Reset
 .text.USBD_LL_SetSpeed
                0x08005fda       0x1e ./Middlewares/ST/STM32_USB_Device_Library/Core/Src/usbd_core.o
                0x08005fda                USBD_LL_SetSpeed
 .text.USBD_LL_Suspend
                0x08005ff8       0x28 ./Middlewares/ST/STM32_USB_Device_Library/Core/Src/usbd_core.o
                0x08005ff8                USBD_LL_Suspend
 .text.USBD_LL_Resume
                0x08006020       0x2a ./Middlewares/ST/STM32_USB_Device_Library/Core/Src/usbd_core.o
                0x08006020                USBD_LL_Resume
 .text.USBD_LL_SOF
                0x0800604a       0x34 ./Middlewares/ST/STM32_USB_Device_Library/Core/Src/usbd_core.o
                0x0800604a                USBD_LL_SOF
 *fill*         0x0800607e        0x2 
 .text.USBD_StdDevReq
                0x08006080       0xd4 ./Middlewares/ST/STM32_USB_Device_Library/Core/Src/usbd_ctlreq.o
                0x08006080                USBD_StdDevReq
 .text.USBD_StdItfReq
                0x08006154       0x90 ./Middlewares/ST/STM32_USB_Device_Library/Core/Src/usbd_ctlreq.o
                0x08006154                USBD_StdItfReq
 .text.USBD_StdEPReq
                0x080061e4      0x2c6 ./Middlewares/ST/STM32_USB_Device_Library/Core/Src/usbd_ctlreq.o
                0x080061e4                USBD_StdEPReq
 *fill*         0x080064aa        0x2 
 .text.USBD_GetDescriptor
                0x080064ac      0x2d0 ./Middlewares/ST/STM32_USB_Device_Library/Core/Src/usbd_ctlreq.o
 .text.USBD_SetAddress
                0x0800677c       0x86 ./Middlewares/ST/STM32_USB_Device_Library/Core/Src/usbd_ctlreq.o
 *fill*         0x08006802        0x2 
 .text.USBD_SetConfig
                0x08006804      0x11c ./Middlewares/ST/STM32_USB_Device_Library/Core/Src/usbd_ctlreq.o
 .text.USBD_GetConfig
                0x08006920       0x6a ./Middlewares/ST/STM32_USB_Device_Library/Core/Src/usbd_ctlreq.o
 .text.USBD_GetStatus
                0x0800698a       0x66 ./Middlewares/ST/STM32_USB_Device_Library/Core/Src/usbd_ctlreq.o
 .text.USBD_SetFeature
                0x080069f0       0x28 ./Middlewares/ST/STM32_USB_Device_Library/Core/Src/usbd_ctlreq.o
 .text.USBD_ClrFeature
                0x08006a18       0x42 ./Middlewares/ST/STM32_USB_Device_Library/Core/Src/usbd_ctlreq.o
 .text.USBD_ParseSetupRequest
                0x08006a5a       0x72 ./Middlewares/ST/STM32_USB_Device_Library/Core/Src/usbd_ctlreq.o
                0x08006a5a                USBD_ParseSetupRequest
 .text.USBD_CtlError
                0x08006acc       0x22 ./Middlewares/ST/STM32_USB_Device_Library/Core/Src/usbd_ctlreq.o
                0x08006acc                USBD_CtlError
 .text.USBD_GetString
                0x08006aee       0x84 ./Middlewares/ST/STM32_USB_Device_Library/Core/Src/usbd_ctlreq.o
                0x08006aee                USBD_GetString
 .text.USBD_GetLen
                0x08006b72       0x2e ./Middlewares/ST/STM32_USB_Device_Library/Core/Src/usbd_ctlreq.o
 .text.USBD_CtlSendData
                0x08006ba0       0x38 ./Middlewares/ST/STM32_USB_Device_Library/Core/Src/usbd_ioreq.o
                0x08006ba0                USBD_CtlSendData
 .text.USBD_CtlContinueSendData
                0x08006bd8       0x24 ./Middlewares/ST/STM32_USB_Device_Library/Core/Src/usbd_ioreq.o
                0x08006bd8                USBD_CtlContinueSendData
 .text.USBD_CtlPrepareRx
                0x08006bfc       0x3c ./Middlewares/ST/STM32_USB_Device_Library/Core/Src/usbd_ioreq.o
                0x08006bfc                USBD_CtlPrepareRx
 .text.USBD_CtlContinueRx
                0x08006c38       0x24 ./Middlewares/ST/STM32_USB_Device_Library/Core/Src/usbd_ioreq.o
                0x08006c38                USBD_CtlContinueRx
 .text.USBD_CtlSendStatus
                0x08006c5c       0x26 ./Middlewares/ST/STM32_USB_Device_Library/Core/Src/usbd_ioreq.o
                0x08006c5c                USBD_CtlSendStatus
 .text.USBD_CtlReceiveStatus
                0x08006c82       0x26 ./Middlewares/ST/STM32_USB_Device_Library/Core/Src/usbd_ioreq.o
                0x08006c82                USBD_CtlReceiveStatus
 .text.MX_USB_DEVICE_Init
                0x08006ca8       0x60 ./USB_DEVICE/App/usb_device.o
                0x08006ca8                MX_USB_DEVICE_Init
 .text.CDC_Init_FS
                0x08006d08       0x28 ./USB_DEVICE/App/usbd_cdc_if.o
 .text.CDC_DeInit_FS
                0x08006d30        0xe ./USB_DEVICE/App/usbd_cdc_if.o
 *fill*         0x08006d3e        0x2 
 .text.CDC_Control_FS
                0x08006d40       0xbc ./USB_DEVICE/App/usbd_cdc_if.o
 .text.CDC_Receive_FS
                0x08006dfc       0x28 ./USB_DEVICE/App/usbd_cdc_if.o
 .text.CDC_Transmit_FS
                0x08006e24       0x4c ./USB_DEVICE/App/usbd_cdc_if.o
                0x08006e24                CDC_Transmit_FS
 .text.USBD_FS_DeviceDescriptor
                0x08006e70       0x24 ./USB_DEVICE/App/usbd_desc.o
                0x08006e70                USBD_FS_DeviceDescriptor
 .text.USBD_FS_LangIDStrDescriptor
                0x08006e94       0x24 ./USB_DEVICE/App/usbd_desc.o
                0x08006e94                USBD_FS_LangIDStrDescriptor
 .text.USBD_FS_ProductStrDescriptor
                0x08006eb8       0x3c ./USB_DEVICE/App/usbd_desc.o
                0x08006eb8                USBD_FS_ProductStrDescriptor
 .text.USBD_FS_ManufacturerStrDescriptor
                0x08006ef4       0x28 ./USB_DEVICE/App/usbd_desc.o
                0x08006ef4                USBD_FS_ManufacturerStrDescriptor
 .text.USBD_FS_SerialStrDescriptor
                0x08006f1c       0x24 ./USB_DEVICE/App/usbd_desc.o
                0x08006f1c                USBD_FS_SerialStrDescriptor
 .text.USBD_FS_ConfigStrDescriptor
                0x08006f40       0x3c ./USB_DEVICE/App/usbd_desc.o
                0x08006f40                USBD_FS_ConfigStrDescriptor
 .text.USBD_FS_InterfaceStrDescriptor
                0x08006f7c       0x3c ./USB_DEVICE/App/usbd_desc.o
                0x08006f7c                USBD_FS_InterfaceStrDescriptor
 .text.Get_SerialNum
                0x08006fb8       0x58 ./USB_DEVICE/App/usbd_desc.o
 .text.IntToUnicode
                0x08007010       0x7c ./USB_DEVICE/App/usbd_desc.o
 .text.HAL_PCD_MspInit
                0x0800708c       0x5c ./USB_DEVICE/Target/usbd_conf.o
                0x0800708c                HAL_PCD_MspInit
 .text.HAL_PCD_SetupStageCallback
                0x080070e8       0x24 ./USB_DEVICE/Target/usbd_conf.o
                0x080070e8                HAL_PCD_SetupStageCallback
 .text.HAL_PCD_DataOutStageCallback
                0x0800710c       0x36 ./USB_DEVICE/Target/usbd_conf.o
                0x0800710c                HAL_PCD_DataOutStageCallback
 .text.HAL_PCD_DataInStageCallback
                0x08007142       0x34 ./USB_DEVICE/Target/usbd_conf.o
                0x08007142                HAL_PCD_DataInStageCallback
 .text.HAL_PCD_SOFCallback
                0x08007176       0x1c ./USB_DEVICE/Target/usbd_conf.o
                0x08007176                HAL_PCD_SOFCallback
 .text.HAL_PCD_ResetCallback
                0x08007192       0x3c ./USB_DEVICE/Target/usbd_conf.o
                0x08007192                HAL_PCD_ResetCallback
 *fill*         0x080071ce        0x2 
 .text.HAL_PCD_SuspendCallback
                0x080071d0       0x34 ./USB_DEVICE/Target/usbd_conf.o
                0x080071d0                HAL_PCD_SuspendCallback
 .text.HAL_PCD_ResumeCallback
                0x08007204       0x1c ./USB_DEVICE/Target/usbd_conf.o
                0x08007204                HAL_PCD_ResumeCallback
 .text.USBD_LL_Init
                0x08007220       0xb4 ./USB_DEVICE/Target/usbd_conf.o
                0x08007220                USBD_LL_Init
 .text.USBD_LL_Start
                0x080072d4       0x36 ./USB_DEVICE/Target/usbd_conf.o
                0x080072d4                USBD_LL_Start
 .text.USBD_LL_OpenEP
                0x0800730a       0x4c ./USB_DEVICE/Target/usbd_conf.o
                0x0800730a                USBD_LL_OpenEP
 .text.USBD_LL_CloseEP
                0x08007356       0x3e ./USB_DEVICE/Target/usbd_conf.o
                0x08007356                USBD_LL_CloseEP
 .text.USBD_LL_StallEP
                0x08007394       0x3e ./USB_DEVICE/Target/usbd_conf.o
                0x08007394                USBD_LL_StallEP
 .text.USBD_LL_ClearStallEP
                0x080073d2       0x3e ./USB_DEVICE/Target/usbd_conf.o
                0x080073d2                USBD_LL_ClearStallEP
 .text.USBD_LL_IsStallEP
                0x08007410       0x56 ./USB_DEVICE/Target/usbd_conf.o
                0x08007410                USBD_LL_IsStallEP
 .text.USBD_LL_SetUSBAddress
                0x08007466       0x3e ./USB_DEVICE/Target/usbd_conf.o
                0x08007466                USBD_LL_SetUSBAddress
 .text.USBD_LL_Transmit
                0x080074a4       0x46 ./USB_DEVICE/Target/usbd_conf.o
                0x080074a4                USBD_LL_Transmit
 .text.USBD_LL_PrepareReceive
                0x080074ea       0x46 ./USB_DEVICE/Target/usbd_conf.o
                0x080074ea                USBD_LL_PrepareReceive
 .text.USBD_LL_GetRxDataSize
                0x08007530       0x26 ./USB_DEVICE/Target/usbd_conf.o
                0x08007530                USBD_LL_GetRxDataSize
 *fill*         0x08007556        0x2 
 .text.USBD_static_malloc
                0x08007558       0x18 ./USB_DEVICE/Target/usbd_conf.o
                0x08007558                USBD_static_malloc
 .text.USBD_static_free
                0x08007570       0x12 ./USB_DEVICE/Target/usbd_conf.o
                0x08007570                USBD_static_free
 .text.HAL_PCDEx_SetConnectionState
                0x08007582       0x16 ./USB_DEVICE/Target/usbd_conf.o
                0x08007582                HAL_PCDEx_SetConnectionState
 .text.USBD_Get_USB_Status
                0x08007598       0x58 ./USB_DEVICE/Target/usbd_conf.o
 .text.memset   0x080075f0       0x10 D:/Programs/STM32CubeIDE_1.17.0/STM32CubeIDE/plugins/com.st.stm32cube.ide.mcu.externaltools.gnu-tools-for-stm32.12.3.rel1.win32_1.1.0.202410251130/tools/bin/../lib/gcc/arm-none-eabi/12.3.1/../../../../arm-none-eabi/lib/thumb/v7-m/nofp\libc_nano.a(libc_a-memset.o)
                0x080075f0                memset
 .text.__libc_init_array
                0x08007600       0x48 D:/Programs/STM32CubeIDE_1.17.0/STM32CubeIDE/plugins/com.st.stm32cube.ide.mcu.externaltools.gnu-tools-for-stm32.12.3.rel1.win32_1.1.0.202410251130/tools/bin/../lib/gcc/arm-none-eabi/12.3.1/../../../../arm-none-eabi/lib/thumb/v7-m/nofp\libc_nano.a(libc_a-init.o)
                0x08007600                __libc_init_array
 *(.glue_7)
 .glue_7        0x08007648        0x0 linker stubs
 *(.glue_7t)
 .glue_7t       0x08007648        0x0 linker stubs
 *(.eh_frame)
 .eh_frame      0x08007648        0x0 D:/Programs/STM32CubeIDE_1.17.0/STM32CubeIDE/plugins/com.st.stm32cube.ide.mcu.externaltools.gnu-tools-for-stm32.12.3.rel1.win32_1.1.0.202410251130/tools/bin/../lib/gcc/arm-none-eabi/12.3.1/thumb/v7-m/nofp/crtbegin.o
 *(.init)
 .init          0x08007648        0x4 D:/Programs/STM32CubeIDE_1.17.0/STM32CubeIDE/plugins/com.st.stm32cube.ide.mcu.externaltools.gnu-tools-for-stm32.12.3.rel1.win32_1.1.0.202410251130/tools/bin/../lib/gcc/arm-none-eabi/12.3.1/thumb/v7-m/nofp/crti.o
                0x08007648                _init
 .init          0x0800764c        0x8 D:/Programs/STM32CubeIDE_1.17.0/STM32CubeIDE/plugins/com.st.stm32cube.ide.mcu.externaltools.gnu-tools-for-stm32.12.3.rel1.win32_1.1.0.202410251130/tools/bin/../lib/gcc/arm-none-eabi/12.3.1/thumb/v7-m/nofp/crtn.o
 *(.fini)
 .fini          0x08007654        0x4 D:/Programs/STM32CubeIDE_1.17.0/STM32CubeIDE/plugins/com.st.stm32cube.ide.mcu.externaltools.gnu-tools-for-stm32.12.3.rel1.win32_1.1.0.202410251130/tools/bin/../lib/gcc/arm-none-eabi/12.3.1/thumb/v7-m/nofp/crti.o
                0x08007654                _fini
 .fini          0x08007658        0x8 D:/Programs/STM32CubeIDE_1.17.0/STM32CubeIDE/plugins/com.st.stm32cube.ide.mcu.externaltools.gnu-tools-for-stm32.12.3.rel1.win32_1.1.0.202410251130/tools/bin/../lib/gcc/arm-none-eabi/12.3.1/thumb/v7-m/nofp/crtn.o
                0x08007660                        . = ALIGN (0x4)
                0x08007660                        _etext = .

.vfp11_veneer   0x08007660        0x0
 .vfp11_veneer  0x08007660        0x0 linker stubs

.v4_bx          0x08007660        0x0
 .v4_bx         0x08007660        0x0 linker stubs

.iplt           0x08007660        0x0
 .iplt          0x08007660        0x0 D:/Programs/STM32CubeIDE_1.17.0/STM32CubeIDE/plugins/com.st.stm32cube.ide.mcu.externaltools.gnu-tools-for-stm32.12.3.rel1.win32_1.1.0.202410251130/tools/bin/../lib/gcc/arm-none-eabi/12.3.1/thumb/v7-m/nofp/crtbegin.o

.rodata         0x08007660       0x8c
                0x08007660                        . = ALIGN (0x4)
 *(.rodata)
 .rodata        0x08007660       0x26 ./Core/Src/main.o
 *fill*         0x08007686        0x2 
 .rodata        0x08007688       0x3e ./USB_DEVICE/App/usbd_desc.o
 *(.rodata*)
 *fill*         0x080076c6        0x2 
 .rodata.AHBPrescTable
                0x080076c8       0x10 ./Core/Src/system_stm32f1xx.o
                0x080076c8                AHBPrescTable
 .rodata.aPLLMULFactorTable.1
                0x080076d8       0x10 ./Drivers/STM32F1xx_HAL_Driver/Src/stm32f1xx_hal_rcc.o
 .rodata.aPredivFactorTable.0
                0x080076e8        0x2 ./Drivers/STM32F1xx_HAL_Driver/Src/stm32f1xx_hal_rcc.o
                0x080076ec                        . = ALIGN (0x4)
 *fill*         0x080076ea        0x2 

.ARM.extab      0x080076ec        0x0
                0x080076ec                        . = ALIGN (0x4)
 *(.ARM.extab* .gnu.linkonce.armextab.*)
                0x080076ec                        . = ALIGN (0x4)

.ARM            0x080076ec        0x0
                0x080076ec                        . = ALIGN (0x4)
                0x080076ec                        __exidx_start = .
 *(.ARM.exidx*)
                0x080076ec                        __exidx_end = .
                0x080076ec                        . = ALIGN (0x4)

.preinit_array  0x080076ec        0x0
                0x080076ec                        . = ALIGN (0x4)
                0x080076ec                        PROVIDE (__preinit_array_start = .)
 *(.preinit_array*)
                0x080076ec                        PROVIDE (__preinit_array_end = .)
                0x080076ec                        . = ALIGN (0x4)

.init_array     0x080076ec        0x4
                0x080076ec                        . = ALIGN (0x4)
                0x080076ec                        PROVIDE (__init_array_start = .)
 *(SORT_BY_NAME(.init_array.*))
 *(.init_array*)
 .init_array    0x080076ec        0x4 D:/Programs/STM32CubeIDE_1.17.0/STM32CubeIDE/plugins/com.st.stm32cube.ide.mcu.externaltools.gnu-tools-for-stm32.12.3.rel1.win32_1.1.0.202410251130/tools/bin/../lib/gcc/arm-none-eabi/12.3.1/thumb/v7-m/nofp/crtbegin.o
                0x080076f0                        PROVIDE (__init_array_end = .)
                0x080076f0                        . = ALIGN (0x4)

.fini_array     0x080076f0        0x4
                0x080076f0                        . = ALIGN (0x4)
                [!provide]                        PROVIDE (__fini_array_start = .)
 *(SORT_BY_NAME(.fini_array.*))
 *(.fini_array*)
 .fini_array    0x080076f0        0x4 D:/Programs/STM32CubeIDE_1.17.0/STM32CubeIDE/plugins/com.st.stm32cube.ide.mcu.externaltools.gnu-tools-for-stm32.12.3.rel1.win32_1.1.0.202410251130/tools/bin/../lib/gcc/arm-none-eabi/12.3.1/thumb/v7-m/nofp/crtbegin.o
                [!provide]                        PROVIDE (__fini_array_end = .)
                0x080076f4                        . = ALIGN (0x4)
                0x080076f4                        _sidata = LOADADDR (.data)

.rel.dyn        0x080076f4        0x0
 .rel.iplt      0x080076f4        0x0 D:/Programs/STM32CubeIDE_1.17.0/STM32CubeIDE/plugins/com.st.stm32cube.ide.mcu.externaltools.gnu-tools-for-stm32.12.3.rel1.win32_1.1.0.202410251130/tools/bin/../lib/gcc/arm-none-eabi/12.3.1/thumb/v7-m/nofp/crtbegin.o

.data           0x20000000      0x17c load address 0x080076f4
                0x20000000                        . = ALIGN (0x4)
                0x20000000                        _sdata = .
 *(.data)
 *(.data*)
 .data.SystemCoreClock
                0x20000000        0x4 ./Core/Src/system_stm32f1xx.o
                0x20000000                SystemCoreClock
 .data.uwTickPrio
                0x20000004        0x4 ./Drivers/STM32F1xx_HAL_Driver/Src/stm32f1xx_hal.o
                0x20000004                uwTickPrio
 .data.uwTickFreq
                0x20000008        0x1 ./Drivers/STM32F1xx_HAL_Driver/Src/stm32f1xx_hal.o
                0x20000008                uwTickFreq
 *fill*         0x20000009        0x3 
 .data.USBD_CDC_DeviceQualifierDesc
                0x2000000c        0xa ./Middlewares/ST/STM32_USB_Device_Library/Class/CDC/Src/usbd_cdc.o
 *fill*         0x20000016        0x2 
 .data.USBD_CDC
                0x20000018       0x38 ./Middlewares/ST/STM32_USB_Device_Library/Class/CDC/Src/usbd_cdc.o
                0x20000018                USBD_CDC
 .data.USBD_CDC_CfgHSDesc
                0x20000050       0x43 ./Middlewares/ST/STM32_USB_Device_Library/Class/CDC/Src/usbd_cdc.o
                0x20000050                USBD_CDC_CfgHSDesc
 *fill*         0x20000093        0x1 
 .data.USBD_CDC_CfgFSDesc
                0x20000094       0x43 ./Middlewares/ST/STM32_USB_Device_Library/Class/CDC/Src/usbd_cdc.o
                0x20000094                USBD_CDC_CfgFSDesc
 *fill*         0x200000d7        0x1 
 .data.USBD_CDC_OtherSpeedCfgDesc
                0x200000d8       0x43 ./Middlewares/ST/STM32_USB_Device_Library/Class/CDC/Src/usbd_cdc.o
                0x200000d8                USBD_CDC_OtherSpeedCfgDesc
 *fill*         0x2000011b        0x1 
 .data.USBD_Interface_fops_FS
                0x2000011c       0x10 ./USB_DEVICE/App/usbd_cdc_if.o
                0x2000011c                USBD_Interface_fops_FS
 .data.FS_Desc  0x2000012c       0x1c ./USB_DEVICE/App/usbd_desc.o
                0x2000012c                FS_Desc
 .data.USBD_FS_DeviceDesc
                0x20000148       0x12 ./USB_DEVICE/App/usbd_desc.o
                0x20000148                USBD_FS_DeviceDesc
 *fill*         0x2000015a        0x2 
 .data.USBD_LangIDDesc
                0x2000015c        0x4 ./USB_DEVICE/App/usbd_desc.o
                0x2000015c                USBD_LangIDDesc
 .data.USBD_StringSerial
                0x20000160       0x1a ./USB_DEVICE/App/usbd_desc.o
                0x20000160                USBD_StringSerial
 *(.RamFunc)
 *(.RamFunc*)
                0x2000017c                        . = ALIGN (0x4)
 *fill*         0x2000017a        0x2 
                0x2000017c                        _edata = .

.igot.plt       0x2000017c        0x0 load address 0x08007870
 .igot.plt      0x2000017c        0x0 D:/Programs/STM32CubeIDE_1.17.0/STM32CubeIDE/plugins/com.st.stm32cube.ide.mcu.externaltools.gnu-tools-for-stm32.12.3.rel1.win32_1.1.0.202410251130/tools/bin/../lib/gcc/arm-none-eabi/12.3.1/thumb/v7-m/nofp/crtbegin.o
                0x2000017c                        . = ALIGN (0x4)

.bss            0x2000017c     0x11e0 load address 0x08007870
                0x2000017c                        _sbss = .
                0x2000017c                        __bss_start__ = _sbss
 *(.bss)
 .bss           0x2000017c       0x1c D:/Programs/STM32CubeIDE_1.17.0/STM32CubeIDE/plugins/com.st.stm32cube.ide.mcu.externaltools.gnu-tools-for-stm32.12.3.rel1.win32_1.1.0.202410251130/tools/bin/../lib/gcc/arm-none-eabi/12.3.1/thumb/v7-m/nofp/crtbegin.o
 *(.bss*)
 .bss.uwTick    0x20000198        0x4 ./Drivers/STM32F1xx_HAL_Driver/Src/stm32f1xx_hal.o
                0x20000198                uwTick
 .bss.cfgidx.0  0x2000019c        0x1 ./Middlewares/ST/STM32_USB_Device_Library/Core/Src/usbd_ctlreq.o
 *fill*         0x2000019d        0x3 
 .bss.hUsbDeviceFS
                0x200001a0      0x2c4 ./USB_DEVICE/App/usb_device.o
                0x200001a0                hUsbDeviceFS
 .bss.UserRxBufferFS
                0x20000464      0x400 ./USB_DEVICE/App/usbd_cdc_if.o
                0x20000464                UserRxBufferFS
 .bss.UserTxBufferFS
                0x20000864      0x400 ./USB_DEVICE/App/usbd_cdc_if.o
                0x20000864                UserTxBufferFS
 .bss.USBD_StrDesc
                0x20000c64      0x200 ./USB_DEVICE/App/usbd_desc.o
                0x20000c64                USBD_StrDesc
 .bss.hpcd_USB_FS
                0x20000e64      0x2d8 ./USB_DEVICE/Target/usbd_conf.o
                0x20000e64                hpcd_USB_FS
 .bss.mem.0     0x2000113c      0x220 ./USB_DEVICE/Target/usbd_conf.o
 *(COMMON)
                0x2000135c                        . = ALIGN (0x4)
                0x2000135c                        _ebss = .
                0x2000135c                        __bss_end__ = _ebss

._user_heap_stack
                0x2000135c      0x604 load address 0x08007870
                0x20001360                        . = ALIGN (0x8)
 *fill*         0x2000135c        0x4 
                [!provide]                        PROVIDE (end = .)
                0x20001360                        PROVIDE (_end = .)
                0x20001560                        . = (. + _Min_Heap_Size)
 *fill*         0x20001360      0x200 
                0x20001960                        . = (. + _Min_Stack_Size)
 *fill*         0x20001560      0x400 
                0x20001960                        . = ALIGN (0x8)

/DISCARD/
 libc.a(*)
 libm.a(*)
 libgcc.a(*)

.ARM.attributes
                0x00000000       0x29
 *(.ARM.attributes)
 .ARM.attributes
                0x00000000       0x1d D:/Programs/STM32CubeIDE_1.17.0/STM32CubeIDE/plugins/com.st.stm32cube.ide.mcu.externaltools.gnu-tools-for-stm32.12.3.rel1.win32_1.1.0.202410251130/tools/bin/../lib/gcc/arm-none-eabi/12.3.1/thumb/v7-m/nofp/crti.o
 .ARM.attributes
                0x0000001d       0x2d D:/Programs/STM32CubeIDE_1.17.0/STM32CubeIDE/plugins/com.st.stm32cube.ide.mcu.externaltools.gnu-tools-for-stm32.12.3.rel1.win32_1.1.0.202410251130/tools/bin/../lib/gcc/arm-none-eabi/12.3.1/thumb/v7-m/nofp/crtbegin.o
 .ARM.attributes
                0x0000004a       0x2d ./Core/Src/main.o
 .ARM.attributes
                0x00000077       0x2d ./Core/Src/stm32f1xx_hal_msp.o
 .ARM.attributes
                0x000000a4       0x2d ./Core/Src/stm32f1xx_it.o
 .ARM.attributes
                0x000000d1       0x2d ./Core/Src/system_stm32f1xx.o
 .ARM.attributes
                0x000000fe       0x21 ./Core/Startup/startup_stm32f103c8tx.o
 .ARM.attributes
                0x0000011f       0x2d ./Drivers/STM32F1xx_HAL_Driver/Src/stm32f1xx_hal.o
 .ARM.attributes
                0x0000014c       0x2d ./Drivers/STM32F1xx_HAL_Driver/Src/stm32f1xx_hal_cortex.o
 .ARM.attributes
                0x00000179       0x2d ./Drivers/STM32F1xx_HAL_Driver/Src/stm32f1xx_hal_gpio.o
 .ARM.attributes
                0x000001a6       0x2d ./Drivers/STM32F1xx_HAL_Driver/Src/stm32f1xx_hal_pcd.o
 .ARM.attributes
                0x000001d3       0x2d ./Drivers/STM32F1xx_HAL_Driver/Src/stm32f1xx_hal_pcd_ex.o
 .ARM.attributes
                0x00000200       0x2d ./Drivers/STM32F1xx_HAL_Driver/Src/stm32f1xx_hal_rcc.o
 .ARM.attributes
                0x0000022d       0x2d ./Drivers/STM32F1xx_HAL_Driver/Src/stm32f1xx_hal_rcc_ex.o
 .ARM.attributes
                0x0000025a       0x2d ./Drivers/STM32F1xx_HAL_Driver/Src/stm32f1xx_ll_usb.o
 .ARM.attributes
                0x00000287       0x2d ./Middlewares/ST/STM32_USB_Device_Library/Class/CDC/Src/usbd_cdc.o
 .ARM.attributes
                0x000002b4       0x2d ./Middlewares/ST/STM32_USB_Device_Library/Core/Src/usbd_core.o
 .ARM.attributes
                0x000002e1       0x2d ./Middlewares/ST/STM32_USB_Device_Library/Core/Src/usbd_ctlreq.o
 .ARM.attributes
                0x0000030e       0x2d ./Middlewares/ST/STM32_USB_Device_Library/Core/Src/usbd_ioreq.o
 .ARM.attributes
                0x0000033b       0x2d ./USB_DEVICE/App/usb_device.o
 .ARM.attributes
                0x00000368       0x2d ./USB_DEVICE/App/usbd_cdc_if.o
 .ARM.attributes
                0x00000395       0x2d ./USB_DEVICE/App/usbd_desc.o
 .ARM.attributes
                0x000003c2       0x2d ./USB_DEVICE/Target/usbd_conf.o
 .ARM.attributes
                0x000003ef       0x2d D:/Programs/STM32CubeIDE_1.17.0/STM32CubeIDE/plugins/com.st.stm32cube.ide.mcu.externaltools.gnu-tools-for-stm32.12.3.rel1.win32_1.1.0.202410251130/tools/bin/../lib/gcc/arm-none-eabi/12.3.1/../../../../arm-none-eabi/lib/thumb/v7-m/nofp\libc_nano.a(libc_a-memset.o)
 .ARM.attributes
                0x0000041c       0x2d D:/Programs/STM32CubeIDE_1.17.0/STM32CubeIDE/plugins/com.st.stm32cube.ide.mcu.externaltools.gnu-tools-for-stm32.12.3.rel1.win32_1.1.0.202410251130/tools/bin/../lib/gcc/arm-none-eabi/12.3.1/../../../../arm-none-eabi/lib/thumb/v7-m/nofp\libc_nano.a(libc_a-init.o)
 .ARM.attributes
                0x00000449       0x1d D:/Programs/STM32CubeIDE_1.17.0/STM32CubeIDE/plugins/com.st.stm32cube.ide.mcu.externaltools.gnu-tools-for-stm32.12.3.rel1.win32_1.1.0.202410251130/tools/bin/../lib/gcc/arm-none-eabi/12.3.1/thumb/v7-m/nofp/crtn.o
OUTPUT(bullshit test with sketch mcu.elf elf32-littlearm)
LOAD linker stubs
LOAD D:/Programs/STM32CubeIDE_1.17.0/STM32CubeIDE/plugins/com.st.stm32cube.ide.mcu.externaltools.gnu-tools-for-stm32.12.3.rel1.win32_1.1.0.202410251130/tools/bin/../lib/gcc/arm-none-eabi/12.3.1/../../../../arm-none-eabi/lib/thumb/v7-m/nofp\libc.a
LOAD D:/Programs/STM32CubeIDE_1.17.0/STM32CubeIDE/plugins/com.st.stm32cube.ide.mcu.externaltools.gnu-tools-for-stm32.12.3.rel1.win32_1.1.0.202410251130/tools/bin/../lib/gcc/arm-none-eabi/12.3.1/../../../../arm-none-eabi/lib/thumb/v7-m/nofp\libm.a
LOAD D:/Programs/STM32CubeIDE_1.17.0/STM32CubeIDE/plugins/com.st.stm32cube.ide.mcu.externaltools.gnu-tools-for-stm32.12.3.rel1.win32_1.1.0.202410251130/tools/bin/../lib/gcc/arm-none-eabi/12.3.1/thumb/v7-m/nofp\libgcc.a

.debug_info     0x00000000     0xbd86
 .debug_info    0x00000000      0x5ee ./Core/Src/main.o
 .debug_info    0x000005ee      0x1f1 ./Core/Src/stm32f1xx_hal_msp.o
 .debug_info    0x000007df      0x612 ./Core/Src/stm32f1xx_it.o
 .debug_info    0x00000df1      0x222 ./Core/Src/system_stm32f1xx.o
 .debug_info    0x00001013       0x30 ./Core/Startup/startup_stm32f103c8tx.o
 .debug_info    0x00001043      0x704 ./Drivers/STM32F1xx_HAL_Driver/Src/stm32f1xx_hal.o
 .debug_info    0x00001747      0xa87 ./Drivers/STM32F1xx_HAL_Driver/Src/stm32f1xx_hal_cortex.o
 .debug_info    0x000021ce      0x5ab ./Drivers/STM32F1xx_HAL_Driver/Src/stm32f1xx_hal_gpio.o
 .debug_info    0x00002779     0x16dc ./Drivers/STM32F1xx_HAL_Driver/Src/stm32f1xx_hal_pcd.o
 .debug_info    0x00003e55      0x6c3 ./Drivers/STM32F1xx_HAL_Driver/Src/stm32f1xx_hal_pcd_ex.o
 .debug_info    0x00004518      0x7d5 ./Drivers/STM32F1xx_HAL_Driver/Src/stm32f1xx_hal_rcc.o
 .debug_info    0x00004ced      0x3c0 ./Drivers/STM32F1xx_HAL_Driver/Src/stm32f1xx_hal_rcc_ex.o
 .debug_info    0x000050ad     0x17ae ./Drivers/STM32F1xx_HAL_Driver/Src/stm32f1xx_ll_usb.o
 .debug_info    0x0000685b     0x1043 ./Middlewares/ST/STM32_USB_Device_Library/Class/CDC/Src/usbd_cdc.o
 .debug_info    0x0000789e      0xa52 ./Middlewares/ST/STM32_USB_Device_Library/Core/Src/usbd_core.o
 .debug_info    0x000082f0      0x91c ./Middlewares/ST/STM32_USB_Device_Library/Core/Src/usbd_ctlreq.o
 .debug_info    0x00008c0c      0x6a0 ./Middlewares/ST/STM32_USB_Device_Library/Core/Src/usbd_ioreq.o
 .debug_info    0x000092ac      0x63d ./USB_DEVICE/App/usb_device.o
 .debug_info    0x000098e9      0x7ec ./USB_DEVICE/App/usbd_cdc_if.o
 .debug_info    0x0000a0d5      0x44a ./USB_DEVICE/App/usbd_desc.o
 .debug_info    0x0000a51f     0x1867 ./USB_DEVICE/Target/usbd_conf.o

.debug_abbrev   0x00000000     0x2968
 .debug_abbrev  0x00000000      0x244 ./Core/Src/main.o
 .debug_abbrev  0x00000244       0xdb ./Core/Src/stm32f1xx_hal_msp.o
 .debug_abbrev  0x0000031f      0x192 ./Core/Src/stm32f1xx_it.o
 .debug_abbrev  0x000004b1      0x13f ./Core/Src/system_stm32f1xx.o
 .debug_abbrev  0x000005f0       0x24 ./Core/Startup/startup_stm32f103c8tx.o
 .debug_abbrev  0x00000614      0x201 ./Drivers/STM32F1xx_HAL_Driver/Src/stm32f1xx_hal.o
 .debug_abbrev  0x00000815      0x2f8 ./Drivers/STM32F1xx_HAL_Driver/Src/stm32f1xx_hal_cortex.o
 .debug_abbrev  0x00000b0d      0x1ca ./Drivers/STM32F1xx_HAL_Driver/Src/stm32f1xx_hal_gpio.o
 .debug_abbrev  0x00000cd7      0x2d6 ./Drivers/STM32F1xx_HAL_Driver/Src/stm32f1xx_hal_pcd.o
 .debug_abbrev  0x00000fad      0x189 ./Drivers/STM32F1xx_HAL_Driver/Src/stm32f1xx_hal_pcd_ex.o
 .debug_abbrev  0x00001136      0x2b3 ./Drivers/STM32F1xx_HAL_Driver/Src/stm32f1xx_hal_rcc.o
 .debug_abbrev  0x000013e9      0x188 ./Drivers/STM32F1xx_HAL_Driver/Src/stm32f1xx_hal_rcc_ex.o
 .debug_abbrev  0x00001571      0x1de ./Drivers/STM32F1xx_HAL_Driver/Src/stm32f1xx_ll_usb.o
 .debug_abbrev  0x0000174f      0x2d3 ./Middlewares/ST/STM32_USB_Device_Library/Class/CDC/Src/usbd_cdc.o
 .debug_abbrev  0x00001a22      0x24a ./Middlewares/ST/STM32_USB_Device_Library/Core/Src/usbd_core.o
 .debug_abbrev  0x00001c6c      0x26b ./Middlewares/ST/STM32_USB_Device_Library/Core/Src/usbd_ctlreq.o
 .debug_abbrev  0x00001ed7      0x192 ./Middlewares/ST/STM32_USB_Device_Library/Core/Src/usbd_ioreq.o
 .debug_abbrev  0x00002069      0x18d ./USB_DEVICE/App/usb_device.o
 .debug_abbrev  0x000021f6      0x25d ./USB_DEVICE/App/usbd_cdc_if.o
 .debug_abbrev  0x00002453      0x1ff ./USB_DEVICE/App/usbd_desc.o
 .debug_abbrev  0x00002652      0x316 ./USB_DEVICE/Target/usbd_conf.o

.debug_aranges  0x00000000      0xa78
 .debug_aranges
                0x00000000       0x38 ./Core/Src/main.o
 .debug_aranges
                0x00000038       0x20 ./Core/Src/stm32f1xx_hal_msp.o
 .debug_aranges
                0x00000058       0x70 ./Core/Src/stm32f1xx_it.o
 .debug_aranges
                0x000000c8       0x28 ./Core/Src/system_stm32f1xx.o
 .debug_aranges
                0x000000f0       0x28 ./Core/Startup/startup_stm32f103c8tx.o
 .debug_aranges
                0x00000118       0xe0 ./Drivers/STM32F1xx_HAL_Driver/Src/stm32f1xx_hal.o
 .debug_aranges
                0x000001f8      0x100 ./Drivers/STM32F1xx_HAL_Driver/Src/stm32f1xx_hal_cortex.o
 .debug_aranges
                0x000002f8       0x58 ./Drivers/STM32F1xx_HAL_Driver/Src/stm32f1xx_hal_gpio.o
 .debug_aranges
                0x00000350      0x140 ./Drivers/STM32F1xx_HAL_Driver/Src/stm32f1xx_hal_pcd.o
 .debug_aranges
                0x00000490       0x38 ./Drivers/STM32F1xx_HAL_Driver/Src/stm32f1xx_hal_pcd_ex.o
 .debug_aranges
                0x000004c8       0x90 ./Drivers/STM32F1xx_HAL_Driver/Src/stm32f1xx_hal_rcc.o
 .debug_aranges
                0x00000558       0x30 ./Drivers/STM32F1xx_HAL_Driver/Src/stm32f1xx_hal_rcc_ex.o
 .debug_aranges
                0x00000588       0xf8 ./Drivers/STM32F1xx_HAL_Driver/Src/stm32f1xx_ll_usb.o
 .debug_aranges
                0x00000680       0x90 ./Middlewares/ST/STM32_USB_Device_Library/Class/CDC/Src/usbd_cdc.o
 .debug_aranges
                0x00000710       0xb8 ./Middlewares/ST/STM32_USB_Device_Library/Core/Src/usbd_core.o
 .debug_aranges
                0x000007c8       0x88 ./Middlewares/ST/STM32_USB_Device_Library/Core/Src/usbd_ctlreq.o
 .debug_aranges
                0x00000850       0x50 ./Middlewares/ST/STM32_USB_Device_Library/Core/Src/usbd_ioreq.o
 .debug_aranges
                0x000008a0       0x20 ./USB_DEVICE/App/usb_device.o
 .debug_aranges
                0x000008c0       0x40 ./USB_DEVICE/App/usbd_cdc_if.o
 .debug_aranges
                0x00000900       0x60 ./USB_DEVICE/App/usbd_desc.o
 .debug_aranges
                0x00000960      0x118 ./USB_DEVICE/Target/usbd_conf.o

.debug_rnglists
                0x00000000      0x79f
 .debug_rnglists
                0x00000000       0x27 ./Core/Src/main.o
 .debug_rnglists
                0x00000027       0x13 ./Core/Src/stm32f1xx_hal_msp.o
 .debug_rnglists
                0x0000003a       0x4f ./Core/Src/stm32f1xx_it.o
 .debug_rnglists
                0x00000089       0x1a ./Core/Src/system_stm32f1xx.o
 .debug_rnglists
                0x000000a3       0x19 ./Core/Startup/startup_stm32f103c8tx.o
 .debug_rnglists
                0x000000bc       0xa3 ./Drivers/STM32F1xx_HAL_Driver/Src/stm32f1xx_hal.o
 .debug_rnglists
                0x0000015f       0xbb ./Drivers/STM32F1xx_HAL_Driver/Src/stm32f1xx_hal_cortex.o
 .debug_rnglists
                0x0000021a       0x3f ./Drivers/STM32F1xx_HAL_Driver/Src/stm32f1xx_hal_gpio.o
 .debug_rnglists
                0x00000259       0xf4 ./Drivers/STM32F1xx_HAL_Driver/Src/stm32f1xx_hal_pcd.o
 .debug_rnglists
                0x0000034d       0x26 ./Drivers/STM32F1xx_HAL_Driver/Src/stm32f1xx_hal_pcd_ex.o
 .debug_rnglists
                0x00000373       0x6c ./Drivers/STM32F1xx_HAL_Driver/Src/stm32f1xx_hal_rcc.o
 .debug_rnglists
                0x000003df       0x21 ./Drivers/STM32F1xx_HAL_Driver/Src/stm32f1xx_hal_rcc_ex.o
 .debug_rnglists
                0x00000400       0xbd ./Drivers/STM32F1xx_HAL_Driver/Src/stm32f1xx_ll_usb.o
 .debug_rnglists
                0x000004bd       0x6a ./Middlewares/ST/STM32_USB_Device_Library/Class/CDC/Src/usbd_cdc.o
 .debug_rnglists
                0x00000527       0x89 ./Middlewares/ST/STM32_USB_Device_Library/Core/Src/usbd_core.o
 .debug_rnglists
                0x000005b0       0x68 ./Middlewares/ST/STM32_USB_Device_Library/Core/Src/usbd_ctlreq.o
 .debug_rnglists
                0x00000618       0x37 ./Middlewares/ST/STM32_USB_Device_Library/Core/Src/usbd_ioreq.o
 .debug_rnglists
                0x0000064f       0x13 ./USB_DEVICE/App/usb_device.o
 .debug_rnglists
                0x00000662       0x2c ./USB_DEVICE/App/usbd_cdc_if.o
 .debug_rnglists
                0x0000068e       0x43 ./USB_DEVICE/App/usbd_desc.o
 .debug_rnglists
                0x000006d1       0xce ./USB_DEVICE/Target/usbd_conf.o

.debug_macro    0x00000000    0x1908c
 .debug_macro   0x00000000      0x360 ./Core/Src/main.o
 .debug_macro   0x00000360      0xaa8 ./Core/Src/main.o
 .debug_macro   0x00000e08      0x215 ./Core/Src/main.o
 .debug_macro   0x0000101d       0x2e ./Core/Src/main.o
 .debug_macro   0x0000104b       0x22 ./Core/Src/main.o
 .debug_macro   0x0000106d       0x22 ./Core/Src/main.o
 .debug_macro   0x0000108f       0x8e ./Core/Src/main.o
 .debug_macro   0x0000111d       0x51 ./Core/Src/main.o
 .debug_macro   0x0000116e      0x103 ./Core/Src/main.o
 .debug_macro   0x00001271       0x6a ./Core/Src/main.o
 .debug_macro   0x000012db      0x1df ./Core/Src/main.o
 .debug_macro   0x000014ba       0x1c ./Core/Src/main.o
 .debug_macro   0x000014d6       0x22 ./Core/Src/main.o
 .debug_macro   0x000014f8       0xbd ./Core/Src/main.o
 .debug_macro   0x000015b5      0xd23 ./Core/Src/main.o
 .debug_macro   0x000022d8     0xe09e ./Core/Src/main.o
 .debug_macro   0x00010376       0x6d ./Core/Src/main.o
 .debug_macro   0x000103e3     0x34a2 ./Core/Src/main.o
 .debug_macro   0x00013885      0x189 ./Core/Src/main.o
 .debug_macro   0x00013a0e       0x5c ./Core/Src/main.o
 .debug_macro   0x00013a6a      0x5bc ./Core/Src/main.o
 .debug_macro   0x00014026      0x289 ./Core/Src/main.o
 .debug_macro   0x000142af      0x1cb ./Core/Src/main.o
 .debug_macro   0x0001447a      0x114 ./Core/Src/main.o
 .debug_macro   0x0001458e      0x1b2 ./Core/Src/main.o
 .debug_macro   0x00014740       0x27 ./Core/Src/main.o
 .debug_macro   0x00014767      0x136 ./Core/Src/main.o
 .debug_macro   0x0001489d      0x1bc ./Core/Src/main.o
 .debug_macro   0x00014a59       0x34 ./Core/Src/main.o
 .debug_macro   0x00014a8d       0x3c ./Core/Src/main.o
 .debug_macro   0x00014ac9       0x57 ./Core/Src/main.o
 .debug_macro   0x00014b20       0x87 ./Core/Src/main.o
 .debug_macro   0x00014ba7      0x240 ./Core/Src/main.o
 .debug_macro   0x00014de7      0x140 ./Core/Src/main.o
 .debug_macro   0x00014f27       0xb7 ./Core/Src/main.o
 .debug_macro   0x00014fde      0x242 ./Core/Src/main.o
 .debug_macro   0x00015220       0x83 ./Core/Src/main.o
 .debug_macro   0x000152a3       0x61 ./Core/Src/main.o
 .debug_macro   0x00015304       0x24 ./Core/Src/main.o
 .debug_macro   0x00015328       0x43 ./Core/Src/main.o
 .debug_macro   0x0001536b       0x34 ./Core/Src/main.o
 .debug_macro   0x0001539f       0x16 ./Core/Src/main.o
 .debug_macro   0x000153b5       0x35 ./Core/Src/main.o
 .debug_macro   0x000153ea      0x369 ./Core/Src/main.o
 .debug_macro   0x00015753       0x10 ./Core/Src/main.o
 .debug_macro   0x00015763       0x16 ./Core/Src/main.o
 .debug_macro   0x00015779       0x43 ./Core/Src/main.o
 .debug_macro   0x000157bc       0x34 ./Core/Src/main.o
 .debug_macro   0x000157f0       0x10 ./Core/Src/main.o
 .debug_macro   0x00015800       0x58 ./Core/Src/main.o
 .debug_macro   0x00015858       0x8e ./Core/Src/main.o
 .debug_macro   0x000158e6       0x1c ./Core/Src/main.o
 .debug_macro   0x00015902      0x177 ./Core/Src/main.o
 .debug_macro   0x00015a79       0x16 ./Core/Src/main.o
 .debug_macro   0x00015a8f       0x16 ./Core/Src/main.o
 .debug_macro   0x00015aa5      0x146 ./Core/Src/main.o
 .debug_macro   0x00015beb       0x16 ./Core/Src/main.o
 .debug_macro   0x00015c01       0x16 ./Core/Src/main.o
 .debug_macro   0x00015c17       0x29 ./Core/Src/main.o
 .debug_macro   0x00015c40       0x16 ./Core/Src/main.o
 .debug_macro   0x00015c56       0x20 ./Core/Src/main.o
 .debug_macro   0x00015c76       0x5f ./Core/Src/main.o
 .debug_macro   0x00015cd5      0x1c8 ./Core/Src/main.o
 .debug_macro   0x00015e9d       0x8f ./Core/Src/main.o
 .debug_macro   0x00015f2c       0x10 ./Core/Src/main.o
 .debug_macro   0x00015f3c      0x1b2 ./Core/Src/stm32f1xx_hal_msp.o
 .debug_macro   0x000160ee      0x1bc ./Core/Src/stm32f1xx_it.o
 .debug_macro   0x000162aa      0x1a8 ./Core/Src/system_stm32f1xx.o
 .debug_macro   0x00016452      0x1cc ./Drivers/STM32F1xx_HAL_Driver/Src/stm32f1xx_hal.o
 .debug_macro   0x0001661e      0x1a8 ./Drivers/STM32F1xx_HAL_Driver/Src/stm32f1xx_hal_cortex.o
 .debug_macro   0x000167c6      0x213 ./Drivers/STM32F1xx_HAL_Driver/Src/stm32f1xx_hal_gpio.o
 .debug_macro   0x000169d9      0x1b4 ./Drivers/STM32F1xx_HAL_Driver/Src/stm32f1xx_hal_pcd.o
 .debug_macro   0x00016b8d      0x1a8 ./Drivers/STM32F1xx_HAL_Driver/Src/stm32f1xx_hal_pcd_ex.o
 .debug_macro   0x00016d35      0x1ba ./Drivers/STM32F1xx_HAL_Driver/Src/stm32f1xx_hal_rcc.o
 .debug_macro   0x00016eef      0x1a8 ./Drivers/STM32F1xx_HAL_Driver/Src/stm32f1xx_hal_rcc_ex.o
 .debug_macro   0x00017097      0x1a8 ./Drivers/STM32F1xx_HAL_Driver/Src/stm32f1xx_ll_usb.o
 .debug_macro   0x0001723f      0x341 ./Middlewares/ST/STM32_USB_Device_Library/Class/CDC/Src/usbd_cdc.o
 .debug_macro   0x00017580       0x9e ./Middlewares/ST/STM32_USB_Device_Library/Class/CDC/Src/usbd_cdc.o
 .debug_macro   0x0001761e      0x10b ./Middlewares/ST/STM32_USB_Device_Library/Class/CDC/Src/usbd_cdc.o
 .debug_macro   0x00017729       0x56 ./Middlewares/ST/STM32_USB_Device_Library/Class/CDC/Src/usbd_cdc.o
 .debug_macro   0x0001777f      0x328 ./Middlewares/ST/STM32_USB_Device_Library/Core/Src/usbd_core.o
 .debug_macro   0x00017aa7      0x1ce ./Middlewares/ST/STM32_USB_Device_Library/Core/Src/usbd_core.o
 .debug_macro   0x00017c75      0x332 ./Middlewares/ST/STM32_USB_Device_Library/Core/Src/usbd_ctlreq.o
 .debug_macro   0x00017fa7      0x32e ./Middlewares/ST/STM32_USB_Device_Library/Core/Src/usbd_ioreq.o
 .debug_macro   0x000182d5      0x367 ./USB_DEVICE/App/usb_device.o
 .debug_macro   0x0001863c       0x22 ./USB_DEVICE/App/usb_device.o
 .debug_macro   0x0001865e       0x16 ./USB_DEVICE/App/usb_device.o
 .debug_macro   0x00018674      0x34c ./USB_DEVICE/App/usbd_cdc_if.o
 .debug_macro   0x000189c0      0x365 ./USB_DEVICE/App/usbd_desc.o
 .debug_macro   0x00018d25       0x1c ./USB_DEVICE/App/usbd_desc.o
 .debug_macro   0x00018d41      0x34b ./USB_DEVICE/Target/usbd_conf.o

.debug_line     0x00000000     0xe5d3
 .debug_line    0x00000000      0xa98 ./Core/Src/main.o
 .debug_line    0x00000a98      0x713 ./Core/Src/stm32f1xx_hal_msp.o
 .debug_line    0x000011ab      0x805 ./Core/Src/stm32f1xx_it.o
 .debug_line    0x000019b0      0x791 ./Core/Src/system_stm32f1xx.o
 .debug_line    0x00002141       0x78 ./Core/Startup/startup_stm32f103c8tx.o
 .debug_line    0x000021b9      0x9be ./Drivers/STM32F1xx_HAL_Driver/Src/stm32f1xx_hal.o
 .debug_line    0x00002b77      0xbaa ./Drivers/STM32F1xx_HAL_Driver/Src/stm32f1xx_hal_cortex.o
 .debug_line    0x00003721      0xa57 ./Drivers/STM32F1xx_HAL_Driver/Src/stm32f1xx_hal_gpio.o
 .debug_line    0x00004178     0x1413 ./Drivers/STM32F1xx_HAL_Driver/Src/stm32f1xx_hal_pcd.o
 .debug_line    0x0000558b      0x78c ./Drivers/STM32F1xx_HAL_Driver/Src/stm32f1xx_hal_pcd_ex.o
 .debug_line    0x00005d17      0xdc7 ./Drivers/STM32F1xx_HAL_Driver/Src/stm32f1xx_hal_rcc.o
 .debug_line    0x00006ade      0x908 ./Drivers/STM32F1xx_HAL_Driver/Src/stm32f1xx_hal_rcc_ex.o
 .debug_line    0x000073e6     0x108f ./Drivers/STM32F1xx_HAL_Driver/Src/stm32f1xx_ll_usb.o
 .debug_line    0x00008475      0xd1a ./Middlewares/ST/STM32_USB_Device_Library/Class/CDC/Src/usbd_cdc.o
 .debug_line    0x0000918f      0xd96 ./Middlewares/ST/STM32_USB_Device_Library/Core/Src/usbd_core.o
 .debug_line    0x00009f25      0xfd6 ./Middlewares/ST/STM32_USB_Device_Library/Core/Src/usbd_ctlreq.o
 .debug_line    0x0000aefb      0xa2c ./Middlewares/ST/STM32_USB_Device_Library/Core/Src/usbd_ioreq.o
 .debug_line    0x0000b927      0x9ec ./USB_DEVICE/App/usb_device.o
 .debug_line    0x0000c313      0xa34 ./USB_DEVICE/App/usbd_cdc_if.o
 .debug_line    0x0000cd47      0xab5 ./USB_DEVICE/App/usbd_desc.o
 .debug_line    0x0000d7fc      0xdd7 ./USB_DEVICE/Target/usbd_conf.o

.debug_str      0x00000000    0x8460c
 .debug_str     0x00000000    0x81c01 ./Core/Src/main.o
                              0x81fb3 (size before relaxing)
 .debug_str     0x00081c01       0x5a ./Core/Src/stm32f1xx_hal_msp.o
                              0x7d76e (size before relaxing)
 .debug_str     0x00081c5b      0x413 ./Core/Src/stm32f1xx_it.o
                              0x7db67 (size before relaxing)
 .debug_str     0x0008206e       0x7e ./Core/Src/system_stm32f1xx.o
                              0x7d799 (size before relaxing)
 .debug_str     0x000820ec       0x44 ./Core/Startup/startup_stm32f103c8tx.o
                                 0xab (size before relaxing)
 .debug_str     0x00082130      0x607 ./Drivers/STM32F1xx_HAL_Driver/Src/stm32f1xx_hal.o
                              0x7decc (size before relaxing)
 .debug_str     0x00082737      0x293 ./Drivers/STM32F1xx_HAL_Driver/Src/stm32f1xx_hal_cortex.o
                              0x7de18 (size before relaxing)
 .debug_str     0x000829ca      0x2e3 ./Drivers/STM32F1xx_HAL_Driver/Src/stm32f1xx_hal_gpio.o
                              0x7db1f (size before relaxing)
 .debug_str     0x00082cad      0x5bd ./Drivers/STM32F1xx_HAL_Driver/Src/stm32f1xx_hal_pcd.o
                              0x7e0b6 (size before relaxing)
 .debug_str     0x0008326a      0x170 ./Drivers/STM32F1xx_HAL_Driver/Src/stm32f1xx_hal_pcd_ex.o
                              0x7dc18 (size before relaxing)
 .debug_str     0x000833da      0x229 ./Drivers/STM32F1xx_HAL_Driver/Src/stm32f1xx_hal_rcc.o
                              0x7dbc8 (size before relaxing)
 .debug_str     0x00083603       0x9f ./Drivers/STM32F1xx_HAL_Driver/Src/stm32f1xx_hal_rcc_ex.o
                              0x7d918 (size before relaxing)
 .debug_str     0x000836a2      0x129 ./Drivers/STM32F1xx_HAL_Driver/Src/stm32f1xx_ll_usb.o
                              0x7dc6a (size before relaxing)
 .debug_str     0x000837cb      0x645 ./Middlewares/ST/STM32_USB_Device_Library/Class/CDC/Src/usbd_cdc.o
                              0x82662 (size before relaxing)
 .debug_str     0x00083e10      0x281 ./Middlewares/ST/STM32_USB_Device_Library/Core/Src/usbd_core.o
                              0x81f92 (size before relaxing)
 .debug_str     0x00084091      0x120 ./Middlewares/ST/STM32_USB_Device_Library/Core/Src/usbd_ctlreq.o
                              0x81eac (size before relaxing)
 .debug_str     0x000841b1       0x51 ./Middlewares/ST/STM32_USB_Device_Library/Core/Src/usbd_ioreq.o
                              0x81dd9 (size before relaxing)
 .debug_str     0x00084202       0xc6 ./USB_DEVICE/App/usb_device.o
                              0x82164 (size before relaxing)
 .debug_str     0x000842c8       0x7d ./USB_DEVICE/App/usbd_cdc_if.o
                              0x8218a (size before relaxing)
 .debug_str     0x00084345      0x24f ./USB_DEVICE/App/usbd_desc.o
                              0x81d0c (size before relaxing)
 .debug_str     0x00084594       0x78 ./USB_DEVICE/Target/usbd_conf.o
                              0x82bef (size before relaxing)

.comment        0x00000000       0x43
 .comment       0x00000000       0x43 ./Core/Src/main.o
                                 0x44 (size before relaxing)
 .comment       0x00000043       0x44 ./Core/Src/stm32f1xx_hal_msp.o
 .comment       0x00000043       0x44 ./Core/Src/stm32f1xx_it.o
 .comment       0x00000043       0x44 ./Core/Src/system_stm32f1xx.o
 .comment       0x00000043       0x44 ./Drivers/STM32F1xx_HAL_Driver/Src/stm32f1xx_hal.o
 .comment       0x00000043       0x44 ./Drivers/STM32F1xx_HAL_Driver/Src/stm32f1xx_hal_cortex.o
 .comment       0x00000043       0x44 ./Drivers/STM32F1xx_HAL_Driver/Src/stm32f1xx_hal_gpio.o
 .comment       0x00000043       0x44 ./Drivers/STM32F1xx_HAL_Driver/Src/stm32f1xx_hal_pcd.o
 .comment       0x00000043       0x44 ./Drivers/STM32F1xx_HAL_Driver/Src/stm32f1xx_hal_pcd_ex.o
 .comment       0x00000043       0x44 ./Drivers/STM32F1xx_HAL_Driver/Src/stm32f1xx_hal_rcc.o
 .comment       0x00000043       0x44 ./Drivers/STM32F1xx_HAL_Driver/Src/stm32f1xx_hal_rcc_ex.o
 .comment       0x00000043       0x44 ./Drivers/STM32F1xx_HAL_Driver/Src/stm32f1xx_ll_usb.o
 .comment       0x00000043       0x44 ./Middlewares/ST/STM32_USB_Device_Library/Class/CDC/Src/usbd_cdc.o
 .comment       0x00000043       0x44 ./Middlewares/ST/STM32_USB_Device_Library/Core/Src/usbd_core.o
 .comment       0x00000043       0x44 ./Middlewares/ST/STM32_USB_Device_Library/Core/Src/usbd_ctlreq.o
 .comment       0x00000043       0x44 ./Middlewares/ST/STM32_USB_Device_Library/Core/Src/usbd_ioreq.o
 .comment       0x00000043       0x44 ./USB_DEVICE/App/usb_device.o
 .comment       0x00000043       0x44 ./USB_DEVICE/App/usbd_cdc_if.o
 .comment       0x00000043       0x44 ./USB_DEVICE/App/usbd_desc.o
 .comment       0x00000043       0x44 ./USB_DEVICE/Target/usbd_conf.o

.debug_frame    0x00000000     0x27f8
 .debug_frame   0x00000000       0x94 ./Core/Src/main.o
 .debug_frame   0x00000094       0x38 ./Core/Src/stm32f1xx_hal_msp.o
 .debug_frame   0x000000cc      0x13c ./Core/Src/stm32f1xx_it.o
 .debug_frame   0x00000208       0x58 ./Core/Src/system_stm32f1xx.o
 .debug_frame   0x00000260      0x334 ./Drivers/STM32F1xx_HAL_Driver/Src/stm32f1xx_hal.o
 .debug_frame   0x00000594      0x428 ./Drivers/STM32F1xx_HAL_Driver/Src/stm32f1xx_hal_cortex.o
 .debug_frame   0x000009bc      0x14c ./Drivers/STM32F1xx_HAL_Driver/Src/stm32f1xx_hal_gpio.o
 .debug_frame   0x00000b08      0x594 ./Drivers/STM32F1xx_HAL_Driver/Src/stm32f1xx_hal_pcd.o
 .debug_frame   0x0000109c       0xb0 ./Drivers/STM32F1xx_HAL_Driver/Src/stm32f1xx_hal_pcd_ex.o
 .debug_frame   0x0000114c      0x218 ./Drivers/STM32F1xx_HAL_Driver/Src/stm32f1xx_hal_rcc.o
 .debug_frame   0x00001364       0x80 ./Drivers/STM32F1xx_HAL_Driver/Src/stm32f1xx_hal_rcc_ex.o
 .debug_frame   0x000013e4      0x470 ./Drivers/STM32F1xx_HAL_Driver/Src/stm32f1xx_ll_usb.o
 .debug_frame   0x00001854      0x248 ./Middlewares/ST/STM32_USB_Device_Library/Class/CDC/Src/usbd_cdc.o
 .debug_frame   0x00001a9c      0x300 ./Middlewares/ST/STM32_USB_Device_Library/Core/Src/usbd_core.o
 .debug_frame   0x00001d9c      0x218 ./Middlewares/ST/STM32_USB_Device_Library/Core/Src/usbd_ctlreq.o
 .debug_frame   0x00001fb4      0x10c ./Middlewares/ST/STM32_USB_Device_Library/Core/Src/usbd_ioreq.o
 .debug_frame   0x000020c0       0x2c ./USB_DEVICE/App/usb_device.o
 .debug_frame   0x000020ec       0xbc ./USB_DEVICE/App/usbd_cdc_if.o
 .debug_frame   0x000021a8      0x160 ./USB_DEVICE/App/usbd_desc.o
 .debug_frame   0x00002308      0x4a4 ./USB_DEVICE/Target/usbd_conf.o
 .debug_frame   0x000027ac       0x20 D:/Programs/STM32CubeIDE_1.17.0/STM32CubeIDE/plugins/com.st.stm32cube.ide.mcu.externaltools.gnu-tools-for-stm32.12.3.rel1.win32_1.1.0.202410251130/tools/bin/../lib/gcc/arm-none-eabi/12.3.1/../../../../arm-none-eabi/lib/thumb/v7-m/nofp\libc_nano.a(libc_a-memset.o)
 .debug_frame   0x000027cc       0x2c D:/Programs/STM32CubeIDE_1.17.0/STM32CubeIDE/plugins/com.st.stm32cube.ide.mcu.externaltools.gnu-tools-for-stm32.12.3.rel1.win32_1.1.0.202410251130/tools/bin/../lib/gcc/arm-none-eabi/12.3.1/../../../../arm-none-eabi/lib/thumb/v7-m/nofp\libc_nano.a(libc_a-init.o)

.debug_line_str
                0x00000000       0x8f
 .debug_line_str
                0x00000000       0x8f ./Core/Startup/startup_stm32f103c8tx.o
